Component: ARM Compiler 5.06 update 6 (build 750) Tool: armlink [4d35ed]

==============================================================================

Section Cross References

    startup_stm32f429xx.o(RESET) refers to startup_stm32f429xx.o(STACK) for __initial_sp
    startup_stm32f429xx.o(RESET) refers to startup_stm32f429xx.o(.text) for Reset_Handler
    startup_stm32f429xx.o(RESET) refers to stm32f4xx_it.o(i.NMI_Handler) for NMI_Handler
    startup_stm32f429xx.o(RESET) refers to stm32f4xx_it.o(i.HardFault_Handler) for HardFault_Handler
    startup_stm32f429xx.o(RESET) refers to stm32f4xx_it.o(i.MemManage_Handler) for MemManage_Handler
    startup_stm32f429xx.o(RESET) refers to stm32f4xx_it.o(i.BusFault_Handler) for BusFault_Handler
    startup_stm32f429xx.o(RESET) refers to stm32f4xx_it.o(i.UsageFault_Handler) for UsageFault_Handler
    startup_stm32f429xx.o(RESET) refers to stm32f4xx_it.o(i.SVC_Handler) for SVC_Handler
    startup_stm32f429xx.o(RESET) refers to stm32f4xx_it.o(i.DebugMon_Handler) for DebugMon_Handler
    startup_stm32f429xx.o(RESET) refers to stm32f4xx_it.o(i.PendSV_Handler) for PendSV_Handler
    startup_stm32f429xx.o(RESET) refers to stm32f4xx_it.o(i.SysTick_Handler) for SysTick_Handler
    startup_stm32f429xx.o(RESET) refers to stm32f4xx_it.o(i.EXTI0_IRQHandler) for EXTI0_IRQHandler
    startup_stm32f429xx.o(RESET) refers to stm32f4xx_it.o(i.TIM3_IRQHandler) for TIM3_IRQHandler
    startup_stm32f429xx.o(RESET) refers to stm32f4xx_it.o(i.OTG_HS_IRQHandler) for OTG_HS_IRQHandler
    startup_stm32f429xx.o(.text) refers to system_stm32f4xx.o(i.SystemInit) for SystemInit
    startup_stm32f429xx.o(.text) refers to entry.o(.ARM.Collect$$$$00000000) for __main
    main.o(i.HAL_GPIO_EXTI_Callback) refers to stm32f4xx_hal_gpio.o(i.HAL_GPIO_ReadPin) for HAL_GPIO_ReadPin
    main.o(i.HAL_GPIO_EXTI_Callback) refers to main.o(.data) for .data
    main.o(i.HAL_TIM_PeriodElapsedCallback) refers to stm32f4xx_hal_gpio.o(i.HAL_GPIO_TogglePin) for HAL_GPIO_TogglePin
    main.o(i.HAL_TIM_PeriodElapsedCallback) refers to main.o(.data) for .data
    main.o(i.HAL_TIM_PeriodElapsedCallback) refers to main.o(.bss) for .bss
    main.o(i.MX_GPIO_Init) refers to memseta.o(.text) for __aeabi_memclr4
    main.o(i.MX_GPIO_Init) refers to stm32f4xx_hal_gpio.o(i.HAL_GPIO_WritePin) for HAL_GPIO_WritePin
    main.o(i.MX_GPIO_Init) refers to stm32f4xx_hal_gpio.o(i.HAL_GPIO_Init) for HAL_GPIO_Init
    main.o(i.MX_GPIO_Init) refers to stm32f4xx_hal_cortex.o(i.HAL_NVIC_SetPriority) for HAL_NVIC_SetPriority
    main.o(i.MX_GPIO_Init) refers to stm32f4xx_hal_cortex.o(i.HAL_NVIC_EnableIRQ) for HAL_NVIC_EnableIRQ
    main.o(i.MX_TIM3_Init) refers to stm32f4xx_hal_tim.o(i.HAL_TIM_Base_Init) for HAL_TIM_Base_Init
    main.o(i.MX_TIM3_Init) refers to stm32f4xx_hal_tim.o(i.HAL_TIM_ConfigClockSource) for HAL_TIM_ConfigClockSource
    main.o(i.MX_TIM3_Init) refers to stm32f4xx_hal_tim_ex.o(i.HAL_TIMEx_MasterConfigSynchronization) for HAL_TIMEx_MasterConfigSynchronization
    main.o(i.MX_TIM3_Init) refers to main.o(.bss) for .bss
    main.o(i.MX_TIM4_Init) refers to memseta.o(.text) for __aeabi_memclr4
    main.o(i.MX_TIM4_Init) refers to stm32f4xx_hal_tim.o(i.HAL_TIM_PWM_Init) for HAL_TIM_PWM_Init
    main.o(i.MX_TIM4_Init) refers to stm32f4xx_hal_tim_ex.o(i.HAL_TIMEx_MasterConfigSynchronization) for HAL_TIMEx_MasterConfigSynchronization
    main.o(i.MX_TIM4_Init) refers to stm32f4xx_hal_tim.o(i.HAL_TIM_PWM_ConfigChannel) for HAL_TIM_PWM_ConfigChannel
    main.o(i.MX_TIM4_Init) refers to stm32f4xx_hal_msp.o(i.HAL_TIM_MspPostInit) for HAL_TIM_MspPostInit
    main.o(i.MX_TIM4_Init) refers to main.o(.bss) for .bss
    main.o(i.SystemClock_Config) refers to memseta.o(.text) for __aeabi_memclr4
    main.o(i.SystemClock_Config) refers to stm32f4xx_hal_rcc.o(i.HAL_RCC_OscConfig) for HAL_RCC_OscConfig
    main.o(i.SystemClock_Config) refers to stm32f4xx_hal_rcc.o(i.HAL_RCC_ClockConfig) for HAL_RCC_ClockConfig
    main.o(i.Usb_Write_float) refers to ff.o(i.f_open) for f_open
    main.o(i.Usb_Write_float) refers to f2d.o(.text) for __aeabi_f2d
    main.o(i.Usb_Write_float) refers to printfa.o(i.__0sprintf) for __2sprintf
    main.o(i.Usb_Write_float) refers to printfa.o(i.__0snprintf) for __2snprintf
    main.o(i.Usb_Write_float) refers to strcat.o(.text) for strcat
    main.o(i.Usb_Write_float) refers to stm32f4xx_hal.o(i.HAL_Delay) for HAL_Delay
    main.o(i.Usb_Write_float) refers to strlen.o(.text) for strlen
    main.o(i.Usb_Write_float) refers to ff.o(i.f_write) for f_write
    main.o(i.Usb_Write_float) refers to ff.o(i.f_close) for f_close
    main.o(i.Usb_Write_float) refers to main.o(.bss) for .bss
    main.o(i.Usb_Write_float) refers to main.o(.data) for .data
    main.o(i.main) refers to stm32f4xx_hal.o(i.HAL_Init) for HAL_Init
    main.o(i.main) refers to main.o(i.SystemClock_Config) for SystemClock_Config
    main.o(i.main) refers to main.o(i.MX_GPIO_Init) for MX_GPIO_Init
[...]
    i.chk_lock                               0x08005138   Section        0  ff.o(i.chk_lock)
    chk_lock                                 0x08005139   Thumb Code    86  ff.o(i.chk_lock)
    i.clear_lock                             0x08005194   Section        0  ff.o(i.clear_lock)
    clear_lock                               0x08005195   Thumb Code    28  ff.o(i.clear_lock)
    i.clmt_clust                             0x080051b4   Section        0  ff.o(i.clmt_clust)
    clmt_clust                               0x080051b5   Thumb Code    38  ff.o(i.clmt_clust)
    i.clust2sect                             0x080051da   Section        0  ff.o(i.clust2sect)
    clust2sect                               0x080051db   Thumb Code    24  ff.o(i.clust2sect)
    i.create_chain                           0x080051f2   Section        0  ff.o(i.create_chain)
    create_chain                             0x080051f3   Thumb Code   164  ff.o(i.create_chain)
    i.create_name                            0x08005298   Section        0  ff.o(i.create_name)
    create_name                              0x08005299   Thumb Code   168  ff.o(i.create_name)
    i.dec_lock                               0x08005354   Section        0  ff.o(i.dec_lock)
    dec_lock                                 0x08005355   Thumb Code    48  ff.o(i.dec_lock)
    i.dir_find                               0x08005388   Section        0  ff.o(i.dir_find)
    dir_find                                 0x08005389   Thumb Code   100  ff.o(i.dir_find)
    i.dir_next                               0x080053ec   Section        0  ff.o(i.dir_next)
    dir_next                                 0x080053ed   Thumb Code   258  ff.o(i.dir_next)
    i.dir_register                           0x080054ee   Section        0  ff.o(i.dir_register)
    dir_register                             0x080054ef   Thumb Code   102  ff.o(i.dir_register)
    i.dir_sdi                                0x08005554   Section        0  ff.o(i.dir_sdi)
    dir_sdi                                  0x08005555   Thumb Code   142  ff.o(i.dir_sdi)
    i.disk_initialize                        0x080055e4   Section        0  diskio.o(i.disk_initialize)
    i.disk_ioctl                             0x0800560c   Section        0  diskio.o(i.disk_ioctl)
    i.disk_read                              0x08005628   Section        0  diskio.o(i.disk_read)
    i.disk_status                            0x08005644   Section        0  diskio.o(i.disk_status)
    i.disk_write                             0x0800565c   Section        0  diskio.o(i.disk_write)
    i.f_close                                0x08005678   Section        0  ff.o(i.f_close)
    i.f_mount                                0x080056a0   Section        0  ff.o(i.f_mount)
    i.f_open                                 0x080056f8   Section        0  ff.o(i.f_open)
    i.f_sync                                 0x08005914   Section        0  ff.o(i.f_sync)
    i.f_write                                0x080059a2   Section        0  ff.o(i.f_write)
    i.find_volume                            0x08005b54   Section        0  ff.o(i.find_volume)
    find_volume                              0x08005b55   Thumb Code   636  ff.o(i.find_volume)
    i.follow_path                            0x08005ddc   Section        0  ff.o(i.follow_path)
    follow_path                              0x08005ddd   Thumb Code   122  ff.o(i.follow_path)
    i.free                                   0x08005e58   Section        0  malloc.o(i.free)
    i.get_fat                                0x08005ea8   Section        0  ff.o(i.get_fat)
    get_fat                                  0x08005ea9   Thumb Code   232  ff.o(i.get_fat)
    i.get_fattime                            0x08005f90   Section        0  fatfs.o(i.get_fattime)
    i.get_ldnumber                           0x08005f94   Section        0  ff.o(i.get_ldnumber)
    get_ldnumber                             0x08005f95   Thumb Code    60  ff.o(i.get_ldnumber)
    i.inc_lock                               0x08005fd0   Section        0  ff.o(i.inc_lock)
    inc_lock                                 0x08005fd1   Thumb Code   124  ff.o(i.inc_lock)
    i.ld_clust                               0x08006050   Section        0  ff.o(i.ld_clust)
    ld_clust                                 0x08006051   Thumb Code    38  ff.o(i.ld_clust)
    i.ld_dword                               0x08006076   Section        0  ff.o(i.ld_dword)
    ld_dword                                 0x08006077   Thumb Code    22  ff.o(i.ld_dword)
    i.ld_word                                0x0800608c   Section        0  ff.o(i.ld_word)
    ld_word                                  0x0800608d   Thumb Code    10  ff.o(i.ld_word)
    i.main                                   0x08006098   Section        0  main.o(i.main)
    i.malloc                                 0x08006188   Section        0  malloc.o(i.malloc)
    i.mem_cpy                                0x080061f4   Section        0  ff.o(i.mem_cpy)
    mem_cpy                                  0x080061f5   Thumb Code    18  ff.o(i.mem_cpy)
    i.mem_set                                0x08006208   Section        0  ff.o(i.mem_set)
    mem_set                                  0x08006209   Thumb Code    14  ff.o(i.mem_set)
    i.move_window                            0x08006216   Section        0  ff.o(i.move_window)
    move_window                              0x08006217   Thumb Code    50  ff.o(i.move_window)
    i.put_fat                                0x08006248   Section        0  ff.o(i.put_fat)
    put_fat                                  0x08006249   Thumb Code   292  ff.o(i.put_fat)
    i.remove_chain                           0x0800636c   Section        0  ff.o(i.remove_chain)
    remove_chain                             0x0800636d   Thumb Code   116  ff.o(i.remove_chain)
    i.st_clust                               0x080063e0   Section        0  ff.o(i.st_clust)
    st_clust                                 0x080063e1   Thumb Code    40  ff.o(i.st_clust)
    i.st_dword                               0x08006408   Section        0  ff.o(i.st_dword)
    st_dword                                 0x08006409   Thumb Code    16  ff.o(i.st_dword)
    i.st_word                                0x08006418   Section        0  ff.o(i.st_word)
    st_word                                  0x08006419   Thumb Code     8  ff.o(i.st_word)
    i.sync_fs                                0x08006420   Section        0  ff.o(i.sync_fs)
    sync_fs                                  0x08006421   Thumb Code   126  ff.o(i.sync_fs)
    i.sync_window                            0x080064a8   Section        0  ff.o(i.sync_window)
    sync_window                              0x080064a9   Thumb Code    82  ff.o(i.sync_window)
    i.validate                               0x080064fa   Section        0  ff.o(i.validate)
    validate                                 0x080064fb   Thumb Code    52  ff.o(i.validate)
    .constdata                               0x08006530   Section       20  usbh_diskio.o(.constdata)
    .constdata                               0x08006544   Section       16  system_stm32f4xx.o(.constdata)
    .constdata                               0x08006554   Section      156  ff.o(.constdata)
    ExCvt                                    0x08006554   Data         128  ff.o(.constdata)
    cst                                      0x080065d4   Data          14  ff.o(.constdata)
    cst32                                    0x080065e2   Data          14  ff.o(.constdata)
    .conststring                             0x080065f0   Section        4  usbh_msc.o(.conststring)
    .data                                    0x20000000   Section       68  main.o(.data)
    .data                                    0x20000044   Section        5  fatfs.o(.data)
    .data                                    0x20000049   Section        1  usb_host.o(.data)
    .data                                    0x2000004c   Section        4  system_stm32f4xx.o(.data)
    .data                                    0x20000050   Section        4  stm32f4xx_ll_usb.o(.data)
    tmpreg                                   0x20000050   Data           4  stm32f4xx_ll_usb.o(.data)
    .data                                    0x20000054   Section       12  stm32f4xx_hal.o(.data)
    .data                                    0x20000060   Section        8  ff.o(.data)
    Fsid                                     0x20000060   Data           2  ff.o(.data)
    FatFs                                    0x20000064   Data           4  ff.o(.data)
    .data                                    0x20000068   Section       32  usbh_msc.o(.data)
    .data                                    0x20000088   Section        4  mvars.o(.data)
    .data                                    0x2000008c   Section        4  mvars.o(.data)
    .bss                                     0x20000090   Section    119020  main.o(.bss)
    .bss                                     0x2001d17c   Section      972  usb_host.o(.bss)
    .bss                                     0x2001d548   Section      708  usbh_conf.o(.bss)
    .bss                                     0x2001d80c   Section       32  ff.o(.bss)
    Files                                    0x2001d80c   Data          32  ff.o(.bss)
    .bss                                     0x2001d82c   Section       12  ff_gen_drv.o(.bss)
    HEAP                                     0x2001d838   Section      512  startup_stm32f429xx.o(HEAP)
    STACK                                    0x2001da38   Section     1024  startup_stm32f429xx.o(STACK)

    Global Symbols

    Symbol Name                              Value     Ov Type        Size  Object(Section)

    BuildAttributes$$THM_ISAv4$E$P$D$K$B$S$7EM$VFPi3$EXTD16$VFPS$VFMA$PE$A:L22UL41UL21$X:L11$S22US41US21$IEEE1$IW$USESV6$~STKCKD$USESV7$~SHL$OSPACE$ROPI$EBA8$MICROLIB$REQ8$PRES8$EABIv2 0x00000000   Number         0  anon$$obj.o ABSOLUTE
    __ARM_use_no_argv                        0x00000000   Number         0  main.o ABSOLUTE
    _printf_a                                0x00000000   Number         0  stubs.o ABSOLUTE
    _printf_c                                0x00000000   Number         0  stubs.o ABSOLUTE
    _printf_charcount                        0x00000000   Number         0  stubs.o ABSOLUTE
    _printf_d                                0x00000000   Number         0  stubs.o ABSOLUTE
    _printf_e                                0x00000000   Number         0  stubs.o ABSOLUTE
    _printf_f                                0x00000000   Number         0  stubs.o ABSOLUTE
    _printf_flags                            0x00000000   Number         0  stubs.o ABSOLUTE
    _printf_fp_dec                           0x00000000   Number         0  stubs.o ABSOLUTE
    _printf_fp_hex                           0x00000000   Number         0  stubs.o ABSOLUTE
    _printf_g                                0x00000000   Number         0  stubs.o ABSOLUTE
    _printf_i                                0x00000000   Number         0  stubs.o ABSOLUTE
    _printf_int_dec                          0x00000000   Number         0  stubs.o ABSOLUTE
    _printf_l                                0x00000000   Number         0  stubs.o ABSOLUTE
    _printf_lc                               0x00000000   Number         0  stubs.o ABSOLUTE
    _printf_ll                               0x00000000   Number         0  stubs.o ABSOLUTE
    _printf_lld                              0x00000000   Number         0  stubs.o ABSOLUTE
    _printf_lli                              0x00000000   Number         0  stubs.o ABSOLUTE
    _printf_llo                              0x00000000   Number         0  stubs.o ABSOLUTE
    _printf_llu                              0x00000000   Number         0  stubs.o ABSOLUTE
    _printf_llx                              0x00000000   Number         0  stubs.o ABSOLUTE
    _printf_longlong_dec                     0x00000000   Number         0  stubs.o ABSOLUTE
    _printf_longlong_hex                     0x00000000   Number         0  stubs.o ABSOLUTE
    _printf_longlong_oct                     0x00000000   Number         0  stubs.o ABSOLUTE
    _printf_ls                               0x00000000   Number         0  stubs.o ABSOLUTE
    _printf_mbtowc                           0x00000000   Number         0  stubs.o ABSOLUTE
    _printf_n                                0x00000000   Number         0  stubs.o ABSOLUTE
    _printf_o                                0x00000000   Number         0  stubs.o ABSOLUTE
    _printf_p                                0x00000000   Number         0  stubs.o ABSOLUTE
    _printf_percent                          0x00000000   Number         0  stubs.o ABSOLUTE
    _printf_pre_padding                      0x00000000   Number         0  stubs.o ABSOLUTE
    _printf_return_value                     0x00000000   Number         0  stubs.o ABSOLUTE
    _printf_s                                0x00000000   Number         0  stubs.o ABSOLUTE
    _printf_sizespec                         0x00000000   Number         0  stubs.o ABSOLUTE
    _printf_str                              0x00000000   Number         0  stubs.o ABSOLUTE
    _printf_truncate_signed                  0x00000000   Number         0  stubs.o ABSOLUTE
    _printf_truncate_unsigned                0x00000000   Number         0  stubs.o ABSOLUTE
    _printf_u                                0x00000000   Number         0  stubs.o ABSOLUTE
    _printf_wc                               0x00000000   Number         0  stubs.o ABSOLUTE
    _printf_wctomb                           0x00000000   Number         0  stubs.o ABSOLUTE
    _printf_widthprec                        0x00000000   Number         0  stubs.o ABSOLUTE
    _printf_x                                0x00000000   Number         0  stubs.o ABSOLUTE
    __cpp_initialize__aeabi_                  - Undefined Weak Reference
    __cxa_finalize                            - Undefined Weak Reference
    __decompress                              - Undefined Weak Reference
    _clock_init                               - Undefined Weak Reference
    _microlib_exit                            - Undefined Weak Reference
    __Vectors_Size                           0x000001ac   Number         0  startup_stm32f429xx.o ABSOLUTE
    __Vectors                                0x08000000   Data           4  startup_stm32f429xx.o(RESET)
    __Vectors_End                            0x080001ac   Data           0  startup_stm32f429xx.o(RESET)
    __main                                   0x080001ad   Thumb Code     0  entry.o(.ARM.Collect$$$$00000000)
    _main_stk                                0x080001ad   Thumb Code     0  entry2.o(.ARM.Collect$$$$00000001)
    _main_scatterload                        0x080001b1   Thumb Code     0  entry5.o(.ARM.Collect$$$$00000004)
    __main_after_scatterload                 0x080001b5   Thumb Code     0  entry5.o(.ARM.Collect$$$$00000004)
    _main_clock                              0x080001b5   Thumb Code     0  entry7b.o(.ARM.Collect$$$$00000008)
    _main_cpp_init                           0x080001b5   Thumb Code     0  entry8b.o(.ARM.Collect$$$$0000000A)
    _main_init                               0x080001b5   Thumb Code     0  entry9a.o(.ARM.Collect$$$$0000000B)
    __rt_final_cpp                           0x080001bd   Thumb Code     0  entry10a.o(.ARM.Collect$$$$0000000D)
    __rt_final_exit                          0x080001bd   Thumb Code     0  entry11a.o(.ARM.Collect$$$$0000000F)
    Reset_Handler                            0x080001c1   Thumb Code     8  startup_stm32f429xx.o(.text)
    ADC_IRQHandler                           0x080001db   Thumb Code     0  startup_stm32f429xx.o(.text)
    CAN1_RX0_IRQHandler                      0x080001db   Thumb Code     0  startup_stm32f429xx.o(.text)
    CAN1_RX1_IRQHandler                      0x080001db   Thumb Code     0  startup_stm32f429xx.o(.text)
    CAN1_SCE_IRQHandler                      0x080001db   Thumb Code     0  startup_stm32f429xx.o(.text)
    CAN1_TX_IRQHandler                       0x080001db   Thumb Code     0  startup_stm32f429xx.o(.text)
    CAN2_RX0_IRQHandler                      0x080001db   Thumb Code     0  startup_stm32f429xx.o(.text)
    CAN2_RX1_IRQHandler                      0x080001db   Thumb Code     0  startup_stm32f429xx.o(.text)
    CAN2_SCE_IRQHandler                      0x080001db   Thumb Code     0  startup_stm32f429xx.o(.text)
    CAN2_TX_IRQHandler                       0x080001db   Thumb Code     0  startup_stm32f429xx.o(.text)
    DCMI_IRQHandler                          0x080001db   Thumb Code     0  startup_stm32f429xx.o(.text)
    DMA1_Stream0_IRQHandler                  0x080001db   Thumb Code     0  startup_stm32f429xx.o(.text)
    DMA1_Stream1_IRQHandler                  0x080001db   Thumb Code     0  startup_stm32f429xx.o(.text)
    DMA1_Stream2_IRQHandler                  0x080001db   Thumb Code     0  startup_stm32f429xx.o(.text)
    DMA1_Stream3_IRQHandler                  0x080001db   Thumb Code     0  startup_stm32f429xx.o(.text)
    DMA1_Stream4_IRQHandler                  0x080001db   Thumb Code     0  startup_stm32f429xx.o(.text)
    DMA1_Stream5_IRQHandler                  0x080001db   Thumb Code     0  startup_stm32f429xx.o(.text)
    DMA1_Stream6_IRQHandler                  0x080001db   Thumb Code     0  startup_stm32f429xx.o(.text)
    DMA1_Stream7_IRQHandler                  0x080001db   Thumb Code     0  startup_stm32f429xx.o(.text)
    DMA2D_IRQHandler                         0x080001db   Thumb Code     0  startup_stm32f429xx.o(.text)
    DMA2_Stream0_IRQHandler                  0x080001db   Thumb Code     0  startup_stm32f429xx.o(.text)
    DMA2_Stream1_IRQHandler                  0x080001db   Thumb Code     0  startup_stm32f429xx.o(.text)
    DMA2_Stream2_IRQHandler                  0x080001db   Thumb Code     0  startup_stm32f429xx.o(.text)
    DMA2_Stream3_IRQHandler                  0x080001db   Thumb Code     0  startup_stm32f429xx.o(.text)
    DMA2_Stream4_IRQHandler                  0x080001db   Thumb Code     0  startup_stm32f429xx.o(.text)
    DMA2_Stream5_IRQHandler                  0x080001db   Thumb Code     0  startup_stm32f429xx.o(.text)
    DMA2_Stream6_IRQHandler                  0x080001db   Thumb Code     0  startup_stm32f429xx.o(.text)
    DMA2_Stream7_IRQHandler                  0x080001db   Thumb Code     0  startup_stm32f429xx.o(.text)
    ETH_IRQHandler                           0x080001db   Thumb Code     0  startup_stm32f429xx.o(.text)
    ETH_WKUP_IRQHandler                      0x080001db   Thumb Code     0  startup_stm32f429xx.o(.text)
    EXTI15_10_IRQHandler                     0x080001db   Thumb Code     0  startup_stm32f429xx.o(.text)
    EXTI1_IRQHandler                         0x080001db   Thumb Code     0  startup_stm32f429xx.o(.text)
    EXTI2_IRQHandler                         0x080001db   Thumb Code     0  startup_stm32f429xx.o(.text)
    EXTI3_IRQHandler                         0x080001db   Thumb Code     0  startup_stm32f429xx.o(.text)
    EXTI4_IRQHandler                         0x080001db   Thumb Code     0  startup_stm32f429xx.o(.text)
    EXTI9_5_IRQHandler                       0x080001db   Thumb Code     0  startup_stm32f429xx.o(.text)
    FLASH_IRQHandler                         0x080001db   Thumb Code     0  startup_stm32f429xx.o(.text)
    FMC_IRQHandler                           0x080001db   Thumb Code     0  startup_stm32f429xx.o(.text)
    FPU_IRQHandler                           0x080001db   Thumb Code     0  startup_stm32f429xx.o(.text)
    HASH_RNG_IRQHandler                      0x080001db   Thumb Code     0  startup_stm32f429xx.o(.text)
    I2C1_ER_IRQHandler                       0x080001db   Thumb Code     0  startup_stm32f429xx.o(.text)
    I2C1_EV_IRQHandler                       0x080001db   Thumb Code     0  startup_stm32f429xx.o(.text)
    I2C2_ER_IRQHandler                       0x080001db   Thumb Code     0  startup_stm32f429xx.o(.text)
    I2C2_EV_IRQHandler                       0x080001db   Thumb Code     0  startup_stm32f429xx.o(.text)
    I2C3_ER_IRQHandler                       0x080001db   Thumb Code     0  startup_stm32f429xx.o(.text)
    I2C3_EV_IRQHandler                       0x080001db   Thumb Code     0  startup_stm32f429xx.o(.text)
    LTDC_ER_IRQHandler                       0x080001db   Thumb Code     0  startup_stm32f429xx.o(.text)
    LTDC_IRQHandler                          0x080001db   Thumb Code     0  startup_stm32f429xx.o(.text)
    OTG_FS_IRQHandler                        0x080001db   Thumb Code     0  startup_stm32f429xx.o(.text)
    OTG_FS_WKUP_IRQHandler                   0x080001db   Thumb Code     0  startup_stm32f429xx.o(.text)
    OTG_HS_EP1_IN_IRQHandler                 0x080001db   Thumb Code     0  startup_stm32f429xx.o(.text)
    OTG_HS_EP1_OUT_IRQHandler                0x080001db   Thumb Code     0  startup_stm32f429xx.o(.text)
    OTG_HS_WKUP_IRQHandler                   0x080001db   Thumb Code     0  startup_stm32f429xx.o(.text)
    PVD_IRQHandler                           0x080001db   Thumb Code     0  startup_stm32f429xx.o(.text)
    RCC_IRQHandler                           0x080001db   Thumb Code     0  startup_stm32f429xx.o(.text)
    RTC_Alarm_IRQHandler                     0x080001db   Thumb Code     0  startup_stm32f429xx.o(.text)
    RTC_WKUP_IRQHandler                      0x080001db   Thumb Code     0  startup_stm32f429xx.o(.text)
    SAI1_IRQHandler                          0x080001db   Thumb Code     0  startup_stm32f429xx.o(.text)
    SDIO_IRQHandler                          0x080001db   Thumb Code     0  startup_stm32f429xx.o(.text)
    SPI1_IRQHandler                          0x080001db   Thumb Code     0  startup_stm32f429xx.o(.text)
    SPI2_IRQHandler                          0x080001db   Thumb Code     0  startup_stm32f429xx.o(.text)
    SPI3_IRQHandler                          0x080001db   Thumb Code     0  startup_stm32f429xx.o(.text)
    SPI4_IRQHandler                          0x080001db   Thumb Code     0  startup_stm32f429xx.o(.text)
    SPI5_IRQHandler                          0x080001db   Thumb Code     0  startup_stm32f429xx.o(.text)
    SPI6_IRQHandler                          0x080001db   Thumb Code     0  startup_stm32f429xx.o(.text)
    TAMP_STAMP_IRQHandler                    0x080001db   Thumb Code     0  startup_stm32f429xx.o(.text)
    TIM1_BRK_TIM9_IRQHandler                 0x080001db   Thumb Code     0  startup_stm32f429xx.o(.text)
    TIM1_CC_IRQHandler                       0x080001db   Thumb Code     0  startup_stm32f429xx.o(.text)
    TIM1_TRG_COM_TIM11_IRQHandler            0x080001db   Thumb Code     0  startup_stm32f429xx.o(.text)
    TIM1_UP_TIM10_IRQHandler                 0x080001db   Thumb Code     0  startup_stm32f429xx.o(.text)
    TIM2_IRQHandler                          0x080001db   Thumb Code     0  startup_stm32f429xx.o(.text)
    TIM4_IRQHandler                          0x080001db   Thumb Code     0  startup_stm32f429xx.o(.text)
    TIM5_IRQHandler                          0x080001db   Thumb Code     0  startup_stm32f429xx.o(.text)
    TIM6_DAC_IRQHandler                      0x080001db   Thumb Code     0  startup_stm32f429xx.o(.text)
    TIM7_IRQHandler                          0x080001db   Thumb Code     0  startup_stm32f429xx.o(.text)
    TIM8_BRK_TIM12_IRQHandler                0x080001db   Thumb Code     0  startup_stm32f429xx.o(.text)
    TIM8_CC_IRQHandler                       0x080001db   Thumb Code     0  startup_stm32f429xx.o(.text)
    TIM8_TRG_COM_TIM14_IRQHandler            0x080001db   Thumb Code     0  startup_stm32f429xx.o(.text)
    TIM8_UP_TIM13_IRQHandler                 0x080001db   Thumb Code     0  startup_stm32f429xx.o(.text)
    UART4_IRQHandler                         0x080001db   Thumb Code     0  startup_stm32f429xx.o(.text)
    UART5_IRQHandler                         0x080001db   Thumb Code     0  startup_stm32f429xx.o(.text)
    UART7_IRQHandler                         0x080001db   Thumb Code     0  startup_stm32f429xx.o(.text)
    UART8_IRQHandler                         0x080001db   Thumb Code     0  startup_stm32f429xx.o(.text)
    USART1_IRQHandler                        0x080001db   Thumb Code     0  startup_stm32f429xx.o(.text)
    USART2_IRQHandler                        0x080001db   Thumb Code     0  startup_stm32f429xx.o(.text)
    USART3_IRQHandler                        0x080001db   Thumb Code     0  startup_stm32f429xx.o(.text)
    USART6_IRQHandler                        0x080001db   Thumb Code     0  startup_stm32f429xx.o(.text)
    WWDG_IRQHandler                          0x080001db   Thumb Code     0  startup_stm32f429xx.o(.text)
    __aeabi_uldivmod                         0x080001e5   Thumb Code    98  uldiv.o(.text)
    __aeabi_memcpy                           0x08000247   Thumb Code    36  memcpya.o(.text)
    __aeabi_memcpy4                          0x08000247   Thumb Code     0  memcpya.o(.text)
    __aeabi_memcpy8                          0x08000247   Thumb Code     0  memcpya.o(.text)
    __aeabi_memset                           0x0800026b   Thumb Code    14  memseta.o(.text)
    __aeabi_memset4                          0x0800026b   Thumb Code     0  memseta.o(.text)
    __aeabi_memset8                          0x0800026b   Thumb Code     0  memseta.o(.text)
    __aeabi_memclr                           0x08000279   Thumb Code     4  memseta.o(.text)
    __aeabi_memclr4                          0x08000279   Thumb Code     0  memseta.o(.text)
    __aeabi_memclr8                          0x08000279   Thumb Code     0  memseta.o(.text)
    _memset$wrapper                          0x0800027d   Thumb Code    18  memseta.o(.text)
    strcat                                   0x0800028f   Thumb Code    24  strcat.o(.text)
    strlen                                   0x080002a7   Thumb Code    14  strlen.o(.text)
    __aeabi_f2d                              0x080002b5   Thumb Code    38  f2d.o(.text)
    __aeabi_uidiv                            0x080002db   Thumb Code     0  uidiv.o(.text)
    __aeabi_uidivmod                         0x080002db   Thumb Code    44  uidiv.o(.text)
    __aeabi_llsl                             0x08000307   Thumb Code    30  llshl.o(.text)
    _ll_shift_l                              0x08000307   Thumb Code     0  llshl.o(.text)
    __aeabi_llsr                             0x08000325   Thumb Code    32  llushr.o(.text)
    _ll_ushift_r                             0x08000325   Thumb Code     0  llushr.o(.text)
    __I$use$fp                               0x08000345   Thumb Code     0  iusefp.o(.text)
    __aeabi_dadd                             0x08000345   Thumb Code   322  dadd.o(.text)
    __aeabi_dsub                             0x08000487   Thumb Code     6  dadd.o(.text)
    __aeabi_drsub                            0x0800048d   Thumb Code     6  dadd.o(.text)
    __aeabi_dmul                             0x08000493   Thumb Code   228  dmul.o(.text)
    __aeabi_ddiv                             0x08000577   Thumb Code   222  ddiv.o(.text)
    __aeabi_d2ulz                            0x08000655   Thumb Code    48  dfixul.o(.text)
    __aeabi_cdrcmple                         0x08000685   Thumb Code    48  cdrcmple.o(.text)
    __scatterload                            0x080006b5   Thumb Code    28  init.o(.text)
    __scatterload_rt2                        0x080006b5   Thumb Code     0  init.o(.text)
    __aeabi_lasr                             0x080006d9   Thumb Code    36  llsshr.o(.text)
    _ll_sshift_r                             0x080006d9   Thumb Code     0  llsshr.o(.text)
    _double_round                            0x080006fd   Thumb Code    30  depilogue.o(.text)
    _double_epilogue                         0x0800071b   Thumb Code   156  depilogue.o(.text)
    BusFault_Handler                         0x080007b7   Thumb Code     2  stm32f4xx_it.o(i.BusFault_Handler)
    DebugMon_Handler                         0x08000801   Thumb Code     2  stm32f4xx_it.o(i.DebugMon_Handler)
    EXTI0_IRQHandler                         0x08000803   Thumb Code     6  stm32f4xx_it.o(i.EXTI0_IRQHandler)
    Error_Handler                            0x08000809   Thumb Code     2  main.o(i.Error_Handler)
    FATFS_LinkDriver                         0x0800080b   Thumb Code     6  ff_gen_drv.o(i.FATFS_LinkDriver)
    FATFS_LinkDriverEx                       0x08000811   Thumb Code    58  ff_gen_drv.o(i.FATFS_LinkDriverEx)
    HAL_Delay                                0x08000851   Thumb Code    32  stm32f4xx_hal.o(i.HAL_Delay)
    HAL_GPIO_EXTI_Callback                   0x08000875   Thumb Code    60  main.o(i.HAL_GPIO_EXTI_Callback)
    HAL_GPIO_EXTI_IRQHandler                 0x080008bd   Thumb Code    18  stm32f4xx_hal_gpio.o(i.HAL_GPIO_EXTI_IRQHandler)
    HAL_GPIO_Init                            0x080008d5   Thumb Code   414  stm32f4xx_hal_gpio.o(i.HAL_GPIO_Init)
    HAL_GPIO_ReadPin                         0x08000aa9   Thumb Code    10  stm32f4xx_hal_gpio.o(i.HAL_GPIO_ReadPin)
    HAL_GPIO_TogglePin                       0x08000ab3   Thumb Code    14  stm32f4xx_hal_gpio.o(i.HAL_GPIO_TogglePin)
    HAL_GPIO_WritePin                        0x08000ac1   Thumb Code    10  stm32f4xx_hal_gpio.o(i.HAL_GPIO_WritePin)
    HAL_GetTick                              0x08000acd   Thumb Code     6  stm32f4xx_hal.o(i.HAL_GetTick)
    HAL_HCD_Connect_Callback                 0x08000ad9   Thumb Code     8  usbh_conf.o(i.HAL_HCD_Connect_Callback)
    HAL_HCD_Disconnect_Callback              0x08000ae1   Thumb Code     8  usbh_conf.o(i.HAL_HCD_Disconnect_Callback)
    HAL_HCD_GetCurrentFrame                  0x08000ae9   Thumb Code     6  stm32f4xx_hal_hcd.o(i.HAL_HCD_GetCurrentFrame)
    HAL_HCD_GetCurrentSpeed                  0x08000aef   Thumb Code     6  stm32f4xx_hal_hcd.o(i.HAL_HCD_GetCurrentSpeed)
    HAL_HCD_HC_GetURBState                   0x08000af5   Thumb Code    14  stm32f4xx_hal_hcd.o(i.HAL_HCD_HC_GetURBState)
    HAL_HCD_HC_GetXferCount                  0x08000b03   Thumb Code    12  stm32f4xx_hal_hcd.o(i.HAL_HCD_HC_GetXferCount)
    HAL_HCD_HC_Halt                          0x08000b0f   Thumb Code    36  stm32f4xx_hal_hcd.o(i.HAL_HCD_HC_Halt)
    HAL_HCD_HC_Init                          0x08000b33   Thumb Code   114  stm32f4xx_hal_hcd.o(i.HAL_HCD_HC_Init)
    HAL_HCD_HC_NotifyURBChange_Callback      0x08000ba5   Thumb Code     2  usbh_conf.o(i.HAL_HCD_HC_NotifyURBChange_Callback)
    HAL_HCD_HC_SubmitRequest                 0x08000ba7   Thumb Code   142  stm32f4xx_hal_hcd.o(i.HAL_HCD_HC_SubmitRequest)
    HAL_HCD_IRQHandler                       0x08000c35   Thumb Code   306  stm32f4xx_hal_hcd.o(i.HAL_HCD_IRQHandler)
    HAL_HCD_Init                             0x08000d67   Thumb Code   114  stm32f4xx_hal_hcd.o(i.HAL_HCD_Init)
    HAL_HCD_MspInit                          0x08000dd9   Thumb Code   126  usbh_conf.o(i.HAL_HCD_MspInit)
    HAL_HCD_PortDisabled_Callback            0x08000e65   Thumb Code     8  usbh_conf.o(i.HAL_HCD_PortDisabled_Callback)
    HAL_HCD_PortEnabled_Callback             0x08000e6d   Thumb Code     8  usbh_conf.o(i.HAL_HCD_PortEnabled_Callback)
    HAL_HCD_ResetPort                        0x08000e75   Thumb Code     6  stm32f4xx_hal_hcd.o(i.HAL_HCD_ResetPort)
    HAL_HCD_SOF_Callback                     0x08000e7b   Thumb Code     8  usbh_conf.o(i.HAL_HCD_SOF_Callback)
    HAL_HCD_Start                            0x08000e83   Thumb Code    44  stm32f4xx_hal_hcd.o(i.HAL_HCD_Start)
    HAL_HCD_Stop                             0x08000eaf   Thumb Code    36  stm32f4xx_hal_hcd.o(i.HAL_HCD_Stop)
    HAL_IncTick                              0x08000ed5   Thumb Code    12  stm32f4xx_hal.o(i.HAL_IncTick)
    HAL_Init                                 0x08000ee5   Thumb Code    48  stm32f4xx_hal.o(i.HAL_Init)
    HAL_InitTick                             0x08000f19   Thumb Code    54  stm32f4xx_hal.o(i.HAL_InitTick)
    HAL_MspInit                              0x08000f59   Thumb Code    42  stm32f4xx_hal_msp.o(i.HAL_MspInit)
    HAL_NVIC_EnableIRQ                       0x08000f89   Thumb Code    26  stm32f4xx_hal_cortex.o(i.HAL_NVIC_EnableIRQ)
    HAL_NVIC_SetPriority                     0x08000fa5   Thumb Code    60  stm32f4xx_hal_cortex.o(i.HAL_NVIC_SetPriority)
    HAL_NVIC_SetPriorityGrouping             0x08000fe5   Thumb Code    26  stm32f4xx_hal_cortex.o(i.HAL_NVIC_SetPriorityGrouping)
    HAL_RCC_ClockConfig                      0x08001009   Thumb Code   288  stm32f4xx_hal_rcc.o(i.HAL_RCC_ClockConfig)
    HAL_RCC_GetSysClockFreq                  0x0800113d   Thumb Code    88  stm32f4xx_hal_rcc.o(i.HAL_RCC_GetSysClockFreq)
    HAL_RCC_OscConfig                        0x0800119d   Thumb Code   834  stm32f4xx_hal_rcc.o(i.HAL_RCC_OscConfig)
    HAL_SYSTICK_Config                       0x080014f9   Thumb Code    40  stm32f4xx_hal_cortex.o(i.HAL_SYSTICK_Config)
    HAL_TIMEx_BreakCallback                  0x08001521   Thumb Code     2  stm32f4xx_hal_tim_ex.o(i.HAL_TIMEx_BreakCallback)
    HAL_TIMEx_CommutCallback                 0x08001523   Thumb Code     2  stm32f4xx_hal_tim_ex.o(i.HAL_TIMEx_CommutCallback)
    HAL_TIMEx_MasterConfigSynchronization    0x08001525   Thumb Code   116  stm32f4xx_hal_tim_ex.o(i.HAL_TIMEx_MasterConfigSynchronization)
    HAL_TIM_Base_Init                        0x080015b5   Thumb Code    54  stm32f4xx_hal_tim.o(i.HAL_TIM_Base_Init)
    HAL_TIM_Base_MspInit                     0x080015ed   Thumb Code    50  stm32f4xx_hal_msp.o(i.HAL_TIM_Base_MspInit)
    HAL_TIM_Base_Start_IT                    0x08001629   Thumb Code    34  stm32f4xx_hal_tim.o(i.HAL_TIM_Base_Start_IT)
    HAL_TIM_ConfigClockSource                0x0800164b   Thumb Code   214  stm32f4xx_hal_tim.o(i.HAL_TIM_ConfigClockSource)
    HAL_TIM_IC_CaptureCallback               0x08001721   Thumb Code     2  stm32f4xx_hal_tim.o(i.HAL_TIM_IC_CaptureCallback)
    HAL_TIM_IRQHandler                       0x08001723   Thumb Code   358  stm32f4xx_hal_tim.o(i.HAL_TIM_IRQHandler)
    HAL_TIM_MspPostInit                      0x08001889   Thumb Code    88  stm32f4xx_hal_msp.o(i.HAL_TIM_MspPostInit)
    HAL_TIM_OC_DelayElapsedCallback          0x080018ed   Thumb Code     2  stm32f4xx_hal_tim.o(i.HAL_TIM_OC_DelayElapsedCallback)
    HAL_TIM_PWM_ConfigChannel                0x080018ef   Thumb Code   208  stm32f4xx_hal_tim.o(i.HAL_TIM_PWM_ConfigChannel)
    HAL_TIM_PWM_Init                         0x080019bf   Thumb Code    54  stm32f4xx_hal_tim.o(i.HAL_TIM_PWM_Init)
    HAL_TIM_PWM_MspInit                      0x080019f5   Thumb Code    30  stm32f4xx_hal_msp.o(i.HAL_TIM_PWM_MspInit)
    HAL_TIM_PWM_PulseFinishedCallback        0x08001a1d   Thumb Code     2  stm32f4xx_hal_tim.o(i.HAL_TIM_PWM_PulseFinishedCallback)
    HAL_TIM_PWM_Start                        0x08001a21   Thumb Code    58  stm32f4xx_hal_tim.o(i.HAL_TIM_PWM_Start)
    HAL_TIM_PeriodElapsedCallback            0x08001a65   Thumb Code   294  main.o(i.HAL_TIM_PeriodElapsedCallback)
    HAL_TIM_TriggerCallback                  0x08001bb1   Thumb Code     2  stm32f4xx_hal_tim.o(i.HAL_TIM_TriggerCallback)
    HardFault_Handler                        0x0800214d   Thumb Code     2  stm32f4xx_it.o(i.HardFault_Handler)
    MX_FATFS_Init                            0x08002151   Thumb Code    18  fatfs.o(i.MX_FATFS_Init)
    MX_USB_HOST_Init                         0x08002329   Thumb Code    52  usb_host.o(i.MX_USB_HOST_Init)
    MX_USB_HOST_Process                      0x08002369   Thumb Code     6  usb_host.o(i.MX_USB_HOST_Process)
    MemManage_Handler                        0x08002375   Thumb Code     2  stm32f4xx_it.o(i.MemManage_Handler)
    NMI_Handler                              0x08002377   Thumb Code     2  stm32f4xx_it.o(i.NMI_Handler)
    OTG_HS_IRQHandler                        0x08002379   Thumb Code     6  stm32f4xx_it.o(i.OTG_HS_IRQHandler)
    PendSV_Handler                           0x08002385   Thumb Code     2  stm32f4xx_it.o(i.PendSV_Handler)
    SVC_Handler                              0x08002387   Thumb Code     2  stm32f4xx_it.o(i.SVC_Handler)
    SysTick_Handler                          0x08002389   Thumb Code     4  stm32f4xx_it.o(i.SysTick_Handler)
    SystemClock_Config                       0x0800238d   Thumb Code   126  main.o(i.SystemClock_Config)
    SystemInit                               0x08002415   Thumb Code    22  system_stm32f4xx.o(i.SystemInit)
    TIM3_IRQHandler                          0x08002431   Thumb Code     6  stm32f4xx_it.o(i.TIM3_IRQHandler)
    TIM_Base_SetConfig                       0x0800243d   Thumb Code   156  stm32f4xx_hal_tim.o(i.TIM_Base_SetConfig)
    TIM_CCxChannelCmd                        0x08002505   Thumb Code    26  stm32f4xx_hal_tim.o(i.TIM_CCxChannelCmd)
    TIM_ETR_SetConfig                        0x0800251f   Thumb Code    20  stm32f4xx_hal_tim.o(i.TIM_ETR_SetConfig)
    TIM_OC2_SetConfig                        0x080025a5   Thumb Code    98  stm32f4xx_hal_tim.o(i.TIM_OC2_SetConfig)
    USBH_AllocPipe                           0x0800270f   Thumb Code    52  usbh_pipes.o(i.USBH_AllocPipe)
    USBH_BulkReceiveData                     0x08002743   Thumb Code    32  usbh_ioreq.o(i.USBH_BulkReceiveData)
    USBH_BulkSendData                        0x08002763   Thumb Code    40  usbh_ioreq.o(i.USBH_BulkSendData)
    USBH_ClosePipe                           0x0800278b   Thumb Code    10  usbh_pipes.o(i.USBH_ClosePipe)
    USBH_ClrFeature                          0x08002795   Thumb Code    30  usbh_ctlreq.o(i.USBH_ClrFeature)
    USBH_CtlReceiveData                      0x080027b3   Thumb Code    30  usbh_ioreq.o(i.USBH_CtlReceiveData)
    USBH_CtlReq                              0x080027d1   Thumb Code    58  usbh_ctlreq.o(i.USBH_CtlReq)
    USBH_CtlSendData                         0x0800280b   Thumb Code    40  usbh_ioreq.o(i.USBH_CtlSendData)
    USBH_CtlSendSetup                        0x08002833   Thumb Code    30  usbh_ioreq.o(i.USBH_CtlSendSetup)
    USBH_Delay                               0x08002851   Thumb Code     4  usbh_conf.o(i.USBH_Delay)
    USBH_FindInterface                       0x08002855   Thumb Code    68  usbh_core.o(i.USBH_FindInterface)
    USBH_FreePipe                            0x08002899   Thumb Code    24  usbh_pipes.o(i.USBH_FreePipe)
    USBH_GetDescriptor                       0x080028b1   Thumb Code    52  usbh_ctlreq.o(i.USBH_GetDescriptor)
    USBH_GetNextDesc                         0x080028e5   Thumb Code    14  usbh_ctlreq.o(i.USBH_GetNextDesc)
    USBH_Get_CfgDesc                         0x080028f3   Thumb Code    44  usbh_ctlreq.o(i.USBH_Get_CfgDesc)
    USBH_Get_DevDesc                         0x0800291f   Thumb Code   144  usbh_ctlreq.o(i.USBH_Get_DevDesc)
    USBH_Get_StringDesc                      0x080029af   Thumb Code    72  usbh_ctlreq.o(i.USBH_Get_StringDesc)
    USBH_Get_USB_Status                      0x080029f7   Thumb Code    24  usbh_conf.o(i.USBH_Get_USB_Status)
    USBH_Init                                0x08002c8b   Thumb Code    48  usbh_core.o(i.USBH_Init)
    USBH_LL_ClosePipe                        0x08002cbb   Thumb Code    18  usbh_conf.o(i.USBH_LL_ClosePipe)
    USBH_LL_Connect                          0x08002ccd   Thumb Code    42  usbh_core.o(i.USBH_LL_Connect)
    USBH_LL_Disconnect                       0x08002cf7   Thumb Code    56  usbh_core.o(i.USBH_LL_Disconnect)
    USBH_LL_DriverVBUS                       0x08002d2f   Thumb Code    12  usbh_conf.o(i.USBH_LL_DriverVBUS)
    USBH_LL_GetLastXferSize                  0x08002d3b   Thumb Code     8  usbh_conf.o(i.USBH_LL_GetLastXferSize)
    USBH_LL_GetSpeed                         0x08002d43   Thumb Code    34  usbh_conf.o(i.USBH_LL_GetSpeed)
    USBH_LL_GetToggle                        0x08002d65   Thumb Code    30  usbh_conf.o(i.USBH_LL_GetToggle)
    USBH_LL_GetURBState                      0x08002d83   Thumb Code     8  usbh_conf.o(i.USBH_LL_GetURBState)
    USBH_LL_IncTimer                         0x08002d8b   Thumb Code    30  usbh_core.o(i.USBH_LL_IncTimer)
    USBH_LL_Init                             0x08002da9   Thumb Code    76  usbh_conf.o(i.USBH_LL_Init)
    USBH_LL_OpenPipe                         0x08002dfd   Thumb Code    28  usbh_conf.o(i.USBH_LL_OpenPipe)
    USBH_LL_PortDisabled                     0x08002e19   Thumb Code     8  usbh_core.o(i.USBH_LL_PortDisabled)
    USBH_LL_PortEnabled                      0x08002e21   Thumb Code     8  usbh_core.o(i.USBH_LL_PortEnabled)
    USBH_LL_ResetPort                        0x08002e29   Thumb Code    18  usbh_conf.o(i.USBH_LL_ResetPort)
    USBH_LL_SetTimer                         0x08002e3b   Thumb Code     6  usbh_core.o(i.USBH_LL_SetTimer)
    USBH_LL_SetToggle                        0x08002e41   Thumb Code    32  usbh_conf.o(i.USBH_LL_SetToggle)
    USBH_LL_Start                            0x08002e61   Thumb Code    18  usbh_conf.o(i.USBH_LL_Start)
    USBH_LL_Stop                             0x08002e73   Thumb Code    18  usbh_conf.o(i.USBH_LL_Stop)
    USBH_LL_SubmitURB                        0x08002e85   Thumb Code    34  usbh_conf.o(i.USBH_LL_SubmitURB)
    USBH_MSC_BOT_Init                        0x08002ec5   Thumb Code    26  usbh_msc_bot.o(i.USBH_MSC_BOT_Init)
    USBH_MSC_BOT_Process                     0x08002ee9   Thumb Code   470  usbh_msc_bot.o(i.USBH_MSC_BOT_Process)
    USBH_MSC_BOT_REQ_GetMaxLUN               0x080030c5   Thumb Code    22  usbh_msc_bot.o(i.USBH_MSC_BOT_REQ_GetMaxLUN)
    USBH_MSC_BOT_REQ_Reset                   0x080030db   Thumb Code    22  usbh_msc_bot.o(i.USBH_MSC_BOT_REQ_Reset)
    USBH_MSC_GetLUNInfo                      0x08003169   Thumb Code    46  usbh_msc.o(i.USBH_MSC_GetLUNInfo)
    USBH_MSC_Read                            0x0800363b   Thumb Code   138  usbh_msc.o(i.USBH_MSC_Read)
    USBH_MSC_SCSI_Inquiry                    0x080036c5   Thumb Code   212  usbh_msc_scsi.o(i.USBH_MSC_SCSI_Inquiry)
    USBH_MSC_SCSI_Read                       0x08003799   Thumb Code   128  usbh_msc_scsi.o(i.USBH_MSC_SCSI_Read)
    USBH_MSC_SCSI_ReadCapacity               0x08003819   Thumb Code   122  usbh_msc_scsi.o(i.USBH_MSC_SCSI_ReadCapacity)
    USBH_MSC_SCSI_RequestSense               0x08003893   Thumb Code   146  usbh_msc_scsi.o(i.USBH_MSC_SCSI_RequestSense)
    USBH_MSC_SCSI_TestUnitReady              0x08003925   Thumb Code    76  usbh_msc_scsi.o(i.USBH_MSC_SCSI_TestUnitReady)
    USBH_MSC_SCSI_Write                      0x08003971   Thumb Code   128  usbh_msc_scsi.o(i.USBH_MSC_SCSI_Write)
    USBH_MSC_UnitIsReady                     0x080039f5   Thumb Code    38  usbh_msc.o(i.USBH_MSC_UnitIsReady)
    USBH_MSC_Write                           0x08003a1b   Thumb Code   138  usbh_msc.o(i.USBH_MSC_Write)
    USBH_OpenPipe                            0x08003aa5   Thumb Code    20  usbh_pipes.o(i.USBH_OpenPipe)
    USBH_Process                             0x08003b95   Thumb Code   416  usbh_core.o(i.USBH_Process)
    USBH_RegisterClass                       0x08003d35   Thumb Code    28  usbh_core.o(i.USBH_RegisterClass)
    USBH_SelectInterface                     0x08003d51   Thumb Code    22  usbh_core.o(i.USBH_SelectInterface)
    USBH_SetAddress                          0x08003d67   Thumb Code    28  usbh_ctlreq.o(i.USBH_SetAddress)
    USBH_SetCfg                              0x08003d83   Thumb Code    28  usbh_ctlreq.o(i.USBH_SetCfg)
    USBH_SetFeature                          0x08003d9f   Thumb Code    28  usbh_ctlreq.o(i.USBH_SetFeature)
    USBH_Start                               0x08003dbb   Thumb Code    20  usbh_core.o(i.USBH_Start)
    USBH_initialize                          0x08003df1   Thumb Code     4  usbh_diskio.o(i.USBH_initialize)
    USBH_ioctl                               0x08003df5   Thumb Code    96  usbh_diskio.o(i.USBH_ioctl)
    USBH_read                                0x08003e59   Thumb Code    62  usbh_diskio.o(i.USBH_read)
    USBH_status                              0x08003e9d   Thumb Code    20  usbh_diskio.o(i.USBH_status)
    USBH_write                               0x08003eb5   Thumb Code    70  usbh_diskio.o(i.USBH_write)
    USB_CoreInit                             0x08003f01   Thumb Code   112  stm32f4xx_ll_usb.o(i.USB_CoreInit)
    USB_DisableGlobalInt                     0x08003fad   Thumb Code    12  stm32f4xx_ll_usb.o(i.USB_DisableGlobalInt)
    USB_DoPing                               0x08003fb9   Thumb Code    30  stm32f4xx_ll_usb.o(i.USB_DoPing)
    USB_DriveVbus                            0x08003fdd   Thumb Code    44  stm32f4xx_ll_usb.o(i.USB_DriveVbus)
    USB_EnableGlobalInt                      0x08004009   Thumb Code    12  stm32f4xx_ll_usb.o(i.USB_EnableGlobalInt)
    USB_FlushRxFifo                          0x08004015   Thumb Code    28  stm32f4xx_ll_usb.o(i.USB_FlushRxFifo)
    USB_FlushTxFifo                          0x08004035   Thumb Code    32  stm32f4xx_ll_usb.o(i.USB_FlushTxFifo)
    USB_GetCurrentFrame                      0x08004059   Thumb Code     8  stm32f4xx_ll_usb.o(i.USB_GetCurrentFrame)
    USB_GetHostSpeed                         0x08004061   Thumb Code    14  stm32f4xx_ll_usb.o(i.USB_GetHostSpeed)
    USB_GetMode                              0x0800406f   Thumb Code     8  stm32f4xx_ll_usb.o(i.USB_GetMode)
    USB_HC_Halt                              0x08004077   Thumb Code   194  stm32f4xx_ll_usb.o(i.USB_HC_Halt)
    USB_HC_Init                              0x08004139   Thumb Code   240  stm32f4xx_ll_usb.o(i.USB_HC_Init)
    USB_HC_ReadInterrupt                     0x08004229   Thumb Code     8  stm32f4xx_ll_usb.o(i.USB_HC_ReadInterrupt)
    USB_HC_StartXfer                         0x08004231   Thumb Code   330  stm32f4xx_ll_usb.o(i.USB_HC_StartXfer)
    USB_HostInit                             0x08004381   Thumb Code   194  stm32f4xx_ll_usb.o(i.USB_HostInit)
    USB_InitFSLSPClkSel                      0x08004459   Thumb Code    54  stm32f4xx_ll_usb.o(i.USB_InitFSLSPClkSel)
    USB_ReadInterrupts                       0x0800448f   Thumb Code     8  stm32f4xx_ll_usb.o(i.USB_ReadInterrupts)
    USB_ReadPacket                           0x08004497   Thumb Code    28  stm32f4xx_ll_usb.o(i.USB_ReadPacket)
    USB_ResetPort                            0x080044b3   Thumb Code    50  stm32f4xx_ll_usb.o(i.USB_ResetPort)
    USB_SetCurrentMode                       0x080044e5   Thumb Code    46  stm32f4xx_ll_usb.o(i.USB_SetCurrentMode)
    USB_StopHost                             0x08004515   Thumb Code   126  stm32f4xx_ll_usb.o(i.USB_StopHost)
    USB_WritePacket                          0x08004593   Thumb Code    36  stm32f4xx_ll_usb.o(i.USB_WritePacket)
    UsageFault_Handler                       0x080045b7   Thumb Code     2  stm32f4xx_it.o(i.UsageFault_Handler)
    Usb_Write_float                          0x080045b9   Thumb Code   340  main.o(i.Usb_Write_float)
    __0snprintf                              0x0800475d   Thumb Code    44  printfa.o(i.__0snprintf)
    __1snprintf                              0x0800475d   Thumb Code     0  printfa.o(i.__0snprintf)
    __2snprintf                              0x0800475d   Thumb Code     0  printfa.o(i.__0snprintf)
    __c89snprintf                            0x0800475d   Thumb Code     0  printfa.o(i.__0snprintf)
    snprintf                                 0x0800475d   Thumb Code     0  printfa.o(i.__0snprintf)
    __0sprintf                               0x0800478d   Thumb Code    34  printfa.o(i.__0sprintf)
    __1sprintf                               0x0800478d   Thumb Code     0  printfa.o(i.__0sprintf)
    __2sprintf                               0x0800478d   Thumb Code     0  printfa.o(i.__0sprintf)
    __c89sprintf                             0x0800478d   Thumb Code     0  printfa.o(i.__0sprintf)
    sprintf                                  0x0800478d   Thumb Code     0  printfa.o(i.__0sprintf)
    __scatterload_copy                       0x080047d5   Thumb Code    14  handlers.o(i.__scatterload_copy)
    __scatterload_null                       0x080047e3   Thumb Code     2  handlers.o(i.__scatterload_null)
    __scatterload_zeroinit                   0x080047e5   Thumb Code    14  handlers.o(i.__scatterload_zeroinit)
    disk_initialize                          0x080055e5   Thumb Code    36  diskio.o(i.disk_initialize)
    disk_ioctl                               0x0800560d   Thumb Code    24  diskio.o(i.disk_ioctl)
    disk_read                                0x08005629   Thumb Code    24  diskio.o(i.disk_read)
    disk_status                              0x08005645   Thumb Code    18  diskio.o(i.disk_status)
    disk_write                               0x0800565d   Thumb Code    24  diskio.o(i.disk_write)
    f_close                                  0x08005679   Thumb Code    40  ff.o(i.f_close)
    f_mount                                  0x080056a1   Thumb Code    84  ff.o(i.f_mount)
    f_open                                   0x080056f9   Thumb Code   534  ff.o(i.f_open)
    f_sync                                   0x08005915   Thumb Code   142  ff.o(i.f_sync)
    f_write                                  0x080059a3   Thumb Code   434  ff.o(i.f_write)
    free                                     0x08005e59   Thumb Code    76  malloc.o(i.free)
    get_fattime                              0x08005f91   Thumb Code     4  fatfs.o(i.get_fattime)
    main                                     0x08006099   Thumb Code   218  main.o(i.main)
    malloc                                   0x08006189   Thumb Code    92  malloc.o(i.malloc)
    USBH_Driver                              0x08006530   Data          20  usbh_diskio.o(.constdata)
    AHBPrescTable                            0x08006544   Data          16  system_stm32f4xx.o(.constdata)
    Region$$Table$$Base                      0x080065f4   Number         0  anon$$obj.o(Region$$Table)
    Region$$Table$$Limit                     0x08006614   Number         0  anon$$obj.o(Region$$Table)
    res                                      0x20000000   Data           1  main.o(.data)
    ds                                       0x20000002   Data           2  main.o(.data)
    ss                                       0x20000004   Data           2  main.o(.data)
    duty                                     0x20000006   Data           2  main.o(.data)
    n                                        0x20000008   Data           4  main.o(.data)
    data_motor                               0x2000000c   Data           4  main.o(.data)
    ki                                       0x20000010   Data           4  main.o(.data)
    kp                                       0x20000014   Data           4  main.o(.data)
    kd                                       0x20000018   Data           4  main.o(.data)
    value                                    0x2000001c   Data           4  main.o(.data)
    USBH_Path                                0x20000020   Data           4  main.o(.data)
    byteswritten                             0x20000024   Data           4  main.o(.data)
    j                                        0x20000028   Data           4  main.o(.data)
    error                                    0x2000002c   Data           4  main.o(.data)
    i                                        0x20000030   Data           4  main.o(.data)
    d                                        0x20000034   Data           4  main.o(.data)
    preError                                 0x20000038   Data           4  main.o(.data)
    count_value                              0x2000003c   Data           4  main.o(.data)
    precount                                 0x20000040   Data           4  main.o(.data)
    retUSBH                                  0x20000044   Data           1  fatfs.o(.data)
    USBHPath                                 0x20000045   Data           4  fatfs.o(.data)
    Appli_state                              0x20000049   Data           1  usb_host.o(.data)
    SystemCoreClock                          0x2000004c   Data           4  system_stm32f4xx.o(.data)
    uwTickFreq                               0x20000054   Data           1  stm32f4xx_hal.o(.data)
    uwTickPrio                               0x20000058   Data           4  stm32f4xx_hal.o(.data)
    uwTick                                   0x2000005c   Data           4  stm32f4xx_hal.o(.data)
    USBH_msc                                 0x20000068   Data          32  usbh_msc.o(.data)
    __microlib_freelist                      0x20000088   Data           4  mvars.o(.data)
    __microlib_freelist_initialised          0x2000008c   Data           4  mvars.o(.data)
    htim3                                    0x20000090   Data          64  main.o(.bss)
    htim4                                    0x200000d0   Data          64  main.o(.bss)
    myUsbFatFS                               0x20000110   Data        4148  main.o(.bss)
    myFile                                   0x20001144   Data        4144  main.o(.bss)
    rwtext                                   0x20002174   Data       100000  main.o(.bss)
    data_s                                   0x2001a814   Data        2000  main.o(.bss)
    data_duty                                0x2001afe4   Data        2000  main.o(.bss)
    data_count                               0x2001b7b4   Data        2000  main.o(.bss)
    d_motor                                  0x2001bf84   Data        2000  main.o(.bss)
    d_value                                  0x2001c754   Data        2000  main.o(.bss)
    d_s                                      0x2001cf24   Data         100  main.o(.bss)
    dd                                       0x2001cf88   Data         100  main.o(.bss)
    dc                                       0x2001cfec   Data         100  main.o(.bss)
    dm                                       0x2001d050   Data         100  main.o(.bss)
    dv                                       0x2001d0b4   Data         100  main.o(.bss)
    data0                                    0x2001d118   Data         100  main.o(.bss)
    hUsbHostHS                               0x2001d17c   Data         972  usb_host.o(.bss)
    hhcd_USB_OTG_HS                          0x2001d548   Data         708  usbh_conf.o(.bss)
    disk                                     0x2001d82c   Data          12  ff_gen_drv.o(.bss)
    __heap_base                              0x2001d838   Data           0  startup_stm32f429xx.o(HEAP)
    __heap_limit                             0x2001da38   Data           0  startup_stm32f429xx.o(HEAP)
    __initial_sp                             0x2001de38   Data           0  startup_stm32f429xx.o(STACK)



==============================================================================

Memory Map of the image

  Image Entry point : 0x080001ad

  Load Region LR_IROM1 (Base: 0x08000000, Size: 0x000066a4, Max: 0x00200000, ABSOLUTE)

    Execution Region ER_IROM1 (Exec base: 0x08000000, Load base: 0x08000000, Size: 0x00006614, Max: 0x00200000, ABSOLUTE)

    Exec Addr    Load Addr    Size         Type   Attr      Idx    E Section Name        Object

    0x08000000   0x08000000   0x000001ac   Data   RO            3    RESET               startup_stm32f429xx.o
    0x080001ac   0x080001ac   0x00000000   Code   RO         4377  * .ARM.Collect$$$$00000000  mc_w.l(entry.o)
    0x080001ac   0x080001ac   0x00000004   Code   RO         4683    .ARM.Collect$$$$00000001  mc_w.l(entry2.o)
    0x080001b0   0x080001b0   0x00000004   Code   RO         4686    .ARM.Collect$$$$00000004  mc_w.l(entry5.o)
    0x080001b4   0x080001b4   0x00000000   Code   RO         4688    .ARM.Collect$$$$00000008  mc_w.l(entry7b.o)
    0x080001b4   0x080001b4   0x00000000   Code   RO         4690    .ARM.Collect$$$$0000000A  mc_w.l(entry8b.o)
    0x080001b4   0x080001b4   0x00000008   Code   RO         4691    .ARM.Collect$$$$0000000B  mc_w.l(entry9a.o)
    0x080001bc   0x080001bc   0x00000000   Code   RO         4693    .ARM.Collect$$$$0000000D  mc_w.l(entry10a.o)
    0x080001bc   0x080001bc   0x00000000   Code   RO         4695    .ARM.Collect$$$$0000000F  mc_w.l(entry11a.o)
    0x080001bc   0x080001bc   0x00000004   Code   RO         4684    .ARM.Collect$$$$00002712  mc_w.l(entry2.o)
    0x080001c0   0x080001c0   0x00000024   Code   RO            4    .text               startup_stm32f429xx.o
    0x080001e4   0x080001e4   0x00000062   Code   RO         4380    .text               mc_w.l(uldiv.o)
    0x08000246   0x08000246   0x00000024   Code   RO         4382    .text               mc_w.l(memcpya.o)
    0x0800026a   0x0800026a   0x00000024   Code   RO         4384    .text               mc_w.l(memseta.o)
    0x0800028e   0x0800028e   0x00000018   Code   RO         4386    .text               mc_w.l(strcat.o)
    0x080002a6   0x080002a6   0x0000000e   Code   RO         4388    .text               mc_w.l(strlen.o)
    0x080002b4   0x080002b4   0x00000026   Code   RO         4681    .text               mf_w.l(f2d.o)
    0x080002da   0x080002da   0x0000002c   Code   RO         4700    .text               mc_w.l(uidiv.o)
    0x08000306   0x08000306   0x0000001e   Code   RO         4702    .text               mc_w.l(llshl.o)
    0x08000324   0x08000324   0x00000020   Code   RO         4704    .text               mc_w.l(llushr.o)
    0x08000344   0x08000344   0x00000000   Code   RO         4708    .text               mc_w.l(iusefp.o)
    0x08000344   0x08000344   0x0000014e   Code   RO         4709    .text               mf_w.l(dadd.o)
    0x08000492   0x08000492   0x000000e4   Code   RO         4711    .text               mf_w.l(dmul.o)
    0x08000576   0x08000576   0x000000de   Code   RO         4713    .text               mf_w.l(ddiv.o)
    0x08000654   0x08000654   0x00000030   Code   RO         4715    .text               mf_w.l(dfixul.o)
    0x08000684   0x08000684   0x00000030   Code   RO         4717    .text               mf_w.l(cdrcmple.o)
    0x080006b4   0x080006b4   0x00000024   Code   RO         4719    .text               mc_w.l(init.o)
    0x080006d8   0x080006d8   0x00000024   Code   RO         4722    .text               mc_w.l(llsshr.o)
    0x080006fc   0x080006fc   0x000000ba   Code   RO         4725    .text               mf_w.l(depilogue.o)
    0x080007b6   0x080007b6   0x00000002   Code   RO          577    i.BusFault_Handler  stm32f4xx_it.o
    0x080007b8   0x080007b8   0x00000048   Code   RO         3846    i.DeInitStateMachine  usbh_core.o
    0x08000800   0x08000800   0x00000002   Code   RO          578    i.DebugMon_Handler  stm32f4xx_it.o
    0x08000802   0x08000802   0x00000006   Code   RO          579    i.EXTI0_IRQHandler  stm32f4xx_it.o
    0x08000808   0x08000808   0x00000002   Code   RO           13    i.Error_Handler     main.o
    0x0800080a   0x0800080a   0x00000006   Code   RO         3772    i.FATFS_LinkDriver  ff_gen_drv.o
    0x08000810   0x08000810   0x00000040   Code   RO         3773    i.FATFS_LinkDriverEx  ff_gen_drv.o
    0x08000850   0x08000850   0x00000024   Code   RO         3118    i.HAL_Delay         stm32f4xx_hal.o
    0x08000874   0x08000874   0x00000048   Code   RO           14    i.HAL_GPIO_EXTI_Callback  main.o
    0x080008bc   0x080008bc   0x00000018   Code   RO         2573    i.HAL_GPIO_EXTI_IRQHandler  stm32f4xx_hal_gpio.o
    0x080008d4   0x080008d4   0x000001d4   Code   RO         2574    i.HAL_GPIO_Init     stm32f4xx_hal_gpio.o
    0x08000aa8   0x08000aa8   0x0000000a   Code   RO         2576    i.HAL_GPIO_ReadPin  stm32f4xx_hal_gpio.o
    0x08000ab2   0x08000ab2   0x0000000e   Code   RO         2577    i.HAL_GPIO_TogglePin  stm32f4xx_hal_gpio.o
    0x08000ac0   0x08000ac0   0x0000000a   Code   RO         2578    i.HAL_GPIO_WritePin  stm32f4xx_hal_gpio.o
    0x08000aca   0x08000aca   0x00000002   PAD
    0x08000acc   0x08000acc   0x0000000c   Code   RO         3126    i.HAL_GetTick       stm32f4xx_hal.o
    0x08000ad8   0x08000ad8   0x00000008   Code   RO          399    i.HAL_HCD_Connect_Callback  usbh_conf.o
    0x08000ae0   0x08000ae0   0x00000008   Code   RO          400    i.HAL_HCD_Disconnect_Callback  usbh_conf.o
    0x08000ae8   0x08000ae8   0x00000006   Code   RO          766    i.HAL_HCD_GetCurrentFrame  stm32f4xx_hal_hcd.o
    0x08000aee   0x08000aee   0x00000006   Code   RO          767    i.HAL_HCD_GetCurrentSpeed  stm32f4xx_hal_hcd.o
    0x08000af4   0x08000af4   0x0000000e   Code   RO          770    i.HAL_HCD_HC_GetURBState  stm32f4xx_hal_hcd.o
    0x08000b02   0x08000b02   0x0000000c   Code   RO          771    i.HAL_HCD_HC_GetXferCount  stm32f4xx_hal_hcd.o
    0x08000b0e   0x08000b0e   0x00000024   Code   RO          772    i.HAL_HCD_HC_Halt   stm32f4xx_hal_hcd.o
    0x08000b32   0x08000b32   0x00000072   Code   RO          773    i.HAL_HCD_HC_Init   stm32f4xx_hal_hcd.o
    0x08000ba4   0x08000ba4   0x00000002   Code   RO          401    i.HAL_HCD_HC_NotifyURBChange_Callback  usbh_conf.o
    0x08000ba6   0x08000ba6   0x0000008e   Code   RO          775    i.HAL_HCD_HC_SubmitRequest  stm32f4xx_hal_hcd.o
    0x08000c34   0x08000c34   0x00000132   Code   RO          776    i.HAL_HCD_IRQHandler  stm32f4xx_hal_hcd.o
    0x08000d66   0x08000d66   0x00000072   Code   RO          777    i.HAL_HCD_Init      stm32f4xx_hal_hcd.o
    0x08000dd8   0x08000dd8   0x0000008c   Code   RO          403    i.HAL_HCD_MspInit   usbh_conf.o
    0x08000e64   0x08000e64   0x00000008   Code   RO          404    i.HAL_HCD_PortDisabled_Callback  usbh_conf.o
    0x08000e6c   0x08000e6c   0x00000008   Code   RO          405    i.HAL_HCD_PortEnabled_Callback  usbh_conf.o
    0x08000e74   0x08000e74   0x00000006   Code   RO          782    i.HAL_HCD_ResetPort  stm32f4xx_hal_hcd.o
    0x08000e7a   0x08000e7a   0x00000008   Code   RO          406    i.HAL_HCD_SOF_Callback  usbh_conf.o
    0x08000e82   0x08000e82   0x0000002c   Code   RO          784    i.HAL_HCD_Start     stm32f4xx_hal_hcd.o
    0x08000eae   0x08000eae   0x00000024   Code   RO          785    i.HAL_HCD_Stop      stm32f4xx_hal_hcd.o
    0x08000ed2   0x08000ed2   0x00000002   PAD
    0x08000ed4   0x08000ed4   0x00000010   Code   RO         3132    i.HAL_IncTick       stm32f4xx_hal.o
    0x08000ee4   0x08000ee4   0x00000034   Code   RO         3133    i.HAL_Init          stm32f4xx_hal.o
    0x08000f18   0x08000f18   0x00000040   Code   RO         3134    i.HAL_InitTick      stm32f4xx_hal.o
    0x08000f58   0x08000f58   0x00000030   Code   RO          671    i.HAL_MspInit       stm32f4xx_hal_msp.o
    0x08000f88   0x08000f88   0x0000001a   Code   RO         2981    i.HAL_NVIC_EnableIRQ  stm32f4xx_hal_cortex.o
    0x08000fa2   0x08000fa2   0x00000002   PAD
    0x08000fa4   0x08000fa4   0x00000040   Code   RO         2987    i.HAL_NVIC_SetPriority  stm32f4xx_hal_cortex.o
    0x08000fe4   0x08000fe4   0x00000024   Code   RO         2988    i.HAL_NVIC_SetPriorityGrouping  stm32f4xx_hal_cortex.o
    0x08001008   0x08001008   0x00000134   Code   RO         2168    i.HAL_RCC_ClockConfig  stm32f4xx_hal_rcc.o
    0x0800113c   0x0800113c   0x00000060   Code   RO         2177    i.HAL_RCC_GetSysClockFreq  stm32f4xx_hal_rcc.o
    0x0800119c   0x0800119c   0x0000035c   Code   RO         2180    i.HAL_RCC_OscConfig  stm32f4xx_hal_rcc.o
    0x080014f8   0x080014f8   0x00000028   Code   RO         2992    i.HAL_SYSTICK_Config  stm32f4xx_hal_cortex.o
    0x08001520   0x08001520   0x00000002   Code   RO         1916    i.HAL_TIMEx_BreakCallback  stm32f4xx_hal_tim_ex.o
    0x08001522   0x08001522   0x00000002   Code   RO         1917    i.HAL_TIMEx_CommutCallback  stm32f4xx_hal_tim_ex.o
    0x08001524   0x08001524   0x00000090   Code   RO         1934    i.HAL_TIMEx_MasterConfigSynchronization  stm32f4xx_hal_tim_ex.o
    0x080015b4   0x080015b4   0x00000036   Code   RO         1241    i.HAL_TIM_Base_Init  stm32f4xx_hal_tim.o
    0x080015ea   0x080015ea   0x00000002   PAD
    0x080015ec   0x080015ec   0x0000003c   Code   RO          673    i.HAL_TIM_Base_MspInit  stm32f4xx_hal_msp.o
    0x08001628   0x08001628   0x00000022   Code   RO         1246    i.HAL_TIM_Base_Start_IT  stm32f4xx_hal_tim.o
    0x0800164a   0x0800164a   0x000000d6   Code   RO         1250    i.HAL_TIM_ConfigClockSource  stm32f4xx_hal_tim.o
    0x08001720   0x08001720   0x00000002   Code   RO         1270    i.HAL_TIM_IC_CaptureCallback  stm32f4xx_hal_tim.o
    0x08001722   0x08001722   0x00000166   Code   RO         1284    i.HAL_TIM_IRQHandler  stm32f4xx_hal_tim.o
    0x08001888   0x08001888   0x00000064   Code   RO          674    i.HAL_TIM_MspPostInit  stm32f4xx_hal_msp.o
    0x080018ec   0x080018ec   0x00000002   Code   RO         1287    i.HAL_TIM_OC_DelayElapsedCallback  stm32f4xx_hal_tim.o
    0x080018ee   0x080018ee   0x000000d0   Code   RO         1308    i.HAL_TIM_PWM_ConfigChannel  stm32f4xx_hal_tim.o
    0x080019be   0x080019be   0x00000036   Code   RO         1311    i.HAL_TIM_PWM_Init  stm32f4xx_hal_tim.o
    0x080019f4   0x080019f4   0x00000028   Code   RO          676    i.HAL_TIM_PWM_MspInit  stm32f4xx_hal_msp.o
    0x08001a1c   0x08001a1c   0x00000002   Code   RO         1314    i.HAL_TIM_PWM_PulseFinishedCallback  stm32f4xx_hal_tim.o
    0x08001a1e   0x08001a1e   0x00000002   PAD
    0x08001a20   0x08001a20   0x00000044   Code   RO         1316    i.HAL_TIM_PWM_Start  stm32f4xx_hal_tim.o
    0x08001a64   0x08001a64   0x0000014c   Code   RO           15    i.HAL_TIM_PeriodElapsedCallback  main.o
    0x08001bb0   0x08001bb0   0x00000002   Code   RO         1327    i.HAL_TIM_TriggerCallback  stm32f4xx_hal_tim.o
    0x08001bb2   0x08001bb2   0x0000022c   Code   RO          786    i.HCD_HC_IN_IRQHandler  stm32f4xx_hal_hcd.o
    0x08001dde   0x08001dde   0x00000244   Code   RO          787    i.HCD_HC_OUT_IRQHandler  stm32f4xx_hal_hcd.o
    0x08002022   0x08002022   0x000000b8   Code   RO          788    i.HCD_Port_IRQHandler  stm32f4xx_hal_hcd.o
    0x080020da   0x080020da   0x00000002   PAD
    0x080020dc   0x080020dc   0x00000070   Code   RO          789    i.HCD_RXQLVL_IRQHandler  stm32f4xx_hal_hcd.o
    0x0800214c   0x0800214c   0x00000002   Code   RO          580    i.HardFault_Handler  stm32f4xx_it.o
    0x0800214e   0x0800214e   0x00000002   PAD
    0x08002150   0x08002150   0x0000001c   Code   RO          322    i.MX_FATFS_Init     fatfs.o
    0x0800216c   0x0800216c   0x00000100   Code   RO           16    i.MX_GPIO_Init      main.o
    0x0800226c   0x0800226c   0x00000054   Code   RO           17    i.MX_TIM3_Init      main.o
    0x080022c0   0x080022c0   0x00000068   Code   RO           18    i.MX_TIM4_Init      main.o
    0x08002328   0x08002328   0x00000040   Code   RO          360    i.MX_USB_HOST_Init  usb_host.o
    0x08002368   0x08002368   0x0000000c   Code   RO          361    i.MX_USB_HOST_Process  usb_host.o
    0x08002374   0x08002374   0x00000002   Code   RO          581    i.MemManage_Handler  stm32f4xx_it.o
    0x08002376   0x08002376   0x00000002   Code   RO          582    i.NMI_Handler       stm32f4xx_it.o
    0x08002378   0x08002378   0x0000000c   Code   RO          583    i.OTG_HS_IRQHandler  stm32f4xx_it.o
    0x08002384   0x08002384   0x00000002   Code   RO          584    i.PendSV_Handler    stm32f4xx_it.o
    0x08002386   0x08002386   0x00000002   Code   RO          585    i.SVC_Handler       stm32f4xx_it.o
    0x08002388   0x08002388   0x00000004   Code   RO          586    i.SysTick_Handler   stm32f4xx_it.o
    0x0800238c   0x0800238c   0x00000088   Code   RO           19    i.SystemClock_Config  main.o
    0x08002414   0x08002414   0x0000001c   Code   RO          726    i.SystemInit        system_stm32f4xx.o
    0x08002430   0x08002430   0x0000000c   Code   RO          587    i.TIM3_IRQHandler   stm32f4xx_it.o
    0x0800243c   0x0800243c   0x000000c8   Code   RO         1329    i.TIM_Base_SetConfig  stm32f4xx_hal_tim.o
    0x08002504   0x08002504   0x0000001a   Code   RO         1330    i.TIM_CCxChannelCmd  stm32f4xx_hal_tim.o
    0x0800251e   0x0800251e   0x00000014   Code   RO         1340    i.TIM_ETR_SetConfig  stm32f4xx_hal_tim.o
    0x08002532   0x08002532   0x00000010   Code   RO         1341    i.TIM_ITRx_SetConfig  stm32f4xx_hal_tim.o
    0x08002542   0x08002542   0x00000002   PAD
    0x08002544   0x08002544   0x00000060   Code   RO         1342    i.TIM_OC1_SetConfig  stm32f4xx_hal_tim.o
    0x080025a4   0x080025a4   0x0000006c   Code   RO         1343    i.TIM_OC2_SetConfig  stm32f4xx_hal_tim.o
    0x08002610   0x08002610   0x00000068   Code   RO         1344    i.TIM_OC3_SetConfig  stm32f4xx_hal_tim.o
    0x08002678   0x08002678   0x00000050   Code   RO         1345    i.TIM_OC4_SetConfig  stm32f4xx_hal_tim.o
    0x080026c8   0x080026c8   0x00000022   Code   RO         1347    i.TIM_TI1_ConfigInputStage  stm32f4xx_hal_tim.o
    0x080026ea   0x080026ea   0x00000024   Code   RO         1349    i.TIM_TI2_ConfigInputStage  stm32f4xx_hal_tim.o
    0x0800270e   0x0800270e   0x00000034   Code   RO         4146    i.USBH_AllocPipe    usbh_pipes.o
    0x08002742   0x08002742   0x00000020   Code   RO         4074    i.USBH_BulkReceiveData  usbh_ioreq.o
    0x08002762   0x08002762   0x00000028   Code   RO         4075    i.USBH_BulkSendData  usbh_ioreq.o
    0x0800278a   0x0800278a   0x0000000a   Code   RO         4147    i.USBH_ClosePipe    usbh_pipes.o
    0x08002794   0x08002794   0x0000001e   Code   RO         3980    i.USBH_ClrFeature   usbh_ctlreq.o
    0x080027b2   0x080027b2   0x0000001e   Code   RO         4076    i.USBH_CtlReceiveData  usbh_ioreq.o
    0x080027d0   0x080027d0   0x0000003a   Code   RO         3981    i.USBH_CtlReq       usbh_ctlreq.o
    0x0800280a   0x0800280a   0x00000028   Code   RO         4077    i.USBH_CtlSendData  usbh_ioreq.o
    0x08002832   0x08002832   0x0000001e   Code   RO         4078    i.USBH_CtlSendSetup  usbh_ioreq.o
    0x08002850   0x08002850   0x00000004   Code   RO          407    i.USBH_Delay        usbh_conf.o
    0x08002854   0x08002854   0x00000044   Code   RO         3848    i.USBH_FindInterface  usbh_core.o
    0x08002898   0x08002898   0x00000018   Code   RO         4148    i.USBH_FreePipe     usbh_pipes.o
    0x080028b0   0x080028b0   0x00000034   Code   RO         3982    i.USBH_GetDescriptor  usbh_ctlreq.o
    0x080028e4   0x080028e4   0x0000000e   Code   RO         3983    i.USBH_GetNextDesc  usbh_ctlreq.o
    0x080028f2   0x080028f2   0x0000002c   Code   RO         3984    i.USBH_Get_CfgDesc  usbh_ctlreq.o
    0x0800291e   0x0800291e   0x00000090   Code   RO         3985    i.USBH_Get_DevDesc  usbh_ctlreq.o
    0x080029ae   0x080029ae   0x00000048   Code   RO         3986    i.USBH_Get_StringDesc  usbh_ctlreq.o
    0x080029f6   0x080029f6   0x00000018   Code   RO          408    i.USBH_Get_USB_Status  usbh_conf.o
    0x08002a0e   0x08002a0e   0x0000018a   Code   RO         3987    i.USBH_HandleControl  usbh_ctlreq.o
    0x08002b98   0x08002b98   0x000000f2   Code   RO         3851    i.USBH_HandleEnum   usbh_core.o
    0x08002c8a   0x08002c8a   0x00000030   Code   RO         3852    i.USBH_Init         usbh_core.o
    0x08002cba   0x08002cba   0x00000012   Code   RO          409    i.USBH_LL_ClosePipe  usbh_conf.o
    0x08002ccc   0x08002ccc   0x0000002a   Code   RO         3854    i.USBH_LL_Connect   usbh_core.o
    0x08002cf6   0x08002cf6   0x00000038   Code   RO         3855    i.USBH_LL_Disconnect  usbh_core.o
    0x08002d2e   0x08002d2e   0x0000000c   Code   RO          411    i.USBH_LL_DriverVBUS  usbh_conf.o
    0x08002d3a   0x08002d3a   0x00000008   Code   RO          412    i.USBH_LL_GetLastXferSize  usbh_conf.o
    0x08002d42   0x08002d42   0x00000022   Code   RO          413    i.USBH_LL_GetSpeed  usbh_conf.o
    0x08002d64   0x08002d64   0x0000001e   Code   RO          414    i.USBH_LL_GetToggle  usbh_conf.o
    0x08002d82   0x08002d82   0x00000008   Code   RO          415    i.USBH_LL_GetURBState  usbh_conf.o
    0x08002d8a   0x08002d8a   0x0000001e   Code   RO         3856    i.USBH_LL_IncTimer  usbh_core.o
    0x08002da8   0x08002da8   0x00000054   Code   RO          416    i.USBH_LL_Init      usbh_conf.o
    0x08002dfc   0x08002dfc   0x0000001c   Code   RO          417    i.USBH_LL_OpenPipe  usbh_conf.o
    0x08002e18   0x08002e18   0x00000008   Code   RO         3857    i.USBH_LL_PortDisabled  usbh_core.o
    0x08002e20   0x08002e20   0x00000008   Code   RO         3858    i.USBH_LL_PortEnabled  usbh_core.o
    0x08002e28   0x08002e28   0x00000012   Code   RO          418    i.USBH_LL_ResetPort  usbh_conf.o
    0x08002e3a   0x08002e3a   0x00000006   Code   RO         3859    i.USBH_LL_SetTimer  usbh_core.o
    0x08002e40   0x08002e40   0x00000020   Code   RO          419    i.USBH_LL_SetToggle  usbh_conf.o
    0x08002e60   0x08002e60   0x00000012   Code   RO          420    i.USBH_LL_Start     usbh_conf.o
    0x08002e72   0x08002e72   0x00000012   Code   RO          421    i.USBH_LL_Stop      usbh_conf.o
    0x08002e84   0x08002e84   0x00000022   Code   RO          422    i.USBH_LL_SubmitURB  usbh_conf.o
    0x08002ea6   0x08002ea6   0x0000001e   Code   RO         4279    i.USBH_MSC_BOT_Abort  usbh_msc_bot.o
    0x08002ec4   0x08002ec4   0x00000024   Code   RO         4280    i.USBH_MSC_BOT_Init  usbh_msc_bot.o
    0x08002ee8   0x08002ee8   0x000001dc   Code   RO         4281    i.USBH_MSC_BOT_Process  usbh_msc_bot.o
    0x080030c4   0x080030c4   0x00000016   Code   RO         4282    i.USBH_MSC_BOT_REQ_GetMaxLUN  usbh_msc_bot.o
    0x080030da   0x080030da   0x00000016   Code   RO         4283    i.USBH_MSC_BOT_REQ_Reset  usbh_msc_bot.o
    0x080030f0   0x080030f0   0x00000078   Code   RO         4188    i.USBH_MSC_ClassRequest  usbh_msc.o
    0x08003168   0x08003168   0x0000002e   Code   RO         4189    i.USBH_MSC_GetLUNInfo  usbh_msc.o
    0x08003196   0x08003196   0x0000004a   Code   RO         4191    i.USBH_MSC_InterfaceDeInit  usbh_msc.o
    0x080031e0   0x080031e0   0x0000014c   Code   RO         4192    i.USBH_MSC_InterfaceInit  usbh_msc.o
    0x0800332c   0x0800332c   0x0000027e   Code   RO         4194    i.USBH_MSC_Process  usbh_msc.o
    0x080035aa   0x080035aa   0x00000002   PAD
    0x080035ac   0x080035ac   0x0000008e   Code   RO         4195    i.USBH_MSC_RdWrProcess  usbh_msc.o
    0x0800363a   0x0800363a   0x0000008a   Code   RO         4196    i.USBH_MSC_Read     usbh_msc.o
    0x080036c4   0x080036c4   0x000000d4   Code   RO         4326    i.USBH_MSC_SCSI_Inquiry  usbh_msc_scsi.o
    0x08003798   0x08003798   0x00000080   Code   RO         4327    i.USBH_MSC_SCSI_Read  usbh_msc_scsi.o
    0x08003818   0x08003818   0x0000007a   Code   RO         4328    i.USBH_MSC_SCSI_ReadCapacity  usbh_msc_scsi.o
    0x08003892   0x08003892   0x00000092   Code   RO         4329    i.USBH_MSC_SCSI_RequestSense  usbh_msc_scsi.o
    0x08003924   0x08003924   0x0000004c   Code   RO         4330    i.USBH_MSC_SCSI_TestUnitReady  usbh_msc_scsi.o
    0x08003970   0x08003970   0x00000080   Code   RO         4331    i.USBH_MSC_SCSI_Write  usbh_msc_scsi.o
    0x080039f0   0x080039f0   0x00000004   Code   RO         4197    i.USBH_MSC_SOFProcess  usbh_msc.o
    0x080039f4   0x080039f4   0x00000026   Code   RO         4198    i.USBH_MSC_UnitIsReady  usbh_msc.o
    0x08003a1a   0x08003a1a   0x0000008a   Code   RO         4199    i.USBH_MSC_Write    usbh_msc.o
    0x08003aa4   0x08003aa4   0x00000014   Code   RO         4149    i.USBH_OpenPipe     usbh_pipes.o
    0x08003ab8   0x08003ab8   0x000000dc   Code   RO         3988    i.USBH_ParseCfgDesc  usbh_ctlreq.o
    0x08003b94   0x08003b94   0x000001a0   Code   RO         3860    i.USBH_Process      usbh_core.o
    0x08003d34   0x08003d34   0x0000001c   Code   RO         3862    i.USBH_RegisterClass  usbh_core.o
    0x08003d50   0x08003d50   0x00000016   Code   RO         3863    i.USBH_SelectInterface  usbh_core.o
    0x08003d66   0x08003d66   0x0000001c   Code   RO         3989    i.USBH_SetAddress   usbh_ctlreq.o
    0x08003d82   0x08003d82   0x0000001c   Code   RO         3990    i.USBH_SetCfg       usbh_ctlreq.o
    0x08003d9e   0x08003d9e   0x0000001c   Code   RO         3991    i.USBH_SetFeature   usbh_ctlreq.o
    0x08003dba   0x08003dba   0x00000014   Code   RO         3864    i.USBH_Start        usbh_core.o
    0x08003dce   0x08003dce   0x00000002   PAD
    0x08003dd0   0x08003dd0   0x00000020   Code   RO          362    i.USBH_UserProcess  usb_host.o
    0x08003df0   0x08003df0   0x00000004   Code   RO          263    i.USBH_initialize   usbh_diskio.o
    0x08003df4   0x08003df4   0x00000064   Code   RO          264    i.USBH_ioctl        usbh_diskio.o
    0x08003e58   0x08003e58   0x00000044   Code   RO          265    i.USBH_read         usbh_diskio.o
    0x08003e9c   0x08003e9c   0x00000018   Code   RO          266    i.USBH_status       usbh_diskio.o
    0x08003eb4   0x08003eb4   0x0000004c   Code   RO          267    i.USBH_write        usbh_diskio.o
    0x08003f00   0x08003f00   0x00000074   Code   RO          944    i.USB_CoreInit      stm32f4xx_ll_usb.o
    0x08003f74   0x08003f74   0x00000038   Code   RO          945    i.USB_CoreReset     stm32f4xx_ll_usb.o
    0x08003fac   0x08003fac   0x0000000c   Code   RO          952    i.USB_DisableGlobalInt  stm32f4xx_ll_usb.o
    0x08003fb8   0x08003fb8   0x00000024   Code   RO          953    i.USB_DoPing        stm32f4xx_ll_usb.o
    0x08003fdc   0x08003fdc   0x0000002c   Code   RO          954    i.USB_DriveVbus     stm32f4xx_ll_usb.o
    0x08004008   0x08004008   0x0000000c   Code   RO          960    i.USB_EnableGlobalInt  stm32f4xx_ll_usb.o
    0x08004014   0x08004014   0x00000020   Code   RO          961    i.USB_FlushRxFifo   stm32f4xx_ll_usb.o
    0x08004034   0x08004034   0x00000024   Code   RO          962    i.USB_FlushTxFifo   stm32f4xx_ll_usb.o
    0x08004058   0x08004058   0x00000008   Code   RO          963    i.USB_GetCurrentFrame  stm32f4xx_ll_usb.o
    0x08004060   0x08004060   0x0000000e   Code   RO          965    i.USB_GetHostSpeed  stm32f4xx_ll_usb.o
    0x0800406e   0x0800406e   0x00000008   Code   RO          966    i.USB_GetMode       stm32f4xx_ll_usb.o
    0x08004076   0x08004076   0x000000c2   Code   RO          967    i.USB_HC_Halt       stm32f4xx_ll_usb.o
    0x08004138   0x08004138   0x000000f0   Code   RO          968    i.USB_HC_Init       stm32f4xx_ll_usb.o
    0x08004228   0x08004228   0x00000008   Code   RO          969    i.USB_HC_ReadInterrupt  stm32f4xx_ll_usb.o
    0x08004230   0x08004230   0x00000150   Code   RO          970    i.USB_HC_StartXfer  stm32f4xx_ll_usb.o
    0x08004380   0x08004380   0x000000d8   Code   RO          971    i.USB_HostInit      stm32f4xx_ll_usb.o
    0x08004458   0x08004458   0x00000036   Code   RO          972    i.USB_InitFSLSPClkSel  stm32f4xx_ll_usb.o
    0x0800448e   0x0800448e   0x00000008   Code   RO          977    i.USB_ReadInterrupts  stm32f4xx_ll_usb.o
    0x08004496   0x08004496   0x0000001c   Code   RO          978    i.USB_ReadPacket    stm32f4xx_ll_usb.o
    0x080044b2   0x080044b2   0x00000032   Code   RO          979    i.USB_ResetPort     stm32f4xx_ll_usb.o
    0x080044e4   0x080044e4   0x0000002e   Code   RO          980    i.USB_SetCurrentMode  stm32f4xx_ll_usb.o
    0x08004512   0x08004512   0x00000002   PAD
    0x08004514   0x08004514   0x0000007e   Code   RO          985    i.USB_StopHost      stm32f4xx_ll_usb.o
    0x08004592   0x08004592   0x00000024   Code   RO          986    i.USB_WritePacket   stm32f4xx_ll_usb.o
    0x080045b6   0x080045b6   0x00000002   Code   RO          588    i.UsageFault_Handler  stm32f4xx_it.o
    0x080045b8   0x080045b8   0x000001a4   Code   RO           20    i.Usb_Write_float   main.o
    0x0800475c   0x0800475c   0x00000030   Code   RO         4626    i.__0snprintf       mc_w.l(printfa.o)
    0x0800478c   0x0800478c   0x00000028   Code   RO         4627    i.__0sprintf        mc_w.l(printfa.o)
    0x080047b4   0x080047b4   0x00000020   Code   RO         2994    i.__NVIC_SetPriority  stm32f4xx_hal_cortex.o
    0x080047d4   0x080047d4   0x0000000e   Code   RO         4729    i.__scatterload_copy  mc_w.l(handlers.o)
    0x080047e2   0x080047e2   0x00000002   Code   RO         4730    i.__scatterload_null  mc_w.l(handlers.o)
    0x080047e4   0x080047e4   0x0000000e   Code   RO         4731    i.__scatterload_zeroinit  mc_w.l(handlers.o)
    0x080047f2   0x080047f2   0x00000002   PAD
    0x080047f4   0x080047f4   0x00000184   Code   RO         4632    i._fp_digits        mc_w.l(printfa.o)
    0x08004978   0x08004978   0x000006dc   Code   RO         4633    i._printf_core      mc_w.l(printfa.o)
    0x08005054   0x08005054   0x00000024   Code   RO         4634    i._printf_post_padding  mc_w.l(printfa.o)
    0x08005078   0x08005078   0x0000002e   Code   RO         4635    i._printf_pre_padding  mc_w.l(printfa.o)
    0x080050a6   0x080050a6   0x00000016   Code   RO         4636    i._snputc           mc_w.l(printfa.o)
    0x080050bc   0x080050bc   0x0000000a   Code   RO         4637    i._sputc            mc_w.l(printfa.o)
    0x080050c6   0x080050c6   0x00000002   PAD
    0x080050c8   0x080050c8   0x00000070   Code   RO         3436    i.check_fs          ff.o
    0x08005138   0x08005138   0x0000005c   Code   RO         3437    i.chk_lock          ff.o
    0x08005194   0x08005194   0x00000020   Code   RO         3438    i.clear_lock        ff.o
    0x080051b4   0x080051b4   0x00000026   Code   RO         3439    i.clmt_clust        ff.o
    0x080051da   0x080051da   0x00000018   Code   RO         3440    i.clust2sect        ff.o
    0x080051f2   0x080051f2   0x000000a4   Code   RO         3441    i.create_chain      ff.o
    0x08005296   0x08005296   0x00000002   PAD
    0x08005298   0x08005298   0x000000bc   Code   RO         3442    i.create_name       ff.o
    0x08005354   0x08005354   0x00000034   Code   RO         3443    i.dec_lock          ff.o
    0x08005388   0x08005388   0x00000064   Code   RO         3444    i.dir_find          ff.o
    0x080053ec   0x080053ec   0x00000102   Code   RO         3445    i.dir_next          ff.o
    0x080054ee   0x080054ee   0x00000066   Code   RO         3447    i.dir_register      ff.o
    0x08005554   0x08005554   0x0000008e   Code   RO         3449    i.dir_sdi           ff.o
    0x080055e2   0x080055e2   0x00000002   PAD
    0x080055e4   0x080055e4   0x00000028   Code   RO         3381    i.disk_initialize   diskio.o
    0x0800560c   0x0800560c   0x0000001c   Code   RO         3382    i.disk_ioctl        diskio.o
    0x08005628   0x08005628   0x0000001c   Code   RO         3383    i.disk_read         diskio.o
    0x08005644   0x08005644   0x00000018   Code   RO         3384    i.disk_status       diskio.o
    0x0800565c   0x0800565c   0x0000001c   Code   RO         3385    i.disk_write        diskio.o
    0x08005678   0x08005678   0x00000028   Code   RO         3450    i.f_close           ff.o
    0x080056a0   0x080056a0   0x00000058   Code   RO         3457    i.f_mount           ff.o
    0x080056f8   0x080056f8   0x0000021c   Code   RO         3458    i.f_open            ff.o
    0x08005914   0x08005914   0x0000008e   Code   RO         3467    i.f_sync            ff.o
    0x080059a2   0x080059a2   0x000001b2   Code   RO         3470    i.f_write           ff.o
    0x08005b54   0x08005b54   0x00000288   Code   RO         3471    i.find_volume       ff.o
    0x08005ddc   0x08005ddc   0x0000007a   Code   RO         3472    i.follow_path       ff.o
    0x08005e56   0x08005e56   0x00000002   PAD
    0x08005e58   0x08005e58   0x00000050   Code   RO         4653    i.free              mc_w.l(malloc.o)
    0x08005ea8   0x08005ea8   0x000000e8   Code   RO         3473    i.get_fat           ff.o
    0x08005f90   0x08005f90   0x00000004   Code   RO          323    i.get_fattime       fatfs.o
    0x08005f94   0x08005f94   0x0000003c   Code   RO         3475    i.get_ldnumber      ff.o
    0x08005fd0   0x08005fd0   0x00000080   Code   RO         3476    i.inc_lock          ff.o
    0x08006050   0x08006050   0x00000026   Code   RO         3477    i.ld_clust          ff.o
    0x08006076   0x08006076   0x00000016   Code   RO         3478    i.ld_dword          ff.o
    0x0800608c   0x0800608c   0x0000000a   Code   RO         3479    i.ld_word           ff.o
    0x08006096   0x08006096   0x00000002   PAD
    0x08006098   0x08006098   0x000000f0   Code   RO           21    i.main              main.o
    0x08006188   0x08006188   0x0000006c   Code   RO         4654    i.malloc            mc_w.l(malloc.o)
    0x080061f4   0x080061f4   0x00000012   Code   RO         3480    i.mem_cpy           ff.o
    0x08006206   0x08006206   0x00000002   PAD
    0x08006208   0x08006208   0x0000000e   Code   RO         3481    i.mem_set           ff.o
    0x08006216   0x08006216   0x00000032   Code   RO         3482    i.move_window       ff.o
    0x08006248   0x08006248   0x00000124   Code   RO         3483    i.put_fat           ff.o
    0x0800636c   0x0800636c   0x00000074   Code   RO         3486    i.remove_chain      ff.o
    0x080063e0   0x080063e0   0x00000028   Code   RO         3487    i.st_clust          ff.o
    0x08006408   0x08006408   0x00000010   Code   RO         3488    i.st_dword          ff.o
    0x08006418   0x08006418   0x00000008   Code   RO         3489    i.st_word           ff.o
    0x08006420   0x08006420   0x00000088   Code   RO         3490    i.sync_fs           ff.o
    0x080064a8   0x080064a8   0x00000052   Code   RO         3491    i.sync_window       ff.o
    0x080064fa   0x080064fa   0x00000034   Code   RO         3492    i.validate          ff.o
    0x0800652e   0x0800652e   0x00000002   PAD
    0x08006530   0x08006530   0x00000014   Data   RO          268    .constdata          usbh_diskio.o
    0x08006544   0x08006544   0x00000010   Data   RO          727    .constdata          system_stm32f4xx.o
    0x08006554   0x08006554   0x0000009c   Data   RO         3494    .constdata          ff.o
    0x080065f0   0x080065f0   0x00000004   Data   RO         4200    .conststring        usbh_msc.o
    0x080065f4   0x080065f4   0x00000020   Data   RO         4727    Region$$Table       anon$$obj.o


    Execution Region RW_IRAM1 (Exec base: 0x20000000, Load base: 0x08006614, Size: 0x0001de38, Max: 0x00030000, ABSOLUTE)

    Exec Addr    Load Addr    Size         Type   Attr      Idx    E Section Name        Object

    0x20000000   0x08006614   0x00000044   Data   RW           23    .data               main.o
    0x20000044   0x08006658   0x00000005   Data   RW          326    .data               fatfs.o
    0x20000049   0x0800665d   0x00000001   Data   RW          364    .data               usb_host.o
    0x2000004a   0x0800665e   0x00000002   PAD
    0x2000004c   0x08006660   0x00000004   Data   RW          729    .data               system_stm32f4xx.o
    0x20000050   0x08006664   0x00000004   Data   RW          987    .data               stm32f4xx_ll_usb.o
    0x20000054   0x08006668   0x0000000c   Data   RW         3140    .data               stm32f4xx_hal.o
    0x20000060   0x08006674   0x00000008   Data   RW         3495    .data               ff.o
    0x20000068   0x0800667c   0x00000020   Data   RW         4201    .data               usbh_msc.o
    0x20000088   0x0800669c   0x00000004   Data   RW         4706    .data               mc_w.l(mvars.o)
    0x2000008c   0x080066a0   0x00000004   Data   RW         4707    .data               mc_w.l(mvars.o)
    0x20000090        -       0x0001d0ec   Zero   RW           22    .bss                main.o
    0x2001d17c        -       0x000003cc   Zero   RW          363    .bss                usb_host.o
    0x2001d548        -       0x000002c4   Zero   RW          423    .bss                usbh_conf.o
    0x2001d80c        -       0x00000020   Zero   RW         3493    .bss                ff.o
    0x2001d82c        -       0x0000000c   Zero   RW         3776    .bss                ff_gen_drv.o
    0x2001d838        -       0x00000200   Zero   RW            2    HEAP                startup_stm32f429xx.o
    0x2001da38        -       0x00000400   Zero   RW            1    STACK               startup_stm32f429xx.o


==============================================================================

Image component sizes


      Code (inc. data)   RO Data    RW Data    ZI Data      Debug   Object Name

       148         22          0          0          0       4173   diskio.o
        32         10          0          5          0       1420   fatfs.o
      4632         80        156          8         32      40437   ff.o
        70          6          0          0         12       1767   ff_gen_drv.o
      1646        202          0         68     119020     770258   main.o
        36          8        428          0       1536        820   startup_stm32f429xx.o
       180         28          0         12          0      10049   stm32f4xx_hal.o
       198         14          0          0          0      34539   stm32f4xx_hal_cortex.o
       526         60          0          0          0       4739   stm32f4xx_hal_gpio.o
      2268          4          0          0          0      14789   stm32f4xx_hal_hcd.o
       248         38          0          0          0       2657   stm32f4xx_hal_msp.o
      1264         54          0          0          0       4342   stm32f4xx_hal_rcc.o
      1718         90          0          0          0      17428   stm32f4xx_hal_tim.o
       148         28          0          0          0       2757   stm32f4xx_hal_tim_ex.o
        50         12          0          0          0       5275   stm32f4xx_it.o
      1716         52          0          4          0      19745   stm32f4xx_ll_usb.o
        28          6         16          4          0       1135   system_stm32f4xx.o
       108         22          0          1        972       2154   usb_host.o
       552         22          0          0        708      13009   usbh_conf.o
      1066         20          0          0          0      11976   usbh_core.o
      1112         12          0          0          0      11454   usbh_ctlreq.o
       272         20         20          0          0       4029   usbh_diskio.o
       172          0          0          0          0       4776   usbh_ioreq.o
      1670         10          4         32          0      11649   usbh_msc.o
       586         28          0          0          0       5233   usbh_msc_bot.o
       812          0          0          0          0       6799   usbh_msc_scsi.o
       106          0          0          0          0       3730   usbh_pipes.o

    ----------------------------------------------------------------------
     21398        848        656        136     122280    1011139   Object Totals
         0          0         32          0          0          0   (incl. Generated)
        34          0          0          2          0          0   (incl. Padding)

    ----------------------------------------------------------------------

      Code (inc. data)   RO Data    RW Data    ZI Data      Debug   Library Member Name

         0          0          0          0          0          0   entry.o
         0          0          0          0          0          0   entry10a.o
         0          0          0          0          0          0   entry11a.o
         8          4          0          0          0          0   entry2.o
         4          0          0          0          0          0   entry5.o
         0          0          0          0          0          0   entry7b.o
         0          0          0          0          0          0   entry8b.o
         8          4          0          0          0          0   entry9a.o
        30          0          0          0          0          0   handlers.o
        36          8          0          0          0         68   init.o
         0          0          0          0          0          0   iusefp.o
        30          0          0          0          0         68   llshl.o
        36          0          0          0          0         68   llsshr.o
        32          0          0          0          0         68   llushr.o
       188         20          0          0          0        160   malloc.o
        36          0          0          0          0         68   memcpya.o
        36          0          0          0          0        108   memseta.o
         0          0          0          8          0          0   mvars.o
      2346         90          0          0          0        672   printfa.o
        24          0          0          0          0         68   strcat.o
        14          0          0          0          0         68   strlen.o
        44          0          0          0          0         80   uidiv.o
        98          0          0          0          0         92   uldiv.o
        48          0          0          0          0         68   cdrcmple.o
       334          0          0          0          0        148   dadd.o
       222          0          0          0          0        100   ddiv.o
       186          0          0          0          0        176   depilogue.o
        48          0          0          0          0         68   dfixul.o
       228          0          0          0          0         96   dmul.o
        38          0          0          0          0         68   f2d.o

    ----------------------------------------------------------------------
      4078        126          0          8          0       2312   Library Totals
         4          0          0          0          0          0   (incl. Padding)

    ----------------------------------------------------------------------

      Code (inc. data)   RO Data    RW Data    ZI Data      Debug   Library Name

      2970        126          0          8          0       1588   mc_w.l
      1104          0          0          0          0        724   mf_w.l

    ----------------------------------------------------------------------
      4078        126          0          8          0       2312   Library Totals

    ----------------------------------------------------------------------

==============================================================================


      Code (inc. data)   RO Data    RW Data    ZI Data      Debug   

     25476        974        656        144     122280     989507   Grand Totals
     25476        974        656        144     122280     989507   ELF Image Totals
     25476        974        656        144          0          0   ROM Totals

==============================================================================

    Total RO  Size (Code + RO Data)                26132 (  25.52kB)
    Total RW  Size (RW Data + ZI Data)            122424 ( 119.55kB)
    Total ROM Size (Code + RO Data + RW Data)      26276 (  25.66kB)

==============================================================================

