Component: ARM Compiler 5.06 update 6 (build 750) Tool: armlink [4d35ed]

==============================================================================

Section Cross References

    startup_stm32f429xx.o(RESET) refers to startup_stm32f429xx.o(STACK) for __initial_sp
    startup_stm32f429xx.o(RESET) refers to startup_stm32f429xx.o(.text) for Reset_Handler
    startup_stm32f429xx.o(RESET) refers to stm32f4xx_it.o(i.NMI_Handler) for NMI_Handler
    startup_stm32f429xx.o(RESET) refers to stm32f4xx_it.o(i.HardFault_Handler) for HardFault_Handler
    startup_stm32f429xx.o(RESET) refers to stm32f4xx_it.o(i.MemManage_Handler) for MemManage_Handler
    startup_stm32f429xx.o(RESET) refers to stm32f4xx_it.o(i.BusFault_Handler) for BusFault_Handler
    startup_stm32f429xx.o(RESET) refers to stm32f4xx_it.o(i.UsageFault_Handler) for UsageFault_Handler
    startup_stm32f429xx.o(RESET) refers to stm32f4xx_it.o(i.SVC_Handler) for SVC_Handler
    startup_stm32f429xx.o(RESET) refers to stm32f4xx_it.o(i.DebugMon_Handler) for DebugMon_Handler
    startup_stm32f429xx.o(RESET) refers to stm32f4xx_it.o(i.PendSV_Handler) for PendSV_Handler
    startup_stm32f429xx.o(RESET) refers to stm32f4xx_it.o(i.SysTick_Handler) for SysTick_Handler
    startup_stm32f429xx.o(RESET) refers to stm32f4xx_it.o(i.OTG_HS_IRQHandler) for OTG_HS_IRQHandler
    startup_stm32f429xx.o(.text) refers to system_stm32f4xx.o(i.SystemInit) for SystemInit
    startup_stm32f429xx.o(.text) refers to entry.o(.ARM.Collect$$$$00000000) for __main
    main.o(i.MX_GPIO_Init) refers to memseta.o(.text) for __aeabi_memclr4
    main.o(i.MX_GPIO_Init) refers to stm32f4xx_hal_gpio.o(i.HAL_GPIO_WritePin) for HAL_GPIO_WritePin
    main.o(i.MX_GPIO_Init) refers to stm32f4xx_hal_gpio.o(i.HAL_GPIO_Init) for HAL_GPIO_Init
    main.o(i.SystemClock_Config) refers to memseta.o(.text) for __aeabi_memclr4
    main.o(i.SystemClock_Config) refers to stm32f4xx_hal_rcc.o(i.HAL_RCC_OscConfig) for HAL_RCC_OscConfig
    main.o(i.SystemClock_Config) refers to stm32f4xx_hal_rcc.o(i.HAL_RCC_ClockConfig) for HAL_RCC_ClockConfig
    main.o(i.UsbTest_Read) refers to ff.o(i.f_open) for f_open
    main.o(i.UsbTest_Read) refers to ff.o(i.f_read) for f_read
    main.o(i.UsbTest_Read) refers to ff.o(i.f_close) for f_close
    main.o(i.UsbTest_Read) refers to main.o(.bss) for .bss
    main.o(i.UsbTest_Read) refers to main.o(.data) for .data
    main.o(i.Usb_Write_float) refers to ff.o(i.f_open) for f_open
    main.o(i.Usb_Write_float) refers to f2d.o(.text) for __aeabi_f2d
    main.o(i.Usb_Write_float) refers to printfa.o(i.__0sprintf) for __2sprintf
    main.o(i.Usb_Write_float) refers to printfa.o(i.__0snprintf) for __2snprintf
    main.o(i.Usb_Write_float) refers to strcat.o(.text) for strcat
    main.o(i.Usb_Write_float) refers to stm32f4xx_hal.o(i.HAL_Delay) for HAL_Delay
    main.o(i.Usb_Write_float) refers to strlen.o(.text) for strlen
    main.o(i.Usb_Write_float) refers to ff.o(i.f_write) for f_write
    main.o(i.Usb_Write_float) refers to ff.o(i.f_close) for f_close
    main.o(i.Usb_Write_float) refers to main.o(.bss) for .bss
    main.o(i.Usb_Write_float) refers to main.o(.data) for .data
    main.o(i.main) refers to stm32f4xx_hal.o(i.HAL_Init) for HAL_Init
    main.o(i.main) refers to main.o(i.SystemClock_Config) for SystemClock_Config
    main.o(i.main) refers to main.o(i.MX_GPIO_Init) for MX_GPIO_Init
    main.o(i.main) refers to fatfs.o(i.MX_FATFS_Init) for MX_FATFS_Init
    main.o(i.main) refers to usb_host.o(i.MX_USB_HOST_Init) for MX_USB_HOST_Init
    main.o(i.main) refers to usb_host.o(i.MX_USB_HOST_Process) for MX_USB_HOST_Process
    main.o(i.main) refers to ff.o(i.f_mount) for f_mount
    main.o(i.main) refers to stm32f4xx_hal_gpio.o(i.HAL_GPIO_ReadPin) for HAL_GPIO_ReadPin
    main.o(i.main) refers to main.o(i.Usb_Write_float) for Usb_Write_float
    main.o(i.main) refers to stm32f4xx_hal_gpio.o(i.HAL_GPIO_WritePin) for HAL_GPIO_WritePin
    main.o(i.main) refers to usb_host.o(.data) for Appli_state
    main.o(i.main) refers to main.o(.data) for .data
    main.o(i.main) refers to main.o(.bss) for .bss
    usbh_diskio.o(i.USBH_ioctl) refers to usbh_msc.o(i.USBH_MSC_GetLUNInfo) for USBH_MSC_GetLUNInfo
    usbh_diskio.o(i.USBH_ioctl) refers to usb_host.o(.bss) for hUsbHostHS
    usbh_diskio.o(i.USBH_read) refers to usbh_msc.o(i.USBH_MSC_Read) for USBH_MSC_Read
    usbh_diskio.o(i.USBH_read) refers to usbh_msc.o(i.USBH_MSC_GetLUNInfo) for USBH_MSC_GetLUNInfo
    usbh_diskio.o(i.USBH_read) refers to usb_host.o(.bss) for hUsbHostHS
    usbh_diskio.o(i.USBH_status) refers to usbh_msc.o(i.USBH_MSC_UnitIsReady) for USBH_MSC_UnitIsReady
    usbh_diskio.o(i.USBH_status) refers to usb_host.o(.bss) for hUsbHostHS
    usbh_diskio.o(i.USBH_write) refers to usbh_msc.o(i.USBH_MSC_Write) for USBH_MSC_Write
    usbh_diskio.o(i.USBH_write) refers to usbh_msc.o(i.USBH_MSC_GetLUNInfo) for USBH_MSC_GetLUNInfo
    usbh_diskio.o(i.USBH_write) refers to usb_host.o(.bss) for hUsbHostHS
[...]
    USBH_MSC_InterfaceDeInit                 0x080026bf   Thumb Code    74  usbh_msc.o(i.USBH_MSC_InterfaceDeInit)
    i.USBH_MSC_InterfaceInit                 0x08002708   Section        0  usbh_msc.o(i.USBH_MSC_InterfaceInit)
    USBH_MSC_InterfaceInit                   0x08002709   Thumb Code   332  usbh_msc.o(i.USBH_MSC_InterfaceInit)
    i.USBH_MSC_Process                       0x08002854   Section        0  usbh_msc.o(i.USBH_MSC_Process)
    USBH_MSC_Process                         0x08002855   Thumb Code   638  usbh_msc.o(i.USBH_MSC_Process)
    i.USBH_MSC_RdWrProcess                   0x08002ad4   Section        0  usbh_msc.o(i.USBH_MSC_RdWrProcess)
    USBH_MSC_RdWrProcess                     0x08002ad5   Thumb Code   142  usbh_msc.o(i.USBH_MSC_RdWrProcess)
    i.USBH_MSC_Read                          0x08002b62   Section        0  usbh_msc.o(i.USBH_MSC_Read)
    i.USBH_MSC_SCSI_Inquiry                  0x08002bec   Section        0  usbh_msc_scsi.o(i.USBH_MSC_SCSI_Inquiry)
    i.USBH_MSC_SCSI_Read                     0x08002cc0   Section        0  usbh_msc_scsi.o(i.USBH_MSC_SCSI_Read)
    i.USBH_MSC_SCSI_ReadCapacity             0x08002d40   Section        0  usbh_msc_scsi.o(i.USBH_MSC_SCSI_ReadCapacity)
    i.USBH_MSC_SCSI_RequestSense             0x08002dba   Section        0  usbh_msc_scsi.o(i.USBH_MSC_SCSI_RequestSense)
    i.USBH_MSC_SCSI_TestUnitReady            0x08002e4c   Section        0  usbh_msc_scsi.o(i.USBH_MSC_SCSI_TestUnitReady)
    i.USBH_MSC_SCSI_Write                    0x08002e98   Section        0  usbh_msc_scsi.o(i.USBH_MSC_SCSI_Write)
    i.USBH_MSC_SOFProcess                    0x08002f18   Section        0  usbh_msc.o(i.USBH_MSC_SOFProcess)
    USBH_MSC_SOFProcess                      0x08002f19   Thumb Code     4  usbh_msc.o(i.USBH_MSC_SOFProcess)
    i.USBH_MSC_UnitIsReady                   0x08002f1c   Section        0  usbh_msc.o(i.USBH_MSC_UnitIsReady)
    i.USBH_MSC_Write                         0x08002f42   Section        0  usbh_msc.o(i.USBH_MSC_Write)
    i.USBH_OpenPipe                          0x08002fcc   Section        0  usbh_pipes.o(i.USBH_OpenPipe)
    i.USBH_ParseCfgDesc                      0x08002fe0   Section        0  usbh_ctlreq.o(i.USBH_ParseCfgDesc)
    USBH_ParseCfgDesc                        0x08002fe1   Thumb Code   220  usbh_ctlreq.o(i.USBH_ParseCfgDesc)
    i.USBH_Process                           0x080030bc   Section        0  usbh_core.o(i.USBH_Process)
    i.USBH_RegisterClass                     0x0800325c   Section        0  usbh_core.o(i.USBH_RegisterClass)
    i.USBH_SelectInterface                   0x08003278   Section        0  usbh_core.o(i.USBH_SelectInterface)
    i.USBH_SetAddress                        0x0800328e   Section        0  usbh_ctlreq.o(i.USBH_SetAddress)
    i.USBH_SetCfg                            0x080032aa   Section        0  usbh_ctlreq.o(i.USBH_SetCfg)
    i.USBH_SetFeature                        0x080032c6   Section        0  usbh_ctlreq.o(i.USBH_SetFeature)
    i.USBH_Start                             0x080032e2   Section        0  usbh_core.o(i.USBH_Start)
    i.USBH_UserProcess                       0x080032f8   Section        0  usb_host.o(i.USBH_UserProcess)
    USBH_UserProcess                         0x080032f9   Thumb Code    28  usb_host.o(i.USBH_UserProcess)
    i.USBH_initialize                        0x08003318   Section        0  usbh_diskio.o(i.USBH_initialize)
    i.USBH_ioctl                             0x0800331c   Section        0  usbh_diskio.o(i.USBH_ioctl)
    i.USBH_read                              0x08003380   Section        0  usbh_diskio.o(i.USBH_read)
    i.USBH_status                            0x080033c4   Section        0  usbh_diskio.o(i.USBH_status)
    i.USBH_write                             0x080033dc   Section        0  usbh_diskio.o(i.USBH_write)
    i.USB_CoreInit                           0x08003428   Section        0  stm32f4xx_ll_usb.o(i.USB_CoreInit)
    i.USB_CoreReset                          0x0800349c   Section        0  stm32f4xx_ll_usb.o(i.USB_CoreReset)
    USB_CoreReset                            0x0800349d   Thumb Code    50  stm32f4xx_ll_usb.o(i.USB_CoreReset)
    i.USB_DisableGlobalInt                   0x080034d4   Section        0  stm32f4xx_ll_usb.o(i.USB_DisableGlobalInt)
    i.USB_DoPing                             0x080034e0   Section        0  stm32f4xx_ll_usb.o(i.USB_DoPing)
    i.USB_DriveVbus                          0x08003504   Section        0  stm32f4xx_ll_usb.o(i.USB_DriveVbus)
    i.USB_EnableGlobalInt                    0x08003530   Section        0  stm32f4xx_ll_usb.o(i.USB_EnableGlobalInt)
    i.USB_FlushRxFifo                        0x0800353c   Section        0  stm32f4xx_ll_usb.o(i.USB_FlushRxFifo)
    i.USB_FlushTxFifo                        0x0800355c   Section        0  stm32f4xx_ll_usb.o(i.USB_FlushTxFifo)
    i.USB_GetCurrentFrame                    0x08003580   Section        0  stm32f4xx_ll_usb.o(i.USB_GetCurrentFrame)
    i.USB_GetHostSpeed                       0x08003588   Section        0  stm32f4xx_ll_usb.o(i.USB_GetHostSpeed)
    i.USB_GetMode                            0x08003596   Section        0  stm32f4xx_ll_usb.o(i.USB_GetMode)
    i.USB_HC_Halt                            0x0800359e   Section        0  stm32f4xx_ll_usb.o(i.USB_HC_Halt)
    i.USB_HC_Init                            0x08003660   Section        0  stm32f4xx_ll_usb.o(i.USB_HC_Init)
    i.USB_HC_ReadInterrupt                   0x08003750   Section        0  stm32f4xx_ll_usb.o(i.USB_HC_ReadInterrupt)
    i.USB_HC_StartXfer                       0x08003758   Section        0  stm32f4xx_ll_usb.o(i.USB_HC_StartXfer)
    i.USB_HostInit                           0x080038a8   Section        0  stm32f4xx_ll_usb.o(i.USB_HostInit)
    i.USB_InitFSLSPClkSel                    0x08003980   Section        0  stm32f4xx_ll_usb.o(i.USB_InitFSLSPClkSel)
    i.USB_ReadInterrupts                     0x080039b6   Section        0  stm32f4xx_ll_usb.o(i.USB_ReadInterrupts)
    i.USB_ReadPacket                         0x080039be   Section        0  stm32f4xx_ll_usb.o(i.USB_ReadPacket)
    i.USB_ResetPort                          0x080039da   Section        0  stm32f4xx_ll_usb.o(i.USB_ResetPort)
    i.USB_SetCurrentMode                     0x08003a0c   Section        0  stm32f4xx_ll_usb.o(i.USB_SetCurrentMode)
    i.USB_StopHost                           0x08003a3c   Section        0  stm32f4xx_ll_usb.o(i.USB_StopHost)
    i.USB_WritePacket                        0x08003aba   Section        0  stm32f4xx_ll_usb.o(i.USB_WritePacket)
    i.UsageFault_Handler                     0x08003ade   Section        0  stm32f4xx_it.o(i.UsageFault_Handler)
    i.Usb_Write_float                        0x08003ae0   Section        0  main.o(i.Usb_Write_float)
    i.__0snprintf                            0x08003c04   Section        0  printfa.o(i.__0snprintf)
    i.__0sprintf                             0x08003c34   Section        0  printfa.o(i.__0sprintf)
    i.__NVIC_SetPriority                     0x08003c5c   Section        0  stm32f4xx_hal_cortex.o(i.__NVIC_SetPriority)
    __NVIC_SetPriority                       0x08003c5d   Thumb Code    32  stm32f4xx_hal_cortex.o(i.__NVIC_SetPriority)
    i.__scatterload_copy                     0x08003c7c   Section       14  handlers.o(i.__scatterload_copy)
    i.__scatterload_null                     0x08003c8a   Section        2  handlers.o(i.__scatterload_null)
    i.__scatterload_zeroinit                 0x08003c8c   Section       14  handlers.o(i.__scatterload_zeroinit)
    i._fp_digits                             0x08003c9c   Section        0  printfa.o(i._fp_digits)
    _fp_digits                               0x08003c9d   Thumb Code   366  printfa.o(i._fp_digits)
    i._printf_core                           0x08003e20   Section        0  printfa.o(i._printf_core)
    _printf_core                             0x08003e21   Thumb Code  1744  printfa.o(i._printf_core)
    i._printf_post_padding                   0x080044fc   Section        0  printfa.o(i._printf_post_padding)
    _printf_post_padding                     0x080044fd   Thumb Code    36  printfa.o(i._printf_post_padding)
    i._printf_pre_padding                    0x08004520   Section        0  printfa.o(i._printf_pre_padding)
    _printf_pre_padding                      0x08004521   Thumb Code    46  printfa.o(i._printf_pre_padding)
    i._snputc                                0x0800454e   Section        0  printfa.o(i._snputc)
    _snputc                                  0x0800454f   Thumb Code    22  printfa.o(i._snputc)
    i._sputc                                 0x08004564   Section        0  printfa.o(i._sputc)
    _sputc                                   0x08004565   Thumb Code    10  printfa.o(i._sputc)
    i.check_fs                               0x08004570   Section        0  ff.o(i.check_fs)
    check_fs                                 0x08004571   Thumb Code   102  ff.o(i.check_fs)
    i.chk_lock                               0x080045e0   Section        0  ff.o(i.chk_lock)
    chk_lock                                 0x080045e1   Thumb Code    86  ff.o(i.chk_lock)
    i.clear_lock                             0x0800463c   Section        0  ff.o(i.clear_lock)
    clear_lock                               0x0800463d   Thumb Code    28  ff.o(i.clear_lock)
    i.clmt_clust                             0x0800465c   Section        0  ff.o(i.clmt_clust)
    clmt_clust                               0x0800465d   Thumb Code    38  ff.o(i.clmt_clust)
    i.clust2sect                             0x08004682   Section        0  ff.o(i.clust2sect)
    clust2sect                               0x08004683   Thumb Code    24  ff.o(i.clust2sect)
    i.create_chain                           0x0800469a   Section        0  ff.o(i.create_chain)
    create_chain                             0x0800469b   Thumb Code   164  ff.o(i.create_chain)
    i.create_name                            0x08004740   Section        0  ff.o(i.create_name)
    create_name                              0x08004741   Thumb Code   168  ff.o(i.create_name)
    i.dec_lock                               0x080047fc   Section        0  ff.o(i.dec_lock)
    dec_lock                                 0x080047fd   Thumb Code    48  ff.o(i.dec_lock)
    i.dir_find                               0x08004830   Section        0  ff.o(i.dir_find)
    dir_find                                 0x08004831   Thumb Code   100  ff.o(i.dir_find)
    i.dir_next                               0x08004894   Section        0  ff.o(i.dir_next)
    dir_next                                 0x08004895   Thumb Code   258  ff.o(i.dir_next)
    i.dir_register                           0x08004996   Section        0  ff.o(i.dir_register)
    dir_register                             0x08004997   Thumb Code   102  ff.o(i.dir_register)
    i.dir_sdi                                0x080049fc   Section        0  ff.o(i.dir_sdi)
    dir_sdi                                  0x080049fd   Thumb Code   142  ff.o(i.dir_sdi)
    i.disk_initialize                        0x08004a8c   Section        0  diskio.o(i.disk_initialize)
    i.disk_ioctl                             0x08004ab4   Section        0  diskio.o(i.disk_ioctl)
    i.disk_read                              0x08004ad0   Section        0  diskio.o(i.disk_read)
    i.disk_status                            0x08004aec   Section        0  diskio.o(i.disk_status)
    i.disk_write                             0x08004b04   Section        0  diskio.o(i.disk_write)
    i.f_close                                0x08004b20   Section        0  ff.o(i.f_close)
    i.f_mount                                0x08004b48   Section        0  ff.o(i.f_mount)
    i.f_open                                 0x08004ba0   Section        0  ff.o(i.f_open)
    i.f_sync                                 0x08004dbc   Section        0  ff.o(i.f_sync)
    i.f_write                                0x08004e4a   Section        0  ff.o(i.f_write)
    i.find_volume                            0x08004ffc   Section        0  ff.o(i.find_volume)
    find_volume                              0x08004ffd   Thumb Code   636  ff.o(i.find_volume)
    i.follow_path                            0x08005284   Section        0  ff.o(i.follow_path)
    follow_path                              0x08005285   Thumb Code   122  ff.o(i.follow_path)
    i.free                                   0x08005300   Section        0  malloc.o(i.free)
    i.get_fat                                0x08005350   Section        0  ff.o(i.get_fat)
    get_fat                                  0x08005351   Thumb Code   232  ff.o(i.get_fat)
    i.get_fattime                            0x08005438   Section        0  fatfs.o(i.get_fattime)
    i.get_ldnumber                           0x0800543c   Section        0  ff.o(i.get_ldnumber)
    get_ldnumber                             0x0800543d   Thumb Code    60  ff.o(i.get_ldnumber)
    i.inc_lock                               0x08005478   Section        0  ff.o(i.inc_lock)
    inc_lock                                 0x08005479   Thumb Code   124  ff.o(i.inc_lock)
    i.ld_clust                               0x080054f8   Section        0  ff.o(i.ld_clust)
    ld_clust                                 0x080054f9   Thumb Code    38  ff.o(i.ld_clust)
    i.ld_dword                               0x0800551e   Section        0  ff.o(i.ld_dword)
    ld_dword                                 0x0800551f   Thumb Code    22  ff.o(i.ld_dword)
    i.ld_word                                0x08005534   Section        0  ff.o(i.ld_word)
    ld_word                                  0x08005535   Thumb Code    10  ff.o(i.ld_word)
    i.main                                   0x08005540   Section        0  main.o(i.main)
    i.malloc                                 0x08005630   Section        0  malloc.o(i.malloc)
    i.mem_cpy                                0x0800569c   Section        0  ff.o(i.mem_cpy)
    mem_cpy                                  0x0800569d   Thumb Code    18  ff.o(i.mem_cpy)
    i.mem_set                                0x080056b0   Section        0  ff.o(i.mem_set)
    mem_set                                  0x080056b1   Thumb Code    14  ff.o(i.mem_set)
    i.move_window                            0x080056be   Section        0  ff.o(i.move_window)
    move_window                              0x080056bf   Thumb Code    50  ff.o(i.move_window)
    i.put_fat                                0x080056f0   Section        0  ff.o(i.put_fat)
    put_fat                                  0x080056f1   Thumb Code   292  ff.o(i.put_fat)
    i.remove_chain                           0x08005814   Section        0  ff.o(i.remove_chain)
    remove_chain                             0x08005815   Thumb Code   116  ff.o(i.remove_chain)
    i.st_clust                               0x08005888   Section        0  ff.o(i.st_clust)
    st_clust                                 0x08005889   Thumb Code    40  ff.o(i.st_clust)
    i.st_dword                               0x080058b0   Section        0  ff.o(i.st_dword)
    st_dword                                 0x080058b1   Thumb Code    16  ff.o(i.st_dword)
    i.st_word                                0x080058c0   Section        0  ff.o(i.st_word)
    st_word                                  0x080058c1   Thumb Code     8  ff.o(i.st_word)
    i.sync_fs                                0x080058c8   Section        0  ff.o(i.sync_fs)
    sync_fs                                  0x080058c9   Thumb Code   126  ff.o(i.sync_fs)
    i.sync_window                            0x08005950   Section        0  ff.o(i.sync_window)
    sync_window                              0x08005951   Thumb Code    82  ff.o(i.sync_window)
    i.validate                               0x080059a2   Section        0  ff.o(i.validate)
    validate                                 0x080059a3   Thumb Code    52  ff.o(i.validate)
    .constdata                               0x080059d8   Section       20  usbh_diskio.o(.constdata)
    .constdata                               0x080059ec   Section       16  system_stm32f4xx.o(.constdata)
    .constdata                               0x080059fc   Section      156  ff.o(.constdata)
    ExCvt                                    0x080059fc   Data         128  ff.o(.constdata)
    cst                                      0x08005a7c   Data          14  ff.o(.constdata)
    cst32                                    0x08005a8a   Data          14  ff.o(.constdata)
    .conststring                             0x08005a98   Section        4  usbh_msc.o(.conststring)
    .data                                    0x20000000   Section       24  main.o(.data)
    .data                                    0x20000018   Section        5  fatfs.o(.data)
    .data                                    0x2000001d   Section        1  usb_host.o(.data)
    .data                                    0x20000020   Section        4  stm32f4xx_ll_usb.o(.data)
    tmpreg                                   0x20000020   Data           4  stm32f4xx_ll_usb.o(.data)
    .data                                    0x20000024   Section       12  stm32f4xx_hal.o(.data)
    .data                                    0x20000030   Section        4  system_stm32f4xx.o(.data)
    .data                                    0x20000034   Section        8  ff.o(.data)
    Fsid                                     0x20000034   Data           2  ff.o(.data)
    FatFs                                    0x20000038   Data           4  ff.o(.data)
    .data                                    0x2000003c   Section       32  usbh_msc.o(.data)
    .data                                    0x2000005c   Section        4  mvars.o(.data)
    .data                                    0x20000060   Section        4  mvars.o(.data)
    .bss                                     0x20000064   Section    20822  main.o(.bss)
    .bss                                     0x200051bc   Section      972  usb_host.o(.bss)
    .bss                                     0x20005588   Section      708  usbh_conf.o(.bss)
    .bss                                     0x2000584c   Section       32  ff.o(.bss)
    Files                                    0x2000584c   Data          32  ff.o(.bss)
    .bss                                     0x2000586c   Section       12  ff_gen_drv.o(.bss)
    HEAP                                     0x20005878   Section      512  startup_stm32f429xx.o(HEAP)
    STACK                                    0x20005a78   Section     1024  startup_stm32f429xx.o(STACK)

    Global Symbols

    Symbol Name                              Value     Ov Type        Size  Object(Section)

    BuildAttributes$$THM_ISAv4$E$P$D$K$B$S$7EM$VFPi3$EXTD16$VFPS$VFMA$PE$A:L22UL41UL21$X:L11$S22US41US21$IEEE1$IW$USESV6$~STKCKD$USESV7$~SHL$OSPACE$ROPI$EBA8$MICROLIB$REQ8$PRES8$EABIv2 0x00000000   Number         0  anon$$obj.o ABSOLUTE
    __ARM_use_no_argv                        0x00000000   Number         0  main.o ABSOLUTE
    _printf_a                                0x00000000   Number         0  stubs.o ABSOLUTE
    _printf_c                                0x00000000   Number         0  stubs.o ABSOLUTE
    _printf_charcount                        0x00000000   Number         0  stubs.o ABSOLUTE
    _printf_d                                0x00000000   Number         0  stubs.o ABSOLUTE
    _printf_e                                0x00000000   Number         0  stubs.o ABSOLUTE
    _printf_f                                0x00000000   Number         0  stubs.o ABSOLUTE
    _printf_flags                            0x00000000   Number         0  stubs.o ABSOLUTE
    _printf_fp_dec                           0x00000000   Number         0  stubs.o ABSOLUTE
    _printf_fp_hex                           0x00000000   Number         0  stubs.o ABSOLUTE
    _printf_g                                0x00000000   Number         0  stubs.o ABSOLUTE
    _printf_i                                0x00000000   Number         0  stubs.o ABSOLUTE
    _printf_int_dec                          0x00000000   Number         0  stubs.o ABSOLUTE
    _printf_l                                0x00000000   Number         0  stubs.o ABSOLUTE
    _printf_lc                               0x00000000   Number         0  stubs.o ABSOLUTE
    _printf_ll                               0x00000000   Number         0  stubs.o ABSOLUTE
    _printf_lld                              0x00000000   Number         0  stubs.o ABSOLUTE
    _printf_lli                              0x00000000   Number         0  stubs.o ABSOLUTE
    _printf_llo                              0x00000000   Number         0  stubs.o ABSOLUTE
    _printf_llu                              0x00000000   Number         0  stubs.o ABSOLUTE
    _printf_llx                              0x00000000   Number         0  stubs.o ABSOLUTE
    _printf_longlong_dec                     0x00000000   Number         0  stubs.o ABSOLUTE
    _printf_longlong_hex                     0x00000000   Number         0  stubs.o ABSOLUTE
    _printf_longlong_oct                     0x00000000   Number         0  stubs.o ABSOLUTE
    _printf_ls                               0x00000000   Number         0  stubs.o ABSOLUTE
    _printf_mbtowc                           0x00000000   Number         0  stubs.o ABSOLUTE
    _printf_n                                0x00000000   Number         0  stubs.o ABSOLUTE
    _printf_o                                0x00000000   Number         0  stubs.o ABSOLUTE
    _printf_p                                0x00000000   Number         0  stubs.o ABSOLUTE
    _printf_percent                          0x00000000   Number         0  stubs.o ABSOLUTE
    _printf_pre_padding                      0x00000000   Number         0  stubs.o ABSOLUTE
    _printf_return_value                     0x00000000   Number         0  stubs.o ABSOLUTE
    _printf_s                                0x00000000   Number         0  stubs.o ABSOLUTE
    _printf_sizespec                         0x00000000   Number         0  stubs.o ABSOLUTE
    _printf_str                              0x00000000   Number         0  stubs.o ABSOLUTE
    _printf_truncate_signed                  0x00000000   Number         0  stubs.o ABSOLUTE
    _printf_truncate_unsigned                0x00000000   Number         0  stubs.o ABSOLUTE
    _printf_u                                0x00000000   Number         0  stubs.o ABSOLUTE
    _printf_wc                               0x00000000   Number         0  stubs.o ABSOLUTE
    _printf_wctomb                           0x00000000   Number         0  stubs.o ABSOLUTE
    _printf_widthprec                        0x00000000   Number         0  stubs.o ABSOLUTE
    _printf_x                                0x00000000   Number         0  stubs.o ABSOLUTE
    __cpp_initialize__aeabi_                  - Undefined Weak Reference
    __cxa_finalize                            - Undefined Weak Reference
    __decompress                              - Undefined Weak Reference
    _clock_init                               - Undefined Weak Reference
    _microlib_exit                            - Undefined Weak Reference
    __Vectors_Size                           0x000001ac   Number         0  startup_stm32f429xx.o ABSOLUTE
    __Vectors                                0x08000000   Data           4  startup_stm32f429xx.o(RESET)
    __Vectors_End                            0x080001ac   Data           0  startup_stm32f429xx.o(RESET)
    __main                                   0x080001ad   Thumb Code     0  entry.o(.ARM.Collect$$$$00000000)
    _main_stk                                0x080001ad   Thumb Code     0  entry2.o(.ARM.Collect$$$$00000001)
    _main_scatterload                        0x080001b1   Thumb Code     0  entry5.o(.ARM.Collect$$$$00000004)
    __main_after_scatterload                 0x080001b5   Thumb Code     0  entry5.o(.ARM.Collect$$$$00000004)
    _main_clock                              0x080001b5   Thumb Code     0  entry7b.o(.ARM.Collect$$$$00000008)
    _main_cpp_init                           0x080001b5   Thumb Code     0  entry8b.o(.ARM.Collect$$$$0000000A)
    _main_init                               0x080001b5   Thumb Code     0  entry9a.o(.ARM.Collect$$$$0000000B)
    __rt_final_cpp                           0x080001bd   Thumb Code     0  entry10a.o(.ARM.Collect$$$$0000000D)
    __rt_final_exit                          0x080001bd   Thumb Code     0  entry11a.o(.ARM.Collect$$$$0000000F)
    Reset_Handler                            0x080001c1   Thumb Code     8  startup_stm32f429xx.o(.text)
    ADC_IRQHandler                           0x080001db   Thumb Code     0  startup_stm32f429xx.o(.text)
    CAN1_RX0_IRQHandler                      0x080001db   Thumb Code     0  startup_stm32f429xx.o(.text)
    CAN1_RX1_IRQHandler                      0x080001db   Thumb Code     0  startup_stm32f429xx.o(.text)
    CAN1_SCE_IRQHandler                      0x080001db   Thumb Code     0  startup_stm32f429xx.o(.text)
    CAN1_TX_IRQHandler                       0x080001db   Thumb Code     0  startup_stm32f429xx.o(.text)
    CAN2_RX0_IRQHandler                      0x080001db   Thumb Code     0  startup_stm32f429xx.o(.text)
    CAN2_RX1_IRQHandler                      0x080001db   Thumb Code     0  startup_stm32f429xx.o(.text)
    CAN2_SCE_IRQHandler                      0x080001db   Thumb Code     0  startup_stm32f429xx.o(.text)
    CAN2_TX_IRQHandler                       0x080001db   Thumb Code     0  startup_stm32f429xx.o(.text)
    DCMI_IRQHandler                          0x080001db   Thumb Code     0  startup_stm32f429xx.o(.text)
    DMA1_Stream0_IRQHandler                  0x080001db   Thumb Code     0  startup_stm32f429xx.o(.text)
    DMA1_Stream1_IRQHandler                  0x080001db   Thumb Code     0  startup_stm32f429xx.o(.text)
    DMA1_Stream2_IRQHandler                  0x080001db   Thumb Code     0  startup_stm32f429xx.o(.text)
    DMA1_Stream3_IRQHandler                  0x080001db   Thumb Code     0  startup_stm32f429xx.o(.text)
    DMA1_Stream4_IRQHandler                  0x080001db   Thumb Code     0  startup_stm32f429xx.o(.text)
    DMA1_Stream5_IRQHandler                  0x080001db   Thumb Code     0  startup_stm32f429xx.o(.text)
    DMA1_Stream6_IRQHandler                  0x080001db   Thumb Code     0  startup_stm32f429xx.o(.text)
    DMA1_Stream7_IRQHandler                  0x080001db   Thumb Code     0  startup_stm32f429xx.o(.text)
    DMA2D_IRQHandler                         0x080001db   Thumb Code     0  startup_stm32f429xx.o(.text)
    DMA2_Stream0_IRQHandler                  0x080001db   Thumb Code     0  startup_stm32f429xx.o(.text)
    DMA2_Stream1_IRQHandler                  0x080001db   Thumb Code     0  startup_stm32f429xx.o(.text)
    DMA2_Stream2_IRQHandler                  0x080001db   Thumb Code     0  startup_stm32f429xx.o(.text)
    DMA2_Stream3_IRQHandler                  0x080001db   Thumb Code     0  startup_stm32f429xx.o(.text)
    DMA2_Stream4_IRQHandler                  0x080001db   Thumb Code     0  startup_stm32f429xx.o(.text)
    DMA2_Stream5_IRQHandler                  0x080001db   Thumb Code     0  startup_stm32f429xx.o(.text)
    DMA2_Stream6_IRQHandler                  0x080001db   Thumb Code     0  startup_stm32f429xx.o(.text)
    DMA2_Stream7_IRQHandler                  0x080001db   Thumb Code     0  startup_stm32f429xx.o(.text)
    ETH_IRQHandler                           0x080001db   Thumb Code     0  startup_stm32f429xx.o(.text)
    ETH_WKUP_IRQHandler                      0x080001db   Thumb Code     0  startup_stm32f429xx.o(.text)
    EXTI0_IRQHandler                         0x080001db   Thumb Code     0  startup_stm32f429xx.o(.text)
    EXTI15_10_IRQHandler                     0x080001db   Thumb Code     0  startup_stm32f429xx.o(.text)
    EXTI1_IRQHandler                         0x080001db   Thumb Code     0  startup_stm32f429xx.o(.text)
    EXTI2_IRQHandler                         0x080001db   Thumb Code     0  startup_stm32f429xx.o(.text)
    EXTI3_IRQHandler                         0x080001db   Thumb Code     0  startup_stm32f429xx.o(.text)
    EXTI4_IRQHandler                         0x080001db   Thumb Code     0  startup_stm32f429xx.o(.text)
    EXTI9_5_IRQHandler                       0x080001db   Thumb Code     0  startup_stm32f429xx.o(.text)
    FLASH_IRQHandler                         0x080001db   Thumb Code     0  startup_stm32f429xx.o(.text)
    FMC_IRQHandler                           0x080001db   Thumb Code     0  startup_stm32f429xx.o(.text)
    FPU_IRQHandler                           0x080001db   Thumb Code     0  startup_stm32f429xx.o(.text)
    HASH_RNG_IRQHandler                      0x080001db   Thumb Code     0  startup_stm32f429xx.o(.text)
    I2C1_ER_IRQHandler                       0x080001db   Thumb Code     0  startup_stm32f429xx.o(.text)
    I2C1_EV_IRQHandler                       0x080001db   Thumb Code     0  startup_stm32f429xx.o(.text)
    I2C2_ER_IRQHandler                       0x080001db   Thumb Code     0  startup_stm32f429xx.o(.text)
    I2C2_EV_IRQHandler                       0x080001db   Thumb Code     0  startup_stm32f429xx.o(.text)
    I2C3_ER_IRQHandler                       0x080001db   Thumb Code     0  startup_stm32f429xx.o(.text)
    I2C3_EV_IRQHandler                       0x080001db   Thumb Code     0  startup_stm32f429xx.o(.text)
    LTDC_ER_IRQHandler                       0x080001db   Thumb Code     0  startup_stm32f429xx.o(.text)
    LTDC_IRQHandler                          0x080001db   Thumb Code     0  startup_stm32f429xx.o(.text)
    OTG_FS_IRQHandler                        0x080001db   Thumb Code     0  startup_stm32f429xx.o(.text)
    OTG_FS_WKUP_IRQHandler                   0x080001db   Thumb Code     0  startup_stm32f429xx.o(.text)
    OTG_HS_EP1_IN_IRQHandler                 0x080001db   Thumb Code     0  startup_stm32f429xx.o(.text)
    OTG_HS_EP1_OUT_IRQHandler                0x080001db   Thumb Code     0  startup_stm32f429xx.o(.text)
    OTG_HS_WKUP_IRQHandler                   0x080001db   Thumb Code     0  startup_stm32f429xx.o(.text)
    PVD_IRQHandler                           0x080001db   Thumb Code     0  startup_stm32f429xx.o(.text)
    RCC_IRQHandler                           0x080001db   Thumb Code     0  startup_stm32f429xx.o(.text)
    RTC_Alarm_IRQHandler                     0x080001db   Thumb Code     0  startup_stm32f429xx.o(.text)
    RTC_WKUP_IRQHandler                      0x080001db   Thumb Code     0  startup_stm32f429xx.o(.text)
    SAI1_IRQHandler                          0x080001db   Thumb Code     0  startup_stm32f429xx.o(.text)
    SDIO_IRQHandler                          0x080001db   Thumb Code     0  startup_stm32f429xx.o(.text)
    SPI1_IRQHandler                          0x080001db   Thumb Code     0  startup_stm32f429xx.o(.text)
    SPI2_IRQHandler                          0x080001db   Thumb Code     0  startup_stm32f429xx.o(.text)
    SPI3_IRQHandler                          0x080001db   Thumb Code     0  startup_stm32f429xx.o(.text)
    SPI4_IRQHandler                          0x080001db   Thumb Code     0  startup_stm32f429xx.o(.text)
    SPI5_IRQHandler                          0x080001db   Thumb Code     0  startup_stm32f429xx.o(.text)
    SPI6_IRQHandler                          0x080001db   Thumb Code     0  startup_stm32f429xx.o(.text)
    TAMP_STAMP_IRQHandler                    0x080001db   Thumb Code     0  startup_stm32f429xx.o(.text)
    TIM1_BRK_TIM9_IRQHandler                 0x080001db   Thumb Code     0  startup_stm32f429xx.o(.text)
    TIM1_CC_IRQHandler                       0x080001db   Thumb Code     0  startup_stm32f429xx.o(.text)
    TIM1_TRG_COM_TIM11_IRQHandler            0x080001db   Thumb Code     0  startup_stm32f429xx.o(.text)
    TIM1_UP_TIM10_IRQHandler                 0x080001db   Thumb Code     0  startup_stm32f429xx.o(.text)
    TIM2_IRQHandler                          0x080001db   Thumb Code     0  startup_stm32f429xx.o(.text)
    TIM3_IRQHandler                          0x080001db   Thumb Code     0  startup_stm32f429xx.o(.text)
    TIM4_IRQHandler                          0x080001db   Thumb Code     0  startup_stm32f429xx.o(.text)
    TIM5_IRQHandler                          0x080001db   Thumb Code     0  startup_stm32f429xx.o(.text)
    TIM6_DAC_IRQHandler                      0x080001db   Thumb Code     0  startup_stm32f429xx.o(.text)
    TIM7_IRQHandler                          0x080001db   Thumb Code     0  startup_stm32f429xx.o(.text)
    TIM8_BRK_TIM12_IRQHandler                0x080001db   Thumb Code     0  startup_stm32f429xx.o(.text)
    TIM8_CC_IRQHandler                       0x080001db   Thumb Code     0  startup_stm32f429xx.o(.text)
    TIM8_TRG_COM_TIM14_IRQHandler            0x080001db   Thumb Code     0  startup_stm32f429xx.o(.text)
    TIM8_UP_TIM13_IRQHandler                 0x080001db   Thumb Code     0  startup_stm32f429xx.o(.text)
    UART4_IRQHandler                         0x080001db   Thumb Code     0  startup_stm32f429xx.o(.text)
    UART5_IRQHandler                         0x080001db   Thumb Code     0  startup_stm32f429xx.o(.text)
    UART7_IRQHandler                         0x080001db   Thumb Code     0  startup_stm32f429xx.o(.text)
    UART8_IRQHandler                         0x080001db   Thumb Code     0  startup_stm32f429xx.o(.text)
    USART1_IRQHandler                        0x080001db   Thumb Code     0  startup_stm32f429xx.o(.text)
    USART2_IRQHandler                        0x080001db   Thumb Code     0  startup_stm32f429xx.o(.text)
    USART3_IRQHandler                        0x080001db   Thumb Code     0  startup_stm32f429xx.o(.text)
    USART6_IRQHandler                        0x080001db   Thumb Code     0  startup_stm32f429xx.o(.text)
    WWDG_IRQHandler                          0x080001db   Thumb Code     0  startup_stm32f429xx.o(.text)
    __aeabi_uldivmod                         0x080001e5   Thumb Code    98  uldiv.o(.text)
    __aeabi_memcpy                           0x08000247   Thumb Code    36  memcpya.o(.text)
    __aeabi_memcpy4                          0x08000247   Thumb Code     0  memcpya.o(.text)
    __aeabi_memcpy8                          0x08000247   Thumb Code     0  memcpya.o(.text)
    __aeabi_memset                           0x0800026b   Thumb Code    14  memseta.o(.text)
    __aeabi_memset4                          0x0800026b   Thumb Code     0  memseta.o(.text)
    __aeabi_memset8                          0x0800026b   Thumb Code     0  memseta.o(.text)
    __aeabi_memclr                           0x08000279   Thumb Code     4  memseta.o(.text)
    __aeabi_memclr4                          0x08000279   Thumb Code     0  memseta.o(.text)
    __aeabi_memclr8                          0x08000279   Thumb Code     0  memseta.o(.text)
    _memset$wrapper                          0x0800027d   Thumb Code    18  memseta.o(.text)
    strcat                                   0x0800028f   Thumb Code    24  strcat.o(.text)
    strlen                                   0x080002a7   Thumb Code    14  strlen.o(.text)
    __aeabi_f2d                              0x080002b5   Thumb Code    38  f2d.o(.text)
    __aeabi_uidiv                            0x080002db   Thumb Code     0  uidiv.o(.text)
    __aeabi_uidivmod                         0x080002db   Thumb Code    44  uidiv.o(.text)
    __aeabi_llsl                             0x08000307   Thumb Code    30  llshl.o(.text)
    _ll_shift_l                              0x08000307   Thumb Code     0  llshl.o(.text)
    __aeabi_llsr                             0x08000325   Thumb Code    32  llushr.o(.text)
    _ll_ushift_r                             0x08000325   Thumb Code     0  llushr.o(.text)
    __I$use$fp                               0x08000345   Thumb Code     0  iusefp.o(.text)
    __aeabi_dadd                             0x08000345   Thumb Code   322  dadd.o(.text)
    __aeabi_dsub                             0x08000487   Thumb Code     6  dadd.o(.text)
    __aeabi_drsub                            0x0800048d   Thumb Code     6  dadd.o(.text)
    __aeabi_dmul                             0x08000493   Thumb Code   228  dmul.o(.text)
    __aeabi_ddiv                             0x08000577   Thumb Code   222  ddiv.o(.text)
    __aeabi_d2ulz                            0x08000655   Thumb Code    48  dfixul.o(.text)
    __aeabi_cdrcmple                         0x08000685   Thumb Code    48  cdrcmple.o(.text)
    __scatterload                            0x080006b5   Thumb Code    28  init.o(.text)
    __scatterload_rt2                        0x080006b5   Thumb Code     0  init.o(.text)
    __aeabi_lasr                             0x080006d9   Thumb Code    36  llsshr.o(.text)
    _ll_sshift_r                             0x080006d9   Thumb Code     0  llsshr.o(.text)
    _double_round                            0x080006fd   Thumb Code    30  depilogue.o(.text)
    _double_epilogue                         0x0800071b   Thumb Code   156  depilogue.o(.text)
    BusFault_Handler                         0x080007b7   Thumb Code     2  stm32f4xx_it.o(i.BusFault_Handler)
    DebugMon_Handler                         0x08000801   Thumb Code     2  stm32f4xx_it.o(i.DebugMon_Handler)
    Error_Handler                            0x08000803   Thumb Code     2  main.o(i.Error_Handler)
    FATFS_LinkDriver                         0x08000805   Thumb Code     6  ff_gen_drv.o(i.FATFS_LinkDriver)
    FATFS_LinkDriverEx                       0x0800080d   Thumb Code    58  ff_gen_drv.o(i.FATFS_LinkDriverEx)
    HAL_Delay                                0x0800084d   Thumb Code    32  stm32f4xx_hal.o(i.HAL_Delay)
    HAL_GPIO_Init                            0x08000871   Thumb Code   414  stm32f4xx_hal_gpio.o(i.HAL_GPIO_Init)
    HAL_GPIO_ReadPin                         0x08000a45   Thumb Code    10  stm32f4xx_hal_gpio.o(i.HAL_GPIO_ReadPin)
    HAL_GPIO_WritePin                        0x08000a4f   Thumb Code    10  stm32f4xx_hal_gpio.o(i.HAL_GPIO_WritePin)
    HAL_GetTick                              0x08000a59   Thumb Code     6  stm32f4xx_hal.o(i.HAL_GetTick)
    HAL_HCD_Connect_Callback                 0x08000a65   Thumb Code     8  usbh_conf.o(i.HAL_HCD_Connect_Callback)
    HAL_HCD_Disconnect_Callback              0x08000a6d   Thumb Code     8  usbh_conf.o(i.HAL_HCD_Disconnect_Callback)
    HAL_HCD_GetCurrentFrame                  0x08000a75   Thumb Code     6  stm32f4xx_hal_hcd.o(i.HAL_HCD_GetCurrentFrame)
    HAL_HCD_GetCurrentSpeed                  0x08000a7b   Thumb Code     6  stm32f4xx_hal_hcd.o(i.HAL_HCD_GetCurrentSpeed)
    HAL_HCD_HC_GetURBState                   0x08000a81   Thumb Code    14  stm32f4xx_hal_hcd.o(i.HAL_HCD_HC_GetURBState)
    HAL_HCD_HC_GetXferCount                  0x08000a8f   Thumb Code    12  stm32f4xx_hal_hcd.o(i.HAL_HCD_HC_GetXferCount)
    HAL_HCD_HC_Halt                          0x08000a9b   Thumb Code    36  stm32f4xx_hal_hcd.o(i.HAL_HCD_HC_Halt)
    HAL_HCD_HC_Init                          0x08000abf   Thumb Code   114  stm32f4xx_hal_hcd.o(i.HAL_HCD_HC_Init)
    HAL_HCD_HC_NotifyURBChange_Callback      0x08000b31   Thumb Code     2  usbh_conf.o(i.HAL_HCD_HC_NotifyURBChange_Callback)
    HAL_HCD_HC_SubmitRequest                 0x08000b33   Thumb Code   142  stm32f4xx_hal_hcd.o(i.HAL_HCD_HC_SubmitRequest)
    HAL_HCD_IRQHandler                       0x08000bc1   Thumb Code   306  stm32f4xx_hal_hcd.o(i.HAL_HCD_IRQHandler)
    HAL_HCD_Init                             0x08000cf3   Thumb Code   114  stm32f4xx_hal_hcd.o(i.HAL_HCD_Init)
    HAL_HCD_MspInit                          0x08000d65   Thumb Code   126  usbh_conf.o(i.HAL_HCD_MspInit)
    HAL_HCD_PortDisabled_Callback            0x08000df1   Thumb Code     8  usbh_conf.o(i.HAL_HCD_PortDisabled_Callback)
    HAL_HCD_PortEnabled_Callback             0x08000df9   Thumb Code     8  usbh_conf.o(i.HAL_HCD_PortEnabled_Callback)
    HAL_HCD_ResetPort                        0x08000e01   Thumb Code     6  stm32f4xx_hal_hcd.o(i.HAL_HCD_ResetPort)
    HAL_HCD_SOF_Callback                     0x08000e07   Thumb Code     8  usbh_conf.o(i.HAL_HCD_SOF_Callback)
    HAL_HCD_Start                            0x08000e0f   Thumb Code    44  stm32f4xx_hal_hcd.o(i.HAL_HCD_Start)
    HAL_HCD_Stop                             0x08000e3b   Thumb Code    36  stm32f4xx_hal_hcd.o(i.HAL_HCD_Stop)
    HAL_IncTick                              0x08000e61   Thumb Code    12  stm32f4xx_hal.o(i.HAL_IncTick)
    HAL_Init                                 0x08000e71   Thumb Code    48  stm32f4xx_hal.o(i.HAL_Init)
    HAL_InitTick                             0x08000ea5   Thumb Code    54  stm32f4xx_hal.o(i.HAL_InitTick)
    HAL_MspInit                              0x08000ee5   Thumb Code    42  stm32f4xx_hal_msp.o(i.HAL_MspInit)
    HAL_NVIC_EnableIRQ                       0x08000f15   Thumb Code    26  stm32f4xx_hal_cortex.o(i.HAL_NVIC_EnableIRQ)
    HAL_NVIC_SetPriority                     0x08000f31   Thumb Code    60  stm32f4xx_hal_cortex.o(i.HAL_NVIC_SetPriority)
    HAL_NVIC_SetPriorityGrouping             0x08000f71   Thumb Code    26  stm32f4xx_hal_cortex.o(i.HAL_NVIC_SetPriorityGrouping)
    HAL_RCC_ClockConfig                      0x08000f95   Thumb Code   288  stm32f4xx_hal_rcc.o(i.HAL_RCC_ClockConfig)
    HAL_RCC_GetSysClockFreq                  0x080010c9   Thumb Code    88  stm32f4xx_hal_rcc.o(i.HAL_RCC_GetSysClockFreq)
    HAL_RCC_OscConfig                        0x08001129   Thumb Code   834  stm32f4xx_hal_rcc.o(i.HAL_RCC_OscConfig)
    HAL_SYSTICK_Config                       0x08001485   Thumb Code    40  stm32f4xx_hal_cortex.o(i.HAL_SYSTICK_Config)
    HardFault_Handler                        0x08001a45   Thumb Code     2  stm32f4xx_it.o(i.HardFault_Handler)
    MX_FATFS_Init                            0x08001a49   Thumb Code    18  fatfs.o(i.MX_FATFS_Init)
    MX_USB_HOST_Init                         0x08001b2d   Thumb Code    52  usb_host.o(i.MX_USB_HOST_Init)
    MX_USB_HOST_Process                      0x08001b6d   Thumb Code     6  usb_host.o(i.MX_USB_HOST_Process)
    MemManage_Handler                        0x08001b79   Thumb Code     2  stm32f4xx_it.o(i.MemManage_Handler)
    NMI_Handler                              0x08001b7b   Thumb Code     2  stm32f4xx_it.o(i.NMI_Handler)
    OTG_HS_IRQHandler                        0x08001b7d   Thumb Code     6  stm32f4xx_it.o(i.OTG_HS_IRQHandler)
    PendSV_Handler                           0x08001b89   Thumb Code     2  stm32f4xx_it.o(i.PendSV_Handler)
    SVC_Handler                              0x08001b8b   Thumb Code     2  stm32f4xx_it.o(i.SVC_Handler)
    SysTick_Handler                          0x08001b8d   Thumb Code     4  stm32f4xx_it.o(i.SysTick_Handler)
    SystemClock_Config                       0x08001b91   Thumb Code   126  main.o(i.SystemClock_Config)
    SystemInit                               0x08001c19   Thumb Code    22  system_stm32f4xx.o(i.SystemInit)
    USBH_AllocPipe                           0x08001c35   Thumb Code    52  usbh_pipes.o(i.USBH_AllocPipe)
    USBH_BulkReceiveData                     0x08001c69   Thumb Code    32  usbh_ioreq.o(i.USBH_BulkReceiveData)
    USBH_BulkSendData                        0x08001c89   Thumb Code    40  usbh_ioreq.o(i.USBH_BulkSendData)
    USBH_ClosePipe                           0x08001cb1   Thumb Code    10  usbh_pipes.o(i.USBH_ClosePipe)
    USBH_ClrFeature                          0x08001cbb   Thumb Code    30  usbh_ctlreq.o(i.USBH_ClrFeature)
    USBH_CtlReceiveData                      0x08001cd9   Thumb Code    30  usbh_ioreq.o(i.USBH_CtlReceiveData)
    USBH_CtlReq                              0x08001cf7   Thumb Code    58  usbh_ctlreq.o(i.USBH_CtlReq)
    USBH_CtlSendData                         0x08001d31   Thumb Code    40  usbh_ioreq.o(i.USBH_CtlSendData)
    USBH_CtlSendSetup                        0x08001d59   Thumb Code    30  usbh_ioreq.o(i.USBH_CtlSendSetup)
    USBH_Delay                               0x08001d77   Thumb Code     4  usbh_conf.o(i.USBH_Delay)
    USBH_FindInterface                       0x08001d7d   Thumb Code    68  usbh_core.o(i.USBH_FindInterface)
    USBH_FreePipe                            0x08001dc1   Thumb Code    24  usbh_pipes.o(i.USBH_FreePipe)
    USBH_GetDescriptor                       0x08001dd9   Thumb Code    52  usbh_ctlreq.o(i.USBH_GetDescriptor)
    USBH_GetNextDesc                         0x08001e0d   Thumb Code    14  usbh_ctlreq.o(i.USBH_GetNextDesc)
    USBH_Get_CfgDesc                         0x08001e1b   Thumb Code    44  usbh_ctlreq.o(i.USBH_Get_CfgDesc)
    USBH_Get_DevDesc                         0x08001e47   Thumb Code   144  usbh_ctlreq.o(i.USBH_Get_DevDesc)
    USBH_Get_StringDesc                      0x08001ed7   Thumb Code    72  usbh_ctlreq.o(i.USBH_Get_StringDesc)
    USBH_Get_USB_Status                      0x08001f1f   Thumb Code    24  usbh_conf.o(i.USBH_Get_USB_Status)
    USBH_Init                                0x080021b3   Thumb Code    48  usbh_core.o(i.USBH_Init)
    USBH_LL_ClosePipe                        0x080021e3   Thumb Code    18  usbh_conf.o(i.USBH_LL_ClosePipe)
    USBH_LL_Connect                          0x080021f5   Thumb Code    42  usbh_core.o(i.USBH_LL_Connect)
    USBH_LL_Disconnect                       0x0800221f   Thumb Code    56  usbh_core.o(i.USBH_LL_Disconnect)
    USBH_LL_DriverVBUS                       0x08002257   Thumb Code    12  usbh_conf.o(i.USBH_LL_DriverVBUS)
    USBH_LL_GetLastXferSize                  0x08002263   Thumb Code     8  usbh_conf.o(i.USBH_LL_GetLastXferSize)
    USBH_LL_GetSpeed                         0x0800226b   Thumb Code    34  usbh_conf.o(i.USBH_LL_GetSpeed)
    USBH_LL_GetToggle                        0x0800228d   Thumb Code    30  usbh_conf.o(i.USBH_LL_GetToggle)
    USBH_LL_GetURBState                      0x080022ab   Thumb Code     8  usbh_conf.o(i.USBH_LL_GetURBState)
    USBH_LL_IncTimer                         0x080022b3   Thumb Code    30  usbh_core.o(i.USBH_LL_IncTimer)
    USBH_LL_Init                             0x080022d1   Thumb Code    76  usbh_conf.o(i.USBH_LL_Init)
    USBH_LL_OpenPipe                         0x08002325   Thumb Code    28  usbh_conf.o(i.USBH_LL_OpenPipe)
    USBH_LL_PortDisabled                     0x08002341   Thumb Code     8  usbh_core.o(i.USBH_LL_PortDisabled)
    USBH_LL_PortEnabled                      0x08002349   Thumb Code     8  usbh_core.o(i.USBH_LL_PortEnabled)
    USBH_LL_ResetPort                        0x08002351   Thumb Code    18  usbh_conf.o(i.USBH_LL_ResetPort)
    USBH_LL_SetTimer                         0x08002363   Thumb Code     6  usbh_core.o(i.USBH_LL_SetTimer)
    USBH_LL_SetToggle                        0x08002369   Thumb Code    32  usbh_conf.o(i.USBH_LL_SetToggle)
    USBH_LL_Start                            0x08002389   Thumb Code    18  usbh_conf.o(i.USBH_LL_Start)
    USBH_LL_Stop                             0x0800239b   Thumb Code    18  usbh_conf.o(i.USBH_LL_Stop)
    USBH_LL_SubmitURB                        0x080023ad   Thumb Code    34  usbh_conf.o(i.USBH_LL_SubmitURB)
    USBH_MSC_BOT_Init                        0x080023ed   Thumb Code    26  usbh_msc_bot.o(i.USBH_MSC_BOT_Init)
    USBH_MSC_BOT_Process                     0x08002411   Thumb Code   470  usbh_msc_bot.o(i.USBH_MSC_BOT_Process)
    USBH_MSC_BOT_REQ_GetMaxLUN               0x080025ed   Thumb Code    22  usbh_msc_bot.o(i.USBH_MSC_BOT_REQ_GetMaxLUN)
    USBH_MSC_BOT_REQ_Reset                   0x08002603   Thumb Code    22  usbh_msc_bot.o(i.USBH_MSC_BOT_REQ_Reset)
    USBH_MSC_GetLUNInfo                      0x08002691   Thumb Code    46  usbh_msc.o(i.USBH_MSC_GetLUNInfo)
    USBH_MSC_Read                            0x08002b63   Thumb Code   138  usbh_msc.o(i.USBH_MSC_Read)
    USBH_MSC_SCSI_Inquiry                    0x08002bed   Thumb Code   212  usbh_msc_scsi.o(i.USBH_MSC_SCSI_Inquiry)
    USBH_MSC_SCSI_Read                       0x08002cc1   Thumb Code   128  usbh_msc_scsi.o(i.USBH_MSC_SCSI_Read)
    USBH_MSC_SCSI_ReadCapacity               0x08002d41   Thumb Code   122  usbh_msc_scsi.o(i.USBH_MSC_SCSI_ReadCapacity)
    USBH_MSC_SCSI_RequestSense               0x08002dbb   Thumb Code   146  usbh_msc_scsi.o(i.USBH_MSC_SCSI_RequestSense)
    USBH_MSC_SCSI_TestUnitReady              0x08002e4d   Thumb Code    76  usbh_msc_scsi.o(i.USBH_MSC_SCSI_TestUnitReady)
    USBH_MSC_SCSI_Write                      0x08002e99   Thumb Code   128  usbh_msc_scsi.o(i.USBH_MSC_SCSI_Write)
    USBH_MSC_UnitIsReady                     0x08002f1d   Thumb Code    38  usbh_msc.o(i.USBH_MSC_UnitIsReady)
    USBH_MSC_Write                           0x08002f43   Thumb Code   138  usbh_msc.o(i.USBH_MSC_Write)
    USBH_OpenPipe                            0x08002fcd   Thumb Code    20  usbh_pipes.o(i.USBH_OpenPipe)
    USBH_Process                             0x080030bd   Thumb Code   416  usbh_core.o(i.USBH_Process)
    USBH_RegisterClass                       0x0800325d   Thumb Code    28  usbh_core.o(i.USBH_RegisterClass)
    USBH_SelectInterface                     0x08003279   Thumb Code    22  usbh_core.o(i.USBH_SelectInterface)
    USBH_SetAddress                          0x0800328f   Thumb Code    28  usbh_ctlreq.o(i.USBH_SetAddress)
    USBH_SetCfg                              0x080032ab   Thumb Code    28  usbh_ctlreq.o(i.USBH_SetCfg)
    USBH_SetFeature                          0x080032c7   Thumb Code    28  usbh_ctlreq.o(i.USBH_SetFeature)
    USBH_Start                               0x080032e3   Thumb Code    20  usbh_core.o(i.USBH_Start)
    USBH_initialize                          0x08003319   Thumb Code     4  usbh_diskio.o(i.USBH_initialize)
    USBH_ioctl                               0x0800331d   Thumb Code    96  usbh_diskio.o(i.USBH_ioctl)
    USBH_read                                0x08003381   Thumb Code    62  usbh_diskio.o(i.USBH_read)
    USBH_status                              0x080033c5   Thumb Code    20  usbh_diskio.o(i.USBH_status)
    USBH_write                               0x080033dd   Thumb Code    70  usbh_diskio.o(i.USBH_write)
    USB_CoreInit                             0x08003429   Thumb Code   112  stm32f4xx_ll_usb.o(i.USB_CoreInit)
    USB_DisableGlobalInt                     0x080034d5   Thumb Code    12  stm32f4xx_ll_usb.o(i.USB_DisableGlobalInt)
    USB_DoPing                               0x080034e1   Thumb Code    30  stm32f4xx_ll_usb.o(i.USB_DoPing)
    USB_DriveVbus                            0x08003505   Thumb Code    44  stm32f4xx_ll_usb.o(i.USB_DriveVbus)
    USB_EnableGlobalInt                      0x08003531   Thumb Code    12  stm32f4xx_ll_usb.o(i.USB_EnableGlobalInt)
    USB_FlushRxFifo                          0x0800353d   Thumb Code    28  stm32f4xx_ll_usb.o(i.USB_FlushRxFifo)
    USB_FlushTxFifo                          0x0800355d   Thumb Code    32  stm32f4xx_ll_usb.o(i.USB_FlushTxFifo)
    USB_GetCurrentFrame                      0x08003581   Thumb Code     8  stm32f4xx_ll_usb.o(i.USB_GetCurrentFrame)
    USB_GetHostSpeed                         0x08003589   Thumb Code    14  stm32f4xx_ll_usb.o(i.USB_GetHostSpeed)
    USB_GetMode                              0x08003597   Thumb Code     8  stm32f4xx_ll_usb.o(i.USB_GetMode)
    USB_HC_Halt                              0x0800359f   Thumb Code   194  stm32f4xx_ll_usb.o(i.USB_HC_Halt)
    USB_HC_Init                              0x08003661   Thumb Code   240  stm32f4xx_ll_usb.o(i.USB_HC_Init)
    USB_HC_ReadInterrupt                     0x08003751   Thumb Code     8  stm32f4xx_ll_usb.o(i.USB_HC_ReadInterrupt)
    USB_HC_StartXfer                         0x08003759   Thumb Code   330  stm32f4xx_ll_usb.o(i.USB_HC_StartXfer)
    USB_HostInit                             0x080038a9   Thumb Code   194  stm32f4xx_ll_usb.o(i.USB_HostInit)
    USB_InitFSLSPClkSel                      0x08003981   Thumb Code    54  stm32f4xx_ll_usb.o(i.USB_InitFSLSPClkSel)
    USB_ReadInterrupts                       0x080039b7   Thumb Code     8  stm32f4xx_ll_usb.o(i.USB_ReadInterrupts)
    USB_ReadPacket                           0x080039bf   Thumb Code    28  stm32f4xx_ll_usb.o(i.USB_ReadPacket)
    USB_ResetPort                            0x080039db   Thumb Code    50  stm32f4xx_ll_usb.o(i.USB_ResetPort)
    USB_SetCurrentMode                       0x08003a0d   Thumb Code    46  stm32f4xx_ll_usb.o(i.USB_SetCurrentMode)
    USB_StopHost                             0x08003a3d   Thumb Code   126  stm32f4xx_ll_usb.o(i.USB_StopHost)
    USB_WritePacket                          0x08003abb   Thumb Code    36  stm32f4xx_ll_usb.o(i.USB_WritePacket)
    UsageFault_Handler                       0x08003adf   Thumb Code     2  stm32f4xx_it.o(i.UsageFault_Handler)
    Usb_Write_float                          0x08003ae1   Thumb Code   232  main.o(i.Usb_Write_float)
    __0snprintf                              0x08003c05   Thumb Code    44  printfa.o(i.__0snprintf)
    __1snprintf                              0x08003c05   Thumb Code     0  printfa.o(i.__0snprintf)
    __2snprintf                              0x08003c05   Thumb Code     0  printfa.o(i.__0snprintf)
    __c89snprintf                            0x08003c05   Thumb Code     0  printfa.o(i.__0snprintf)
    snprintf                                 0x08003c05   Thumb Code     0  printfa.o(i.__0snprintf)
    __0sprintf                               0x08003c35   Thumb Code    34  printfa.o(i.__0sprintf)
    __1sprintf                               0x08003c35   Thumb Code     0  printfa.o(i.__0sprintf)
    __2sprintf                               0x08003c35   Thumb Code     0  printfa.o(i.__0sprintf)
    __c89sprintf                             0x08003c35   Thumb Code     0  printfa.o(i.__0sprintf)
    sprintf                                  0x08003c35   Thumb Code     0  printfa.o(i.__0sprintf)
    __scatterload_copy                       0x08003c7d   Thumb Code    14  handlers.o(i.__scatterload_copy)
    __scatterload_null                       0x08003c8b   Thumb Code     2  handlers.o(i.__scatterload_null)
    __scatterload_zeroinit                   0x08003c8d   Thumb Code    14  handlers.o(i.__scatterload_zeroinit)
    disk_initialize                          0x08004a8d   Thumb Code    36  diskio.o(i.disk_initialize)
    disk_ioctl                               0x08004ab5   Thumb Code    24  diskio.o(i.disk_ioctl)
    disk_read                                0x08004ad1   Thumb Code    24  diskio.o(i.disk_read)
    disk_status                              0x08004aed   Thumb Code    18  diskio.o(i.disk_status)
    disk_write                               0x08004b05   Thumb Code    24  diskio.o(i.disk_write)
    f_close                                  0x08004b21   Thumb Code    40  ff.o(i.f_close)
    f_mount                                  0x08004b49   Thumb Code    84  ff.o(i.f_mount)
    f_open                                   0x08004ba1   Thumb Code   534  ff.o(i.f_open)
    f_sync                                   0x08004dbd   Thumb Code   142  ff.o(i.f_sync)
    f_write                                  0x08004e4b   Thumb Code   434  ff.o(i.f_write)
    free                                     0x08005301   Thumb Code    76  malloc.o(i.free)
    get_fattime                              0x08005439   Thumb Code     4  fatfs.o(i.get_fattime)
    main                                     0x08005541   Thumb Code   212  main.o(i.main)
    malloc                                   0x08005631   Thumb Code    92  malloc.o(i.malloc)
    USBH_Driver                              0x080059d8   Data          20  usbh_diskio.o(.constdata)
    AHBPrescTable                            0x080059ec   Data          16  system_stm32f4xx.o(.constdata)
    Region$$Table$$Base                      0x08005a9c   Number         0  anon$$obj.o(Region$$Table)
    Region$$Table$$Limit                     0x08005abc   Number         0  anon$$obj.o(Region$$Table)
    res                                      0x20000000   Data           1  main.o(.data)
    i                                        0x20000004   Data           4  main.o(.data)
    n                                        0x20000008   Data           4  main.o(.data)
    USBH_Path                                0x2000000c   Data           4  main.o(.data)
    byteswritten                             0x20000010   Data           4  main.o(.data)
    bytesread                                0x20000014   Data           4  main.o(.data)
    retUSBH                                  0x20000018   Data           1  fatfs.o(.data)
    USBHPath                                 0x20000019   Data           4  fatfs.o(.data)
    Appli_state                              0x2000001d   Data           1  usb_host.o(.data)
    uwTickFreq                               0x20000024   Data           1  stm32f4xx_hal.o(.data)
    uwTickPrio                               0x20000028   Data           4  stm32f4xx_hal.o(.data)
    uwTick                                   0x2000002c   Data           4  stm32f4xx_hal.o(.data)
    SystemCoreClock                          0x20000030   Data           4  system_stm32f4xx.o(.data)
    USBH_msc                                 0x2000003c   Data          32  usbh_msc.o(.data)
    __microlib_freelist                      0x2000005c   Data           4  mvars.o(.data)
    __microlib_freelist_initialised          0x20000060   Data           4  mvars.o(.data)
    myUsbFatFS                               0x20000064   Data        4148  main.o(.bss)
    myFile                                   0x20001098   Data        4144  main.o(.bss)
    rwtext                                   0x200020c8   Data       10000  main.o(.bss)
    data_s                                   0x200047d8   Data         800  main.o(.bss)
    data_duty                                0x20004af8   Data         800  main.o(.bss)
    data_count                               0x20004e18   Data         800  main.o(.bss)
    data0                                    0x20005138   Data          10  main.o(.bss)
    data1                                    0x20005142   Data          10  main.o(.bss)
    data2                                    0x2000514c   Data          10  main.o(.bss)
    data3                                    0x20005156   Data         100  main.o(.bss)
    hUsbHostHS                               0x200051bc   Data         972  usb_host.o(.bss)
    hhcd_USB_OTG_HS                          0x20005588   Data         708  usbh_conf.o(.bss)
    disk                                     0x2000586c   Data          12  ff_gen_drv.o(.bss)
    __heap_base                              0x20005878   Data           0  startup_stm32f429xx.o(HEAP)
    __heap_limit                             0x20005a78   Data           0  startup_stm32f429xx.o(HEAP)
    __initial_sp                             0x20005e78   Data           0  startup_stm32f429xx.o(STACK)



==============================================================================

Memory Map of the image

  Image Entry point : 0x080001ad

  Load Region LR_IROM1 (Base: 0x08000000, Size: 0x00005b20, Max: 0x00200000, ABSOLUTE)

    Execution Region ER_IROM1 (Exec base: 0x08000000, Load base: 0x08000000, Size: 0x00005abc, Max: 0x00200000, ABSOLUTE)

    Exec Addr    Load Addr    Size         Type   Attr      Idx    E Section Name        Object

    0x08000000   0x08000000   0x000001ac   Data   RO            3    RESET               startup_stm32f429xx.o
    0x080001ac   0x080001ac   0x00000000   Code   RO         3415  * .ARM.Collect$$$$00000000  mc_w.l(entry.o)
    0x080001ac   0x080001ac   0x00000004   Code   RO         3721    .ARM.Collect$$$$00000001  mc_w.l(entry2.o)
    0x080001b0   0x080001b0   0x00000004   Code   RO         3724    .ARM.Collect$$$$00000004  mc_w.l(entry5.o)
    0x080001b4   0x080001b4   0x00000000   Code   RO         3726    .ARM.Collect$$$$00000008  mc_w.l(entry7b.o)
    0x080001b4   0x080001b4   0x00000000   Code   RO         3728    .ARM.Collect$$$$0000000A  mc_w.l(entry8b.o)
    0x080001b4   0x080001b4   0x00000008   Code   RO         3729    .ARM.Collect$$$$0000000B  mc_w.l(entry9a.o)
    0x080001bc   0x080001bc   0x00000000   Code   RO         3731    .ARM.Collect$$$$0000000D  mc_w.l(entry10a.o)
    0x080001bc   0x080001bc   0x00000000   Code   RO         3733    .ARM.Collect$$$$0000000F  mc_w.l(entry11a.o)
    0x080001bc   0x080001bc   0x00000004   Code   RO         3722    .ARM.Collect$$$$00002712  mc_w.l(entry2.o)
    0x080001c0   0x080001c0   0x00000024   Code   RO            4    .text               startup_stm32f429xx.o
    0x080001e4   0x080001e4   0x00000062   Code   RO         3418    .text               mc_w.l(uldiv.o)
    0x08000246   0x08000246   0x00000024   Code   RO         3420    .text               mc_w.l(memcpya.o)
    0x0800026a   0x0800026a   0x00000024   Code   RO         3422    .text               mc_w.l(memseta.o)
    0x0800028e   0x0800028e   0x00000018   Code   RO         3424    .text               mc_w.l(strcat.o)
    0x080002a6   0x080002a6   0x0000000e   Code   RO         3426    .text               mc_w.l(strlen.o)
    0x080002b4   0x080002b4   0x00000026   Code   RO         3719    .text               mf_w.l(f2d.o)
    0x080002da   0x080002da   0x0000002c   Code   RO         3738    .text               mc_w.l(uidiv.o)
    0x08000306   0x08000306   0x0000001e   Code   RO         3740    .text               mc_w.l(llshl.o)
    0x08000324   0x08000324   0x00000020   Code   RO         3742    .text               mc_w.l(llushr.o)
    0x08000344   0x08000344   0x00000000   Code   RO         3746    .text               mc_w.l(iusefp.o)
    0x08000344   0x08000344   0x0000014e   Code   RO         3747    .text               mf_w.l(dadd.o)
    0x08000492   0x08000492   0x000000e4   Code   RO         3749    .text               mf_w.l(dmul.o)
    0x08000576   0x08000576   0x000000de   Code   RO         3751    .text               mf_w.l(ddiv.o)
    0x08000654   0x08000654   0x00000030   Code   RO         3753    .text               mf_w.l(dfixul.o)
    0x08000684   0x08000684   0x00000030   Code   RO         3755    .text               mf_w.l(cdrcmple.o)
    0x080006b4   0x080006b4   0x00000024   Code   RO         3757    .text               mc_w.l(init.o)
    0x080006d8   0x080006d8   0x00000024   Code   RO         3760    .text               mc_w.l(llsshr.o)
    0x080006fc   0x080006fc   0x000000ba   Code   RO         3763    .text               mf_w.l(depilogue.o)
    0x080007b6   0x080007b6   0x00000002   Code   RO          549    i.BusFault_Handler  stm32f4xx_it.o
    0x080007b8   0x080007b8   0x00000048   Code   RO         2884    i.DeInitStateMachine  usbh_core.o
    0x08000800   0x08000800   0x00000002   Code   RO          550    i.DebugMon_Handler  stm32f4xx_it.o
    0x08000802   0x08000802   0x00000002   Code   RO           13    i.Error_Handler     main.o
    0x08000804   0x08000804   0x00000006   Code   RO         2810    i.FATFS_LinkDriver  ff_gen_drv.o
    0x0800080a   0x0800080a   0x00000002   PAD
    0x0800080c   0x0800080c   0x00000040   Code   RO         2811    i.FATFS_LinkDriverEx  ff_gen_drv.o
    0x0800084c   0x0800084c   0x00000024   Code   RO         2118    i.HAL_Delay         stm32f4xx_hal.o
    0x08000870   0x08000870   0x000001d4   Code   RO         1574    i.HAL_GPIO_Init     stm32f4xx_hal_gpio.o
    0x08000a44   0x08000a44   0x0000000a   Code   RO         1576    i.HAL_GPIO_ReadPin  stm32f4xx_hal_gpio.o
    0x08000a4e   0x08000a4e   0x0000000a   Code   RO         1578    i.HAL_GPIO_WritePin  stm32f4xx_hal_gpio.o
    0x08000a58   0x08000a58   0x0000000c   Code   RO         2126    i.HAL_GetTick       stm32f4xx_hal.o
    0x08000a64   0x08000a64   0x00000008   Code   RO          371    i.HAL_HCD_Connect_Callback  usbh_conf.o
    0x08000a6c   0x08000a6c   0x00000008   Code   RO          372    i.HAL_HCD_Disconnect_Callback  usbh_conf.o
    0x08000a74   0x08000a74   0x00000006   Code   RO          658    i.HAL_HCD_GetCurrentFrame  stm32f4xx_hal_hcd.o
    0x08000a7a   0x08000a7a   0x00000006   Code   RO          659    i.HAL_HCD_GetCurrentSpeed  stm32f4xx_hal_hcd.o
    0x08000a80   0x08000a80   0x0000000e   Code   RO          662    i.HAL_HCD_HC_GetURBState  stm32f4xx_hal_hcd.o
    0x08000a8e   0x08000a8e   0x0000000c   Code   RO          663    i.HAL_HCD_HC_GetXferCount  stm32f4xx_hal_hcd.o
    0x08000a9a   0x08000a9a   0x00000024   Code   RO          664    i.HAL_HCD_HC_Halt   stm32f4xx_hal_hcd.o
    0x08000abe   0x08000abe   0x00000072   Code   RO          665    i.HAL_HCD_HC_Init   stm32f4xx_hal_hcd.o
    0x08000b30   0x08000b30   0x00000002   Code   RO          373    i.HAL_HCD_HC_NotifyURBChange_Callback  usbh_conf.o
    0x08000b32   0x08000b32   0x0000008e   Code   RO          667    i.HAL_HCD_HC_SubmitRequest  stm32f4xx_hal_hcd.o
    0x08000bc0   0x08000bc0   0x00000132   Code   RO          668    i.HAL_HCD_IRQHandler  stm32f4xx_hal_hcd.o
    0x08000cf2   0x08000cf2   0x00000072   Code   RO          669    i.HAL_HCD_Init      stm32f4xx_hal_hcd.o
    0x08000d64   0x08000d64   0x0000008c   Code   RO          375    i.HAL_HCD_MspInit   usbh_conf.o
    0x08000df0   0x08000df0   0x00000008   Code   RO          376    i.HAL_HCD_PortDisabled_Callback  usbh_conf.o
    0x08000df8   0x08000df8   0x00000008   Code   RO          377    i.HAL_HCD_PortEnabled_Callback  usbh_conf.o
    0x08000e00   0x08000e00   0x00000006   Code   RO          674    i.HAL_HCD_ResetPort  stm32f4xx_hal_hcd.o
    0x08000e06   0x08000e06   0x00000008   Code   RO          378    i.HAL_HCD_SOF_Callback  usbh_conf.o
    0x08000e0e   0x08000e0e   0x0000002c   Code   RO          676    i.HAL_HCD_Start     stm32f4xx_hal_hcd.o
    0x08000e3a   0x08000e3a   0x00000024   Code   RO          677    i.HAL_HCD_Stop      stm32f4xx_hal_hcd.o
    0x08000e5e   0x08000e5e   0x00000002   PAD
    0x08000e60   0x08000e60   0x00000010   Code   RO         2132    i.HAL_IncTick       stm32f4xx_hal.o
    0x08000e70   0x08000e70   0x00000034   Code   RO         2133    i.HAL_Init          stm32f4xx_hal.o
    0x08000ea4   0x08000ea4   0x00000040   Code   RO         2134    i.HAL_InitTick      stm32f4xx_hal.o
    0x08000ee4   0x08000ee4   0x00000030   Code   RO          631    i.HAL_MspInit       stm32f4xx_hal_msp.o
    0x08000f14   0x08000f14   0x0000001a   Code   RO         1981    i.HAL_NVIC_EnableIRQ  stm32f4xx_hal_cortex.o
    0x08000f2e   0x08000f2e   0x00000002   PAD
    0x08000f30   0x08000f30   0x00000040   Code   RO         1987    i.HAL_NVIC_SetPriority  stm32f4xx_hal_cortex.o
    0x08000f70   0x08000f70   0x00000024   Code   RO         1988    i.HAL_NVIC_SetPriorityGrouping  stm32f4xx_hal_cortex.o
    0x08000f94   0x08000f94   0x00000134   Code   RO         1168    i.HAL_RCC_ClockConfig  stm32f4xx_hal_rcc.o
    0x080010c8   0x080010c8   0x00000060   Code   RO         1177    i.HAL_RCC_GetSysClockFreq  stm32f4xx_hal_rcc.o
    0x08001128   0x08001128   0x0000035c   Code   RO         1180    i.HAL_RCC_OscConfig  stm32f4xx_hal_rcc.o
    0x08001484   0x08001484   0x00000028   Code   RO         1992    i.HAL_SYSTICK_Config  stm32f4xx_hal_cortex.o
    0x080014ac   0x080014ac   0x0000022c   Code   RO          678    i.HCD_HC_IN_IRQHandler  stm32f4xx_hal_hcd.o
    0x080016d8   0x080016d8   0x00000244   Code   RO          679    i.HCD_HC_OUT_IRQHandler  stm32f4xx_hal_hcd.o
    0x0800191c   0x0800191c   0x000000b8   Code   RO          680    i.HCD_Port_IRQHandler  stm32f4xx_hal_hcd.o
    0x080019d4   0x080019d4   0x00000070   Code   RO          681    i.HCD_RXQLVL_IRQHandler  stm32f4xx_hal_hcd.o
    0x08001a44   0x08001a44   0x00000002   Code   RO          551    i.HardFault_Handler  stm32f4xx_it.o
    0x08001a46   0x08001a46   0x00000002   PAD
    0x08001a48   0x08001a48   0x0000001c   Code   RO          294    i.MX_FATFS_Init     fatfs.o
    0x08001a64   0x08001a64   0x000000c8   Code   RO           14    i.MX_GPIO_Init      main.o
    0x08001b2c   0x08001b2c   0x00000040   Code   RO          332    i.MX_USB_HOST_Init  usb_host.o
    0x08001b6c   0x08001b6c   0x0000000c   Code   RO          333    i.MX_USB_HOST_Process  usb_host.o
    0x08001b78   0x08001b78   0x00000002   Code   RO          552    i.MemManage_Handler  stm32f4xx_it.o
    0x08001b7a   0x08001b7a   0x00000002   Code   RO          553    i.NMI_Handler       stm32f4xx_it.o
    0x08001b7c   0x08001b7c   0x0000000c   Code   RO          554    i.OTG_HS_IRQHandler  stm32f4xx_it.o
    0x08001b88   0x08001b88   0x00000002   Code   RO          555    i.PendSV_Handler    stm32f4xx_it.o
    0x08001b8a   0x08001b8a   0x00000002   Code   RO          556    i.SVC_Handler       stm32f4xx_it.o
    0x08001b8c   0x08001b8c   0x00000004   Code   RO          557    i.SysTick_Handler   stm32f4xx_it.o
    0x08001b90   0x08001b90   0x00000088   Code   RO           15    i.SystemClock_Config  main.o
    0x08001c18   0x08001c18   0x0000001c   Code   RO         2382    i.SystemInit        system_stm32f4xx.o
    0x08001c34   0x08001c34   0x00000034   Code   RO         3184    i.USBH_AllocPipe    usbh_pipes.o
    0x08001c68   0x08001c68   0x00000020   Code   RO         3112    i.USBH_BulkReceiveData  usbh_ioreq.o
    0x08001c88   0x08001c88   0x00000028   Code   RO         3113    i.USBH_BulkSendData  usbh_ioreq.o
    0x08001cb0   0x08001cb0   0x0000000a   Code   RO         3185    i.USBH_ClosePipe    usbh_pipes.o
    0x08001cba   0x08001cba   0x0000001e   Code   RO         3018    i.USBH_ClrFeature   usbh_ctlreq.o
    0x08001cd8   0x08001cd8   0x0000001e   Code   RO         3114    i.USBH_CtlReceiveData  usbh_ioreq.o
    0x08001cf6   0x08001cf6   0x0000003a   Code   RO         3019    i.USBH_CtlReq       usbh_ctlreq.o
    0x08001d30   0x08001d30   0x00000028   Code   RO         3115    i.USBH_CtlSendData  usbh_ioreq.o
    0x08001d58   0x08001d58   0x0000001e   Code   RO         3116    i.USBH_CtlSendSetup  usbh_ioreq.o
    0x08001d76   0x08001d76   0x00000004   Code   RO          379    i.USBH_Delay        usbh_conf.o
    0x08001d7a   0x08001d7a   0x00000002   PAD
    0x08001d7c   0x08001d7c   0x00000044   Code   RO         2886    i.USBH_FindInterface  usbh_core.o
    0x08001dc0   0x08001dc0   0x00000018   Code   RO         3186    i.USBH_FreePipe     usbh_pipes.o
    0x08001dd8   0x08001dd8   0x00000034   Code   RO         3020    i.USBH_GetDescriptor  usbh_ctlreq.o
    0x08001e0c   0x08001e0c   0x0000000e   Code   RO         3021    i.USBH_GetNextDesc  usbh_ctlreq.o
    0x08001e1a   0x08001e1a   0x0000002c   Code   RO         3022    i.USBH_Get_CfgDesc  usbh_ctlreq.o
    0x08001e46   0x08001e46   0x00000090   Code   RO         3023    i.USBH_Get_DevDesc  usbh_ctlreq.o
    0x08001ed6   0x08001ed6   0x00000048   Code   RO         3024    i.USBH_Get_StringDesc  usbh_ctlreq.o
    0x08001f1e   0x08001f1e   0x00000018   Code   RO          380    i.USBH_Get_USB_Status  usbh_conf.o
    0x08001f36   0x08001f36   0x0000018a   Code   RO         3025    i.USBH_HandleControl  usbh_ctlreq.o
    0x080020c0   0x080020c0   0x000000f2   Code   RO         2889    i.USBH_HandleEnum   usbh_core.o
    0x080021b2   0x080021b2   0x00000030   Code   RO         2890    i.USBH_Init         usbh_core.o
    0x080021e2   0x080021e2   0x00000012   Code   RO          381    i.USBH_LL_ClosePipe  usbh_conf.o
    0x080021f4   0x080021f4   0x0000002a   Code   RO         2892    i.USBH_LL_Connect   usbh_core.o
    0x0800221e   0x0800221e   0x00000038   Code   RO         2893    i.USBH_LL_Disconnect  usbh_core.o
    0x08002256   0x08002256   0x0000000c   Code   RO          383    i.USBH_LL_DriverVBUS  usbh_conf.o
    0x08002262   0x08002262   0x00000008   Code   RO          384    i.USBH_LL_GetLastXferSize  usbh_conf.o
    0x0800226a   0x0800226a   0x00000022   Code   RO          385    i.USBH_LL_GetSpeed  usbh_conf.o
    0x0800228c   0x0800228c   0x0000001e   Code   RO          386    i.USBH_LL_GetToggle  usbh_conf.o
    0x080022aa   0x080022aa   0x00000008   Code   RO          387    i.USBH_LL_GetURBState  usbh_conf.o
    0x080022b2   0x080022b2   0x0000001e   Code   RO         2894    i.USBH_LL_IncTimer  usbh_core.o
    0x080022d0   0x080022d0   0x00000054   Code   RO          388    i.USBH_LL_Init      usbh_conf.o
    0x08002324   0x08002324   0x0000001c   Code   RO          389    i.USBH_LL_OpenPipe  usbh_conf.o
    0x08002340   0x08002340   0x00000008   Code   RO         2895    i.USBH_LL_PortDisabled  usbh_core.o
    0x08002348   0x08002348   0x00000008   Code   RO         2896    i.USBH_LL_PortEnabled  usbh_core.o
    0x08002350   0x08002350   0x00000012   Code   RO          390    i.USBH_LL_ResetPort  usbh_conf.o
    0x08002362   0x08002362   0x00000006   Code   RO         2897    i.USBH_LL_SetTimer  usbh_core.o
    0x08002368   0x08002368   0x00000020   Code   RO          391    i.USBH_LL_SetToggle  usbh_conf.o
    0x08002388   0x08002388   0x00000012   Code   RO          392    i.USBH_LL_Start     usbh_conf.o
    0x0800239a   0x0800239a   0x00000012   Code   RO          393    i.USBH_LL_Stop      usbh_conf.o
    0x080023ac   0x080023ac   0x00000022   Code   RO          394    i.USBH_LL_SubmitURB  usbh_conf.o
    0x080023ce   0x080023ce   0x0000001e   Code   RO         3317    i.USBH_MSC_BOT_Abort  usbh_msc_bot.o
    0x080023ec   0x080023ec   0x00000024   Code   RO         3318    i.USBH_MSC_BOT_Init  usbh_msc_bot.o
    0x08002410   0x08002410   0x000001dc   Code   RO         3319    i.USBH_MSC_BOT_Process  usbh_msc_bot.o
    0x080025ec   0x080025ec   0x00000016   Code   RO         3320    i.USBH_MSC_BOT_REQ_GetMaxLUN  usbh_msc_bot.o
    0x08002602   0x08002602   0x00000016   Code   RO         3321    i.USBH_MSC_BOT_REQ_Reset  usbh_msc_bot.o
    0x08002618   0x08002618   0x00000078   Code   RO         3226    i.USBH_MSC_ClassRequest  usbh_msc.o
    0x08002690   0x08002690   0x0000002e   Code   RO         3227    i.USBH_MSC_GetLUNInfo  usbh_msc.o
    0x080026be   0x080026be   0x0000004a   Code   RO         3229    i.USBH_MSC_InterfaceDeInit  usbh_msc.o
    0x08002708   0x08002708   0x0000014c   Code   RO         3230    i.USBH_MSC_InterfaceInit  usbh_msc.o
    0x08002854   0x08002854   0x0000027e   Code   RO         3232    i.USBH_MSC_Process  usbh_msc.o
    0x08002ad2   0x08002ad2   0x00000002   PAD
    0x08002ad4   0x08002ad4   0x0000008e   Code   RO         3233    i.USBH_MSC_RdWrProcess  usbh_msc.o
    0x08002b62   0x08002b62   0x0000008a   Code   RO         3234    i.USBH_MSC_Read     usbh_msc.o
    0x08002bec   0x08002bec   0x000000d4   Code   RO         3364    i.USBH_MSC_SCSI_Inquiry  usbh_msc_scsi.o
    0x08002cc0   0x08002cc0   0x00000080   Code   RO         3365    i.USBH_MSC_SCSI_Read  usbh_msc_scsi.o
    0x08002d40   0x08002d40   0x0000007a   Code   RO         3366    i.USBH_MSC_SCSI_ReadCapacity  usbh_msc_scsi.o
    0x08002dba   0x08002dba   0x00000092   Code   RO         3367    i.USBH_MSC_SCSI_RequestSense  usbh_msc_scsi.o
    0x08002e4c   0x08002e4c   0x0000004c   Code   RO         3368    i.USBH_MSC_SCSI_TestUnitReady  usbh_msc_scsi.o
    0x08002e98   0x08002e98   0x00000080   Code   RO         3369    i.USBH_MSC_SCSI_Write  usbh_msc_scsi.o
    0x08002f18   0x08002f18   0x00000004   Code   RO         3235    i.USBH_MSC_SOFProcess  usbh_msc.o
    0x08002f1c   0x08002f1c   0x00000026   Code   RO         3236    i.USBH_MSC_UnitIsReady  usbh_msc.o
    0x08002f42   0x08002f42   0x0000008a   Code   RO         3237    i.USBH_MSC_Write    usbh_msc.o
    0x08002fcc   0x08002fcc   0x00000014   Code   RO         3187    i.USBH_OpenPipe     usbh_pipes.o
    0x08002fe0   0x08002fe0   0x000000dc   Code   RO         3026    i.USBH_ParseCfgDesc  usbh_ctlreq.o
    0x080030bc   0x080030bc   0x000001a0   Code   RO         2898    i.USBH_Process      usbh_core.o
    0x0800325c   0x0800325c   0x0000001c   Code   RO         2900    i.USBH_RegisterClass  usbh_core.o
    0x08003278   0x08003278   0x00000016   Code   RO         2901    i.USBH_SelectInterface  usbh_core.o
    0x0800328e   0x0800328e   0x0000001c   Code   RO         3027    i.USBH_SetAddress   usbh_ctlreq.o
    0x080032aa   0x080032aa   0x0000001c   Code   RO         3028    i.USBH_SetCfg       usbh_ctlreq.o
    0x080032c6   0x080032c6   0x0000001c   Code   RO         3029    i.USBH_SetFeature   usbh_ctlreq.o
    0x080032e2   0x080032e2   0x00000014   Code   RO         2902    i.USBH_Start        usbh_core.o
    0x080032f6   0x080032f6   0x00000002   PAD
    0x080032f8   0x080032f8   0x00000020   Code   RO          334    i.USBH_UserProcess  usb_host.o
    0x08003318   0x08003318   0x00000004   Code   RO          235    i.USBH_initialize   usbh_diskio.o
    0x0800331c   0x0800331c   0x00000064   Code   RO          236    i.USBH_ioctl        usbh_diskio.o
    0x08003380   0x08003380   0x00000044   Code   RO          237    i.USBH_read         usbh_diskio.o
    0x080033c4   0x080033c4   0x00000018   Code   RO          238    i.USBH_status       usbh_diskio.o
    0x080033dc   0x080033dc   0x0000004c   Code   RO          239    i.USBH_write        usbh_diskio.o
    0x08003428   0x08003428   0x00000074   Code   RO          836    i.USB_CoreInit      stm32f4xx_ll_usb.o
    0x0800349c   0x0800349c   0x00000038   Code   RO          837    i.USB_CoreReset     stm32f4xx_ll_usb.o
    0x080034d4   0x080034d4   0x0000000c   Code   RO          844    i.USB_DisableGlobalInt  stm32f4xx_ll_usb.o
    0x080034e0   0x080034e0   0x00000024   Code   RO          845    i.USB_DoPing        stm32f4xx_ll_usb.o
    0x08003504   0x08003504   0x0000002c   Code   RO          846    i.USB_DriveVbus     stm32f4xx_ll_usb.o
    0x08003530   0x08003530   0x0000000c   Code   RO          852    i.USB_EnableGlobalInt  stm32f4xx_ll_usb.o
    0x0800353c   0x0800353c   0x00000020   Code   RO          853    i.USB_FlushRxFifo   stm32f4xx_ll_usb.o
    0x0800355c   0x0800355c   0x00000024   Code   RO          854    i.USB_FlushTxFifo   stm32f4xx_ll_usb.o
    0x08003580   0x08003580   0x00000008   Code   RO          855    i.USB_GetCurrentFrame  stm32f4xx_ll_usb.o
    0x08003588   0x08003588   0x0000000e   Code   RO          857    i.USB_GetHostSpeed  stm32f4xx_ll_usb.o
    0x08003596   0x08003596   0x00000008   Code   RO          858    i.USB_GetMode       stm32f4xx_ll_usb.o
    0x0800359e   0x0800359e   0x000000c2   Code   RO          859    i.USB_HC_Halt       stm32f4xx_ll_usb.o
    0x08003660   0x08003660   0x000000f0   Code   RO          860    i.USB_HC_Init       stm32f4xx_ll_usb.o
    0x08003750   0x08003750   0x00000008   Code   RO          861    i.USB_HC_ReadInterrupt  stm32f4xx_ll_usb.o
    0x08003758   0x08003758   0x00000150   Code   RO          862    i.USB_HC_StartXfer  stm32f4xx_ll_usb.o
    0x080038a8   0x080038a8   0x000000d8   Code   RO          863    i.USB_HostInit      stm32f4xx_ll_usb.o
    0x08003980   0x08003980   0x00000036   Code   RO          864    i.USB_InitFSLSPClkSel  stm32f4xx_ll_usb.o
    0x080039b6   0x080039b6   0x00000008   Code   RO          869    i.USB_ReadInterrupts  stm32f4xx_ll_usb.o
    0x080039be   0x080039be   0x0000001c   Code   RO          870    i.USB_ReadPacket    stm32f4xx_ll_usb.o
    0x080039da   0x080039da   0x00000032   Code   RO          871    i.USB_ResetPort     stm32f4xx_ll_usb.o
    0x08003a0c   0x08003a0c   0x0000002e   Code   RO          872    i.USB_SetCurrentMode  stm32f4xx_ll_usb.o
    0x08003a3a   0x08003a3a   0x00000002   PAD
    0x08003a3c   0x08003a3c   0x0000007e   Code   RO          877    i.USB_StopHost      stm32f4xx_ll_usb.o
    0x08003aba   0x08003aba   0x00000024   Code   RO          878    i.USB_WritePacket   stm32f4xx_ll_usb.o
    0x08003ade   0x08003ade   0x00000002   Code   RO          558    i.UsageFault_Handler  stm32f4xx_it.o
    0x08003ae0   0x08003ae0   0x00000124   Code   RO           17    i.Usb_Write_float   main.o
    0x08003c04   0x08003c04   0x00000030   Code   RO         3664    i.__0snprintf       mc_w.l(printfa.o)
    0x08003c34   0x08003c34   0x00000028   Code   RO         3665    i.__0sprintf        mc_w.l(printfa.o)
    0x08003c5c   0x08003c5c   0x00000020   Code   RO         1994    i.__NVIC_SetPriority  stm32f4xx_hal_cortex.o
    0x08003c7c   0x08003c7c   0x0000000e   Code   RO         3767    i.__scatterload_copy  mc_w.l(handlers.o)
    0x08003c8a   0x08003c8a   0x00000002   Code   RO         3768    i.__scatterload_null  mc_w.l(handlers.o)
    0x08003c8c   0x08003c8c   0x0000000e   Code   RO         3769    i.__scatterload_zeroinit  mc_w.l(handlers.o)
    0x08003c9a   0x08003c9a   0x00000002   PAD
    0x08003c9c   0x08003c9c   0x00000184   Code   RO         3670    i._fp_digits        mc_w.l(printfa.o)
    0x08003e20   0x08003e20   0x000006dc   Code   RO         3671    i._printf_core      mc_w.l(printfa.o)
    0x080044fc   0x080044fc   0x00000024   Code   RO         3672    i._printf_post_padding  mc_w.l(printfa.o)
    0x08004520   0x08004520   0x0000002e   Code   RO         3673    i._printf_pre_padding  mc_w.l(printfa.o)
    0x0800454e   0x0800454e   0x00000016   Code   RO         3674    i._snputc           mc_w.l(printfa.o)
    0x08004564   0x08004564   0x0000000a   Code   RO         3675    i._sputc            mc_w.l(printfa.o)
    0x0800456e   0x0800456e   0x00000002   PAD
    0x08004570   0x08004570   0x00000070   Code   RO         2474    i.check_fs          ff.o
    0x080045e0   0x080045e0   0x0000005c   Code   RO         2475    i.chk_lock          ff.o
    0x0800463c   0x0800463c   0x00000020   Code   RO         2476    i.clear_lock        ff.o
    0x0800465c   0x0800465c   0x00000026   Code   RO         2477    i.clmt_clust        ff.o
    0x08004682   0x08004682   0x00000018   Code   RO         2478    i.clust2sect        ff.o
    0x0800469a   0x0800469a   0x000000a4   Code   RO         2479    i.create_chain      ff.o
    0x0800473e   0x0800473e   0x00000002   PAD
    0x08004740   0x08004740   0x000000bc   Code   RO         2480    i.create_name       ff.o
    0x080047fc   0x080047fc   0x00000034   Code   RO         2481    i.dec_lock          ff.o
    0x08004830   0x08004830   0x00000064   Code   RO         2482    i.dir_find          ff.o
    0x08004894   0x08004894   0x00000102   Code   RO         2483    i.dir_next          ff.o
    0x08004996   0x08004996   0x00000066   Code   RO         2485    i.dir_register      ff.o
    0x080049fc   0x080049fc   0x0000008e   Code   RO         2487    i.dir_sdi           ff.o
    0x08004a8a   0x08004a8a   0x00000002   PAD
    0x08004a8c   0x08004a8c   0x00000028   Code   RO         2419    i.disk_initialize   diskio.o
    0x08004ab4   0x08004ab4   0x0000001c   Code   RO         2420    i.disk_ioctl        diskio.o
    0x08004ad0   0x08004ad0   0x0000001c   Code   RO         2421    i.disk_read         diskio.o
    0x08004aec   0x08004aec   0x00000018   Code   RO         2422    i.disk_status       diskio.o
    0x08004b04   0x08004b04   0x0000001c   Code   RO         2423    i.disk_write        diskio.o
    0x08004b20   0x08004b20   0x00000028   Code   RO         2488    i.f_close           ff.o
    0x08004b48   0x08004b48   0x00000058   Code   RO         2495    i.f_mount           ff.o
    0x08004ba0   0x08004ba0   0x0000021c   Code   RO         2496    i.f_open            ff.o
    0x08004dbc   0x08004dbc   0x0000008e   Code   RO         2505    i.f_sync            ff.o
    0x08004e4a   0x08004e4a   0x000001b2   Code   RO         2508    i.f_write           ff.o
    0x08004ffc   0x08004ffc   0x00000288   Code   RO         2509    i.find_volume       ff.o
    0x08005284   0x08005284   0x0000007a   Code   RO         2510    i.follow_path       ff.o
    0x080052fe   0x080052fe   0x00000002   PAD
    0x08005300   0x08005300   0x00000050   Code   RO         3691    i.free              mc_w.l(malloc.o)
    0x08005350   0x08005350   0x000000e8   Code   RO         2511    i.get_fat           ff.o
    0x08005438   0x08005438   0x00000004   Code   RO          295    i.get_fattime       fatfs.o
    0x0800543c   0x0800543c   0x0000003c   Code   RO         2513    i.get_ldnumber      ff.o
    0x08005478   0x08005478   0x00000080   Code   RO         2514    i.inc_lock          ff.o
    0x080054f8   0x080054f8   0x00000026   Code   RO         2515    i.ld_clust          ff.o
    0x0800551e   0x0800551e   0x00000016   Code   RO         2516    i.ld_dword          ff.o
    0x08005534   0x08005534   0x0000000a   Code   RO         2517    i.ld_word           ff.o
    0x0800553e   0x0800553e   0x00000002   PAD
    0x08005540   0x08005540   0x000000f0   Code   RO           18    i.main              main.o
    0x08005630   0x08005630   0x0000006c   Code   RO         3692    i.malloc            mc_w.l(malloc.o)
    0x0800569c   0x0800569c   0x00000012   Code   RO         2518    i.mem_cpy           ff.o
    0x080056ae   0x080056ae   0x00000002   PAD
    0x080056b0   0x080056b0   0x0000000e   Code   RO         2519    i.mem_set           ff.o
    0x080056be   0x080056be   0x00000032   Code   RO         2520    i.move_window       ff.o
    0x080056f0   0x080056f0   0x00000124   Code   RO         2521    i.put_fat           ff.o
    0x08005814   0x08005814   0x00000074   Code   RO         2524    i.remove_chain      ff.o
    0x08005888   0x08005888   0x00000028   Code   RO         2525    i.st_clust          ff.o
    0x080058b0   0x080058b0   0x00000010   Code   RO         2526    i.st_dword          ff.o
    0x080058c0   0x080058c0   0x00000008   Code   RO         2527    i.st_word           ff.o
    0x080058c8   0x080058c8   0x00000088   Code   RO         2528    i.sync_fs           ff.o
    0x08005950   0x08005950   0x00000052   Code   RO         2529    i.sync_window       ff.o
    0x080059a2   0x080059a2   0x00000034   Code   RO         2530    i.validate          ff.o
    0x080059d6   0x080059d6   0x00000002   PAD
    0x080059d8   0x080059d8   0x00000014   Data   RO          240    .constdata          usbh_diskio.o
    0x080059ec   0x080059ec   0x00000010   Data   RO         2383    .constdata          system_stm32f4xx.o
    0x080059fc   0x080059fc   0x0000009c   Data   RO         2532    .constdata          ff.o
    0x08005a98   0x08005a98   0x00000004   Data   RO         3238    .conststring        usbh_msc.o
    0x08005a9c   0x08005a9c   0x00000020   Data   RO         3765    Region$$Table       anon$$obj.o


    Execution Region RW_IRAM1 (Exec base: 0x20000000, Load base: 0x08005abc, Size: 0x00005e78, Max: 0x00030000, ABSOLUTE)

    Exec Addr    Load Addr    Size         Type   Attr      Idx    E Section Name        Object

    0x20000000   0x08005abc   0x00000018   Data   RW           22    .data               main.o
    0x20000018   0x08005ad4   0x00000005   Data   RW          298    .data               fatfs.o
    0x2000001d   0x08005ad9   0x00000001   Data   RW          336    .data               usb_host.o
    0x2000001e   0x08005ada   0x00000002   PAD
    0x20000020   0x08005adc   0x00000004   Data   RW          879    .data               stm32f4xx_ll_usb.o
    0x20000024   0x08005ae0   0x0000000c   Data   RW         2140    .data               stm32f4xx_hal.o
    0x20000030   0x08005aec   0x00000004   Data   RW         2385    .data               system_stm32f4xx.o
    0x20000034   0x08005af0   0x00000008   Data   RW         2533    .data               ff.o
    0x2000003c   0x08005af8   0x00000020   Data   RW         3239    .data               usbh_msc.o
    0x2000005c   0x08005b18   0x00000004   Data   RW         3744    .data               mc_w.l(mvars.o)
    0x20000060   0x08005b1c   0x00000004   Data   RW         3745    .data               mc_w.l(mvars.o)
    0x20000064        -       0x00005156   Zero   RW           19    .bss                main.o
    0x200051ba   0x08005b20   0x00000002   PAD
    0x200051bc        -       0x000003cc   Zero   RW          335    .bss                usb_host.o
    0x20005588        -       0x000002c4   Zero   RW          395    .bss                usbh_conf.o
    0x2000584c        -       0x00000020   Zero   RW         2531    .bss                ff.o
    0x2000586c        -       0x0000000c   Zero   RW         2814    .bss                ff_gen_drv.o
    0x20005878        -       0x00000200   Zero   RW            2    HEAP                startup_stm32f429xx.o
    0x20005a78        -       0x00000400   Zero   RW            1    STACK               startup_stm32f429xx.o


==============================================================================

Image component sizes


      Code (inc. data)   RO Data    RW Data    ZI Data      Debug   Object Name

       148         22          0          0          0       3669   diskio.o
        32         10          0          5          0       1436   fatfs.o
      4632         80        156          8         32      37561   ff.o
        70          6          0          0         12       1599   ff_gen_drv.o
       870        114          0         24      20822     722064   main.o
        36          8        428          0       1536        824   startup_stm32f429xx.o
       180         28          0         12          0       9465   stm32f4xx_hal.o
       198         14          0          0          0      33879   stm32f4xx_hal_cortex.o
       488         54          0          0          0       3023   stm32f4xx_hal_gpio.o
      2268          4          0          0          0      13497   stm32f4xx_hal_hcd.o
        48          6          0          0          0        806   stm32f4xx_hal_msp.o
      1264         54          0          0          0       3990   stm32f4xx_hal_rcc.o
        32          6          0          0          0       4434   stm32f4xx_it.o
      1716         52          0          4          0      17909   stm32f4xx_ll_usb.o
        28          6         16          4          0       1095   system_stm32f4xx.o
       108         22          0          1        972       2066   usb_host.o
       552         22          0          0        708      13049   usbh_conf.o
      1066         20          0          0          0      10816   usbh_core.o
      1112         12          0          0          0      10446   usbh_ctlreq.o
       272         20         20          0          0       4001   usbh_diskio.o
       172          0          0          0          0       4280   usbh_ioreq.o
      1670         10          4         32          0      10625   usbh_msc.o
       586         28          0          0          0       4745   usbh_msc_bot.o
       812          0          0          0          0       6223   usbh_msc_scsi.o
       106          0          0          0          0       3310   usbh_pipes.o

    ----------------------------------------------------------------------
     18494        598        656         92      24084     924812   Object Totals
         0          0         32          0          0          0   (incl. Generated)
        28          0          0          2          2          0   (incl. Padding)

    ----------------------------------------------------------------------

      Code (inc. data)   RO Data    RW Data    ZI Data      Debug   Library Member Name

         0          0          0          0          0          0   entry.o
         0          0          0          0          0          0   entry10a.o
         0          0          0          0          0          0   entry11a.o
         8          4          0          0          0          0   entry2.o
         4          0          0          0          0          0   entry5.o
         0          0          0          0          0          0   entry7b.o
         0          0          0          0          0          0   entry8b.o
         8          4          0          0          0          0   entry9a.o
        30          0          0          0          0          0   handlers.o
        36          8          0          0          0         68   init.o
         0          0          0          0          0          0   iusefp.o
        30          0          0          0          0         68   llshl.o
        36          0          0          0          0         68   llsshr.o
        32          0          0          0          0         68   llushr.o
       188         20          0          0          0        160   malloc.o
        36          0          0          0          0         68   memcpya.o
        36          0          0          0          0        108   memseta.o
         0          0          0          8          0          0   mvars.o
      2346         90          0          0          0        672   printfa.o
        24          0          0          0          0         68   strcat.o
        14          0          0          0          0         68   strlen.o
        44          0          0          0          0         80   uidiv.o
        98          0          0          0          0         92   uldiv.o
        48          0          0          0          0         68   cdrcmple.o
       334          0          0          0          0        148   dadd.o
       222          0          0          0          0        100   ddiv.o
       186          0          0          0          0        176   depilogue.o
        48          0          0          0          0         68   dfixul.o
       228          0          0          0          0         96   dmul.o
        38          0          0          0          0         68   f2d.o

    ----------------------------------------------------------------------
      4078        126          0          8          0       2312   Library Totals
         4          0          0          0          0          0   (incl. Padding)

    ----------------------------------------------------------------------

      Code (inc. data)   RO Data    RW Data    ZI Data      Debug   Library Name

      2970        126          0          8          0       1588   mc_w.l
      1104          0          0          0          0        724   mf_w.l

    ----------------------------------------------------------------------
      4078        126          0          8          0       2312   Library Totals

    ----------------------------------------------------------------------

==============================================================================


      Code (inc. data)   RO Data    RW Data    ZI Data      Debug   

     22572        724        656        100      24084     906680   Grand Totals
     22572        724        656        100      24084     906680   ELF Image Totals
     22572        724        656        100          0          0   ROM Totals

==============================================================================

    Total RO  Size (Code + RO Data)                23228 (  22.68kB)
    Total RW  Size (RW Data + ZI Data)             24184 (  23.62kB)
    Total ROM Size (Code + RO Data + RW Data)      23328 (  22.78kB)

==============================================================================

